2026-09-19 19:48:49,908 | INFO | Scored 500 announcements in ADANIENT.NS.parquet.
2026-09-19 19:49:08,208 | INFO | Scored 462 announcements in ADANIPORTS.NS.parquet.
2026-09-19 19:49:20,675 | INFO | Scored 343 announcements in APOLLOHOSP.NS.parquet.
2026-09-19 19:50:07,929 | INFO | Scored 472 announcements in ASIANPAINT.NS.parquet.
2026-09-19 19:50:29,117 | INFO | Scored 742 announcements in AXISBANK.NS.parquet.
2026-09-19 19:50:45,259 | INFO | Scored 410 announcements in BAJAJ-AUTO.NS.parquet.
2026-09-19 19:50:54,449 | INFO | Scored 273 announcements in BAJAJFINSV.NS.parquet.
2026-09-19 19:51:13,233 | INFO | Scored 403 announcements in BAJFINANCE.NS.parquet.
2026-09-19 19:51:22,219 | INFO | Scored 268 announcements in BEL.NS.parquet.
2026-09-19 19:52:10,333 | INFO | Scored 948 announcements in BHARTIARTL.NS.parquet.
2026-09-19 19:52:27,617 | INFO | Scored 425 announcements in CIPLA.NS.parquet.
2026-09-19 19:52:51,318 | INFO | Scored 457 announcements in COALINDIA.NS.parquet.
2026-09-19 19:53:15,081 | INFO | Scored 544 announcements in DRREDDY.NS.parquet.
2026-09-19 19:53:36,666 | INFO | Scored 493 announcements in EICHERMOT.NS.parquet.
2026-09-19 19:53:49,856 | INFO | Scored 270 announcements in ETERNAL.NS.parquet.
2026-09-19 19:54:16,602 | INFO | Scored 722 announcements in GRASIM.NS.parquet.
2026-09-19 19:54:38,606 | INFO | Scored 605 announcements in HCLTECH.NS.parquet.
2026-09-19 19:54:57,754 | INFO | Scored 575 announcements in HDFCBANK.NS.parquet.
2026-09-19 19:55:07,083 | INFO | Scored 334 announcements in HDFCLIFE.NS.parquet.
2026-09-19 19:55:21,805 | INFO | Scored 537 announcements in HINDALCO.NS.parquet.
2026-09-19 19:55:35,937 | INFO | Scored 465 announcements in HINDUNILVR.NS.parquet.
2026-09-19 19:56:42,997 | INFO | Scored 1199 announcements in ICICIBANK.NS.parquet.
2026-09-19 19:56:54,723 | INFO | Scored 349 announcements in INDIGO.NS.parquet.
2026-09-19 19:57:19,857 | INFO | Scored 786 announcements in INFY.NS.parquet.
2026-09-19 19:57:32,137 | INFO | Scored 411 announcements in ITC.NS.parquet.
2026-09-19 19:57:46,275 | INFO | Scored 272 announcements in JIOFIN.NS.parquet.
2026-09-19 19:58:03,120 | INFO | Scored 453 announcements in JSWSTEEL.NS.parquet.
2026-09-19 19:58:38,455 | INFO | Scored 534 announcements in KOTAKBANK.NS.parquet.
2026-09-19 19:58:58,513 | INFO | Scored 583 announcements in LT.NS.parquet.
2026-09-19 19:59:16,416 | INFO | Scored 490 announcements in MARUTI.NS.parquet.
2026-09-19 19:59:31,354 | INFO | Scored 370 announcements in MAXHEALTH.NS.parquet.
2026-09-19 19:59:52,674 | INFO | Scored 371 announcements in NESTLEIND.NS.parquet.
2026-09-19 20:00:22,904 | INFO | Scored 490 announcements in NTPC.NS.parquet.
2026-09-19 20:00:45,371 | INFO | Scored 409 announcements in ONGC.NS.parquet.
2026-09-19 20:01:05,058 | INFO | Scored 483 announcements in POWERGRID.NS.parquet.
2026-09-19 20:02:25,764 | INFO | Scored 811 announcements in RELIANCE.NS.parquet.
2026-09-19 20:02:38,504 | INFO | Scored 313 announcements in SBILIFE.NS.parquet.
2026-09-19 20:03:00,169 | INFO | Scored 748 announcements in SBIN.NS.parquet.
2026-09-19 20:03:59,770 | INFO | Scored 1266 announcements in SHRIRAMFIN.NS.parquet.
2026-09-19 20:04:16,915 | INFO | Scored 428 announcements in SUNPHARMA.NS.parquet.
2026-09-19 20:04:35,676 | INFO | Scored 470 announcements in TATACONSUM.NS.parquet.
2026-09-19 20:05:07,200 | INFO | Scored 867 announcements in TATASTEEL.NS.parquet.
2026-09-19 20:05:31,828 | INFO | Scored 609 announcements in TCS.NS.parquet.
2026-09-19 20:05:47,043 | INFO | Scored 399 announcements in TECHM.NS.parquet.
2026-09-19 20:06:03,765 | INFO | Scored 471 announcements in TITAN.NS.parquet.
2026-09-19 20:06:30,669 | INFO | Scored 699 announcements in TMPV.NS.parquet.
2026-09-19 20:06:59,977 | INFO | Scored 445 announcements in TRENT.NS.parquet.
2026-09-19 20:07:20,833 | INFO | Scored 680 announcements in ULTRACEMCO.NS.parquet.
2026-09-19 20:08:08,551 | INFO | Scored 671 announcements in WIPRO.NS.parquet.
2026-09-19 20:08:08,558 | INFO | Announcement scoring complete: {'scored': 26325, 'skipped': 66635, 'symbols': 49}.
