2026-09-19 11:30:39,916 | INFO | Announcements for RELIANCE.NS: 3301 records.
2026-09-19 11:30:43,563 | INFO | Announcements for BHARTIARTL.NS: 2575 records.
2026-09-19 11:30:48,038 | INFO | Announcements for HDFCBANK.NS: 2326 records.
2026-09-19 11:30:53,216 | INFO | Announcements for ICICIBANK.NS: 5068 records.
2026-09-19 11:30:57,629 | INFO | Announcements for SBIN.NS: 2730 records.
2026-09-19 11:31:02,399 | INFO | Announcements for TCS.NS: 3333 records.
2026-09-19 11:31:06,726 | INFO | Announcements for BAJFINANCE.NS: 1295 records.
2026-09-19 11:31:11,350 | INFO | Announcements for LT.NS: 2585 records.
2026-09-19 11:31:15,728 | INFO | Announcements for HINDUNILVR.NS: 1709 records.
2026-09-19 11:31:19,997 | INFO | Announcements for TITAN.NS: 1467 records.
2026-09-19 11:31:24,295 | INFO | Announcements for SUNPHARMA.NS: 1785 records.
2026-09-19 11:31:29,158 | INFO | Announcements for INFY.NS: 2894 records.
2026-09-19 11:31:33,656 | INFO | Announcements for KOTAKBANK.NS: 2283 records.
2026-09-19 11:31:37,883 | INFO | Announcements for ADANIENT.NS: 1511 records.
2026-09-19 11:31:42,086 | INFO | Announcements for ADANIPORTS.NS: 1461 records.
2026-09-19 11:31:46,488 | INFO | Announcements for MARUTI.NS: 1990 records.
2026-09-19 11:31:51,210 | INFO | Announcements for AXISBANK.NS: 3074 records.
2026-09-19 11:31:54,482 | INFO | Announcements for M&M.NS: 0 records.
2026-09-19 11:31:59,209 | INFO | Announcements for HCLTECH.NS: 2670 records.
2026-09-19 11:32:03,392 | INFO | Announcements for ITC.NS: 1707 records.
2026-09-19 11:32:07,717 | INFO | Announcements for ULTRACEMCO.NS: 1967 records.
2026-09-19 11:32:11,933 | INFO | Announcements for NTPC.NS: 1939 records.
2026-09-19 11:32:15,959 | INFO | Announcements for BAJAJ-AUTO.NS: 1182 records.
2026-09-19 11:32:20,030 | INFO | Announcements for ETERNAL.NS: 443 records.
2026-09-19 11:32:24,608 | INFO | Announcements for JSWSTEEL.NS: 2050 records.
2026-09-19 11:32:28,614 | INFO | Announcements for BAJAJFINSV.NS: 851 records.
2026-09-19 11:32:32,799 | INFO | Announcements for BEL.NS: 1035 records.
2026-09-19 11:32:37,063 | INFO | Announcements for ONGC.NS: 1442 records.
2026-09-19 11:32:41,442 | INFO | Announcements for COALINDIA.NS: 1405 records.
2026-09-19 11:32:45,751 | INFO | Announcements for POWERGRID.NS: 1440 records.
2026-09-19 11:32:50,571 | INFO | Announcements for SHRIRAMFIN.NS: 3909 records.
2026-09-19 11:32:54,896 | INFO | Announcements for ASIANPAINT.NS: 1724 records.
2026-09-19 11:32:59,550 | INFO | Announcements for TATASTEEL.NS: 3010 records.
2026-09-19 11:33:03,880 | INFO | Announcements for GRASIM.NS: 1930 records.
2026-09-19 11:33:08,032 | INFO | Announcements for HINDALCO.NS: 1749 records.
2026-09-19 11:33:12,340 | INFO | Announcements for EICHERMOT.NS: 1934 records.
2026-09-19 11:33:16,537 | INFO | Announcements for INDIGO.NS: 790 records.
2026-09-19 11:33:20,576 | INFO | Announcements for SBILIFE.NS: 797 records.
2026-09-19 11:33:25,197 | INFO | Announcements for WIPRO.NS: 3173 records.
2026-09-19 11:33:29,152 | INFO | Announcements for JIOFIN.NS: 274 records.
2026-09-19 11:33:33,629 | INFO | Announcements for TECHM.NS: 1678 records.
2026-09-19 11:33:37,728 | INFO | Announcements for TRENT.NS: 1220 records.
2026-09-19 11:33:41,887 | INFO | Announcements for APOLLOHOSP.NS: 1183 records.
2026-09-19 11:33:45,914 | INFO | Announcements for HDFCLIFE.NS: 774 records.
2026-09-19 11:33:50,766 | INFO | Announcements for TMPV.NS: 2781 records.
2026-09-19 11:33:55,128 | INFO | Announcements for CIPLA.NS: 1763 records.
2026-09-19 11:33:59,335 | INFO | Announcements for MAXHEALTH.NS: 743 records.
2026-09-19 11:34:03,721 | INFO | Announcements for TATACONSUM.NS: 1636 records.
2026-09-19 11:34:08,270 | INFO | Announcements for DRREDDY.NS: 1990 records.
2026-09-19 11:34:12,486 | INFO | Announcements for NESTLEIND.NS: 384 records.
2026-09-19 11:34:12,487 | INFO | Announcement fetch complete.
