2026-09-15 10:40:53,631 | INFO | Updated cross-sectional features for ^NSEI
2026-09-15 10:40:53,658 | INFO | ========== COMPLETE cross-sectional ==========
2026-09-15 10:40:53,659 | INFO | ========== START labels ==========
2026-09-15 21:19:01,946 | INFO | Computed 13 cross-sectional rank families over 50 symbols.
2026-09-15 21:19:02,367 | INFO | Updated cross-sectional features for ADANIENT.NS
2026-09-15 21:19:02,418 | INFO | Updated cross-sectional features for ADANIPORTS.NS
2026-09-15 21:19:02,461 | INFO | Updated cross-sectional features for APOLLOHOSP.NS
2026-09-15 21:19:02,504 | INFO | Updated cross-sectional features for ASIANPAINT.NS
2026-09-15 21:19:02,544 | INFO | Updated cross-sectional features for AXISBANK.NS
2026-09-15 21:19:02,585 | INFO | Updated cross-sectional features for BAJAJ-AUTO.NS
2026-09-15 21:19:02,624 | INFO | Updated cross-sectional features for BAJAJFINSV.NS
2026-09-15 21:19:02,663 | INFO | Updated cross-sectional features for BAJFINANCE.NS
2026-09-15 21:19:02,701 | INFO | Updated cross-sectional features for BEL.NS
2026-09-15 21:19:02,741 | INFO | Updated cross-sectional features for BHARTIARTL.NS
2026-09-15 21:19:02,778 | INFO | Updated cross-sectional features for CIPLA.NS
2026-09-15 21:19:02,816 | INFO | Updated cross-sectional features for COALINDIA.NS
2026-09-15 21:19:02,854 | INFO | Updated cross-sectional features for DRREDDY.NS
2026-09-15 21:19:02,892 | INFO | Updated cross-sectional features for EICHERMOT.NS
2026-09-15 21:19:02,912 | INFO | Updated cross-sectional features for ETERNAL.NS
2026-09-15 21:19:02,948 | INFO | Updated cross-sectional features for GRASIM.NS
2026-09-15 21:19:02,986 | INFO | Updated cross-sectional features for HCLTECH.NS
2026-09-15 21:19:03,024 | INFO | Updated cross-sectional features for HDFCBANK.NS
2026-09-15 21:19:03,051 | INFO | Updated cross-sectional features for HDFCLIFE.NS
2026-09-15 21:19:03,089 | INFO | Updated cross-sectional features for HINDALCO.NS
2026-09-15 21:19:03,126 | INFO | Updated cross-sectional features for HINDUNILVR.NS
2026-09-15 21:19:03,167 | INFO | Updated cross-sectional features for ICICIBANK.NS
2026-09-15 21:19:03,198 | INFO | Updated cross-sectional features for INDIGO.NS
2026-09-15 21:19:03,237 | INFO | Updated cross-sectional features for INFY.NS
2026-09-15 21:19:03,275 | INFO | Updated cross-sectional features for ITC.NS
2026-09-15 21:19:03,292 | INFO | Updated cross-sectional features for JIOFIN.NS
2026-09-15 21:19:03,329 | INFO | Updated cross-sectional features for JSWSTEEL.NS
2026-09-15 21:19:03,367 | INFO | Updated cross-sectional features for KOTAKBANK.NS
2026-09-15 21:19:03,405 | INFO | Updated cross-sectional features for LT.NS
2026-09-15 21:19:03,442 | INFO | Updated cross-sectional features for M&M.NS
2026-09-15 21:19:03,479 | INFO | Updated cross-sectional features for MARUTI.NS
2026-09-15 21:19:03,502 | INFO | Updated cross-sectional features for MAXHEALTH.NS
2026-09-15 21:19:03,538 | INFO | Updated cross-sectional features for NESTLEIND.NS
2026-09-15 21:19:03,576 | INFO | Updated cross-sectional features for NTPC.NS
2026-09-15 21:19:03,613 | INFO | Updated cross-sectional features for ONGC.NS
2026-09-15 21:19:03,651 | INFO | Updated cross-sectional features for POWERGRID.NS
2026-09-15 21:19:03,691 | INFO | Updated cross-sectional features for RELIANCE.NS
2026-09-15 21:19:03,721 | INFO | Updated cross-sectional features for SBILIFE.NS
2026-09-15 21:19:03,758 | INFO | Updated cross-sectional features for SBIN.NS
2026-09-15 21:19:03,796 | INFO | Updated cross-sectional features for SHRIRAMFIN.NS
2026-09-15 21:19:03,834 | INFO | Updated cross-sectional features for SUNPHARMA.NS
2026-09-15 21:19:03,873 | INFO | Updated cross-sectional features for TATACONSUM.NS
2026-09-15 21:19:03,909 | INFO | Updated cross-sectional features for TATASTEEL.NS
2026-09-15 21:19:03,951 | INFO | Updated cross-sectional features for TCS.NS
2026-09-15 21:19:03,996 | INFO | Updated cross-sectional features for TECHM.NS
2026-09-15 21:19:04,037 | INFO | Updated cross-sectional features for TITAN.NS
2026-09-15 21:19:04,074 | INFO | Updated cross-sectional features for TMPV.NS
2026-09-15 21:19:04,111 | INFO | Updated cross-sectional features for TRENT.NS
2026-09-15 21:19:04,149 | INFO | Updated cross-sectional features for ULTRACEMCO.NS
2026-09-15 21:19:04,188 | INFO | Updated cross-sectional features for WIPRO.NS
2026-09-18 19:06:31,697 | INFO | Computed 13 cross-sectional rank families over 50 symbols.
2026-09-18 19:06:33,487 | INFO | F-11 group/sector features added (8 new cols; sector buckets=15 group buckets=8).
2026-09-18 19:06:34,139 | INFO | Updated cross-sectional features for ADANIENT.NS
2026-09-18 19:06:34,240 | INFO | Updated cross-sectional features for ADANIPORTS.NS
2026-09-18 19:06:34,332 | INFO | Updated cross-sectional features for APOLLOHOSP.NS
2026-09-18 19:06:34,418 | INFO | Updated cross-sectional features for ASIANPAINT.NS
2026-09-18 19:06:34,508 | INFO | Updated cross-sectional features for AXISBANK.NS
2026-09-18 19:06:34,607 | INFO | Updated cross-sectional features for BAJAJ-AUTO.NS
2026-09-18 19:06:34,704 | INFO | Updated cross-sectional features for BAJAJFINSV.NS
2026-09-18 19:06:34,800 | INFO | Updated cross-sectional features for BAJFINANCE.NS
2026-09-18 19:06:34,892 | INFO | Updated cross-sectional features for BEL.NS
2026-09-18 19:06:34,980 | INFO | Updated cross-sectional features for BHARTIARTL.NS
2026-09-18 19:06:35,065 | INFO | Updated cross-sectional features for CIPLA.NS
2026-09-18 19:06:35,161 | INFO | Updated cross-sectional features for COALINDIA.NS
2026-09-18 19:06:35,239 | INFO | Updated cross-sectional features for DRREDDY.NS
2026-09-18 19:06:35,329 | INFO | Updated cross-sectional features for EICHERMOT.NS
2026-09-18 19:06:35,380 | INFO | Updated cross-sectional features for ETERNAL.NS
2026-09-18 19:06:35,463 | INFO | Updated cross-sectional features for GRASIM.NS
2026-09-18 19:06:35,544 | INFO | Updated cross-sectional features for HCLTECH.NS
2026-09-18 19:06:35,631 | INFO | Updated cross-sectional features for HDFCBANK.NS
2026-09-18 19:06:35,704 | INFO | Updated cross-sectional features for HDFCLIFE.NS
2026-09-18 19:06:35,793 | INFO | Updated cross-sectional features for HINDALCO.NS
2026-09-18 19:06:35,880 | INFO | Updated cross-sectional features for HINDUNILVR.NS
2026-09-18 19:06:35,964 | INFO | Updated cross-sectional features for ICICIBANK.NS
2026-09-18 19:06:36,040 | INFO | Updated cross-sectional features for INDIGO.NS
2026-09-18 19:06:36,129 | INFO | Updated cross-sectional features for INFY.NS
2026-09-18 19:06:36,220 | INFO | Updated cross-sectional features for ITC.NS
2026-09-18 19:06:36,264 | INFO | Updated cross-sectional features for JIOFIN.NS
2026-09-18 19:06:36,352 | INFO | Updated cross-sectional features for JSWSTEEL.NS
2026-09-18 19:06:36,437 | INFO | Updated cross-sectional features for KOTAKBANK.NS
2026-09-18 19:06:36,523 | INFO | Updated cross-sectional features for LT.NS
2026-09-18 19:06:36,620 | INFO | Updated cross-sectional features for M&M.NS
2026-09-18 19:06:36,710 | INFO | Updated cross-sectional features for MARUTI.NS
2026-09-18 19:06:36,762 | INFO | Updated cross-sectional features for MAXHEALTH.NS
2026-09-18 19:06:36,842 | INFO | Updated cross-sectional features for NESTLEIND.NS
2026-09-18 19:06:36,927 | INFO | Updated cross-sectional features for NTPC.NS
2026-09-18 19:06:37,014 | INFO | Updated cross-sectional features for ONGC.NS
2026-09-18 19:06:37,097 | INFO | Updated cross-sectional features for POWERGRID.NS
2026-09-18 19:06:37,172 | INFO | Updated cross-sectional features for RELIANCE.NS
2026-09-18 19:06:37,239 | INFO | Updated cross-sectional features for SBILIFE.NS
2026-09-18 19:06:37,320 | INFO | Updated cross-sectional features for SBIN.NS
2026-09-18 19:06:37,406 | INFO | Updated cross-sectional features for SHRIRAMFIN.NS
2026-09-18 19:06:37,490 | INFO | Updated cross-sectional features for SUNPHARMA.NS
2026-09-18 19:06:37,580 | INFO | Updated cross-sectional features for TATACONSUM.NS
2026-09-18 19:06:37,675 | INFO | Updated cross-sectional features for TATASTEEL.NS
2026-09-18 19:06:37,764 | INFO | Updated cross-sectional features for TCS.NS
2026-09-18 19:06:37,853 | INFO | Updated cross-sectional features for TECHM.NS
2026-09-18 19:06:37,943 | INFO | Updated cross-sectional features for TITAN.NS
2026-09-18 19:06:38,037 | INFO | Updated cross-sectional features for TMPV.NS
2026-09-18 19:06:38,123 | INFO | Updated cross-sectional features for TRENT.NS
2026-09-18 19:06:38,206 | INFO | Updated cross-sectional features for ULTRACEMCO.NS
2026-09-18 19:06:38,294 | INFO | Updated cross-sectional features for WIPRO.NS
2026-09-19 10:21:03,264 | INFO | Computed 13 cross-sectional rank families over 50 symbols.
2026-09-19 10:21:04,929 | INFO | F-11 group/sector features added (0 new cols; sector buckets=15 group buckets=8).
2026-09-19 10:21:05,491 | INFO | Updated cross-sectional features for ADANIENT.NS
2026-09-19 10:21:05,562 | INFO | Updated cross-sectional features for ADANIPORTS.NS
2026-09-19 10:21:05,634 | INFO | Updated cross-sectional features for APOLLOHOSP.NS
2026-09-19 10:21:05,703 | INFO | Updated cross-sectional features for ASIANPAINT.NS
2026-09-19 10:21:05,786 | INFO | Updated cross-sectional features for AXISBANK.NS
2026-09-19 10:21:05,868 | INFO | Updated cross-sectional features for BAJAJ-AUTO.NS
2026-09-19 10:21:05,921 | INFO | Updated cross-sectional features for BAJAJFINSV.NS
2026-09-19 10:21:05,997 | INFO | Updated cross-sectional features for BAJFINANCE.NS
2026-09-19 10:21:06,086 | INFO | Updated cross-sectional features for BEL.NS
2026-09-19 10:21:06,168 | INFO | Updated cross-sectional features for BHARTIARTL.NS
2026-09-19 10:21:06,249 | INFO | Updated cross-sectional features for CIPLA.NS
2026-09-19 10:21:06,330 | INFO | Updated cross-sectional features for COALINDIA.NS
2026-09-19 10:21:06,394 | INFO | Updated cross-sectional features for DRREDDY.NS
2026-09-19 10:21:06,455 | INFO | Updated cross-sectional features for EICHERMOT.NS
2026-09-19 10:21:06,497 | INFO | Updated cross-sectional features for ETERNAL.NS
2026-09-19 10:21:06,574 | INFO | Updated cross-sectional features for GRASIM.NS
2026-09-19 10:21:06,645 | INFO | Updated cross-sectional features for HCLTECH.NS
2026-09-19 10:21:06,723 | INFO | Updated cross-sectional features for HDFCBANK.NS
2026-09-19 10:21:06,770 | INFO | Updated cross-sectional features for HDFCLIFE.NS
2026-09-19 10:21:06,840 | INFO | Updated cross-sectional features for HINDALCO.NS
2026-09-19 10:21:06,917 | INFO | Updated cross-sectional features for HINDUNILVR.NS
2026-09-19 10:21:06,990 | INFO | Updated cross-sectional features for ICICIBANK.NS
2026-09-19 10:21:07,049 | INFO | Updated cross-sectional features for INDIGO.NS
2026-09-19 10:21:07,120 | INFO | Updated cross-sectional features for INFY.NS
2026-09-19 10:21:07,195 | INFO | Updated cross-sectional features for ITC.NS
2026-09-19 10:21:07,235 | INFO | Updated cross-sectional features for JIOFIN.NS
2026-09-19 10:21:07,296 | INFO | Updated cross-sectional features for JSWSTEEL.NS
2026-09-19 10:21:07,353 | INFO | Updated cross-sectional features for KOTAKBANK.NS
2026-09-19 10:21:07,420 | INFO | Updated cross-sectional features for LT.NS
2026-09-19 10:21:07,488 | INFO | Updated cross-sectional features for M&M.NS
2026-09-19 10:21:07,555 | INFO | Updated cross-sectional features for MARUTI.NS
2026-09-19 10:21:07,588 | INFO | Updated cross-sectional features for MAXHEALTH.NS
2026-09-19 10:21:07,657 | INFO | Updated cross-sectional features for NESTLEIND.NS
2026-09-19 10:21:07,744 | INFO | Updated cross-sectional features for NTPC.NS
2026-09-19 10:21:07,813 | INFO | Updated cross-sectional features for ONGC.NS
2026-09-19 10:21:07,878 | INFO | Updated cross-sectional features for POWERGRID.NS
2026-09-19 10:21:07,957 | INFO | Updated cross-sectional features for RELIANCE.NS
2026-09-19 10:21:08,013 | INFO | Updated cross-sectional features for SBILIFE.NS
2026-09-19 10:21:08,087 | INFO | Updated cross-sectional features for SBIN.NS
2026-09-19 10:21:08,158 | INFO | Updated cross-sectional features for SHRIRAMFIN.NS
2026-09-19 10:21:08,232 | INFO | Updated cross-sectional features for SUNPHARMA.NS
2026-09-19 10:21:08,309 | INFO | Updated cross-sectional features for TATACONSUM.NS
2026-09-19 10:21:08,390 | INFO | Updated cross-sectional features for TATASTEEL.NS
2026-09-19 10:21:08,472 | INFO | Updated cross-sectional features for TCS.NS
2026-09-19 10:21:08,545 | INFO | Updated cross-sectional features for TECHM.NS
2026-09-19 10:21:08,622 | INFO | Updated cross-sectional features for TITAN.NS
2026-09-19 10:21:08,691 | INFO | Updated cross-sectional features for TMPV.NS
2026-09-19 10:21:08,761 | INFO | Updated cross-sectional features for TRENT.NS
2026-09-19 10:21:08,834 | INFO | Updated cross-sectional features for ULTRACEMCO.NS
2026-09-19 10:21:08,915 | INFO | Updated cross-sectional features for WIPRO.NS
2026-09-19 10:25:33,403 | INFO | Computed 13 cross-sectional rank families over 50 symbols.
2026-09-19 10:25:35,141 | INFO | F-11 group/sector features added (8 new cols; sector buckets=15 group buckets=8).
2026-09-19 10:25:35,682 | INFO | Updated cross-sectional features for ADANIENT.NS
2026-09-19 10:25:35,761 | INFO | Updated cross-sectional features for ADANIPORTS.NS
2026-09-19 10:25:35,840 | INFO | Updated cross-sectional features for APOLLOHOSP.NS
2026-09-19 10:25:35,926 | INFO | Updated cross-sectional features for ASIANPAINT.NS
2026-09-19 10:25:36,012 | INFO | Updated cross-sectional features for AXISBANK.NS
2026-09-19 10:25:36,076 | INFO | Updated cross-sectional features for BAJAJ-AUTO.NS
2026-09-19 10:25:36,145 | INFO | Updated cross-sectional features for BAJAJFINSV.NS
2026-09-19 10:25:36,212 | INFO | Updated cross-sectional features for BAJFINANCE.NS
2026-09-19 10:25:36,286 | INFO | Updated cross-sectional features for BEL.NS
2026-09-19 10:25:36,362 | INFO | Updated cross-sectional features for BHARTIARTL.NS
2026-09-19 10:25:36,429 | INFO | Updated cross-sectional features for CIPLA.NS
2026-09-19 10:25:36,507 | INFO | Updated cross-sectional features for COALINDIA.NS
2026-09-19 10:25:36,578 | INFO | Updated cross-sectional features for DRREDDY.NS
2026-09-19 10:25:36,656 | INFO | Updated cross-sectional features for EICHERMOT.NS
2026-09-19 10:25:36,697 | INFO | Updated cross-sectional features for ETERNAL.NS
2026-09-19 10:25:36,772 | INFO | Updated cross-sectional features for GRASIM.NS
2026-09-19 10:25:36,851 | INFO | Updated cross-sectional features for HCLTECH.NS
2026-09-19 10:25:36,927 | INFO | Updated cross-sectional features for HDFCBANK.NS
2026-09-19 10:25:36,989 | INFO | Updated cross-sectional features for HDFCLIFE.NS
2026-09-19 10:25:37,063 | INFO | Updated cross-sectional features for HINDALCO.NS
2026-09-19 10:25:37,141 | INFO | Updated cross-sectional features for HINDUNILVR.NS
2026-09-19 10:25:37,217 | INFO | Updated cross-sectional features for ICICIBANK.NS
2026-09-19 10:25:37,274 | INFO | Updated cross-sectional features for INDIGO.NS
2026-09-19 10:25:37,344 | INFO | Updated cross-sectional features for INFY.NS
2026-09-19 10:25:37,407 | INFO | Updated cross-sectional features for ITC.NS
2026-09-19 10:25:37,435 | INFO | Updated cross-sectional features for JIOFIN.NS
2026-09-19 10:25:37,509 | INFO | Updated cross-sectional features for JSWSTEEL.NS
2026-09-19 10:25:37,586 | INFO | Updated cross-sectional features for KOTAKBANK.NS
2026-09-19 10:25:37,657 | INFO | Updated cross-sectional features for LT.NS
2026-09-19 10:25:37,721 | INFO | Updated cross-sectional features for M&M.NS
2026-09-19 10:25:37,798 | INFO | Updated cross-sectional features for MARUTI.NS
2026-09-19 10:25:37,841 | INFO | Updated cross-sectional features for MAXHEALTH.NS
2026-09-19 10:25:37,901 | INFO | Updated cross-sectional features for NESTLEIND.NS
2026-09-19 10:25:37,972 | INFO | Updated cross-sectional features for NTPC.NS
2026-09-19 10:25:38,047 | INFO | Updated cross-sectional features for ONGC.NS
2026-09-19 10:25:38,116 | INFO | Updated cross-sectional features for POWERGRID.NS
2026-09-19 10:25:38,195 | INFO | Updated cross-sectional features for RELIANCE.NS
2026-09-19 10:25:38,251 | INFO | Updated cross-sectional features for SBILIFE.NS
2026-09-19 10:25:38,332 | INFO | Updated cross-sectional features for SBIN.NS
2026-09-19 10:25:38,407 | INFO | Updated cross-sectional features for SHRIRAMFIN.NS
2026-09-19 10:25:38,479 | INFO | Updated cross-sectional features for SUNPHARMA.NS
2026-09-19 10:25:38,546 | INFO | Updated cross-sectional features for TATACONSUM.NS
2026-09-19 10:25:38,626 | INFO | Updated cross-sectional features for TATASTEEL.NS
2026-09-19 10:25:38,700 | INFO | Updated cross-sectional features for TCS.NS
2026-09-19 10:25:38,769 | INFO | Updated cross-sectional features for TECHM.NS
2026-09-19 10:25:38,838 | INFO | Updated cross-sectional features for TITAN.NS
2026-09-19 10:25:38,915 | INFO | Updated cross-sectional features for TMPV.NS
2026-09-19 10:25:38,987 | INFO | Updated cross-sectional features for TRENT.NS
2026-09-19 10:25:39,070 | INFO | Updated cross-sectional features for ULTRACEMCO.NS
2026-09-19 10:25:39,149 | INFO | Updated cross-sectional features for WIPRO.NS
2026-09-19 10:41:26,612 | INFO | Computed 13 cross-sectional rank families over 50 symbols.
2026-09-19 10:41:28,473 | INFO | F-11 group/sector features added (8 new cols; sector buckets=15 group buckets=8).
2026-09-19 10:41:29,093 | INFO | Updated cross-sectional features for ADANIENT.NS
2026-09-19 10:41:29,175 | INFO | Updated cross-sectional features for ADANIPORTS.NS
2026-09-19 10:41:29,238 | INFO | Updated cross-sectional features for APOLLOHOSP.NS
2026-09-19 10:41:29,299 | INFO | Updated cross-sectional features for ASIANPAINT.NS
2026-09-19 10:41:29,384 | INFO | Updated cross-sectional features for AXISBANK.NS
2026-09-19 10:41:29,447 | INFO | Updated cross-sectional features for BAJAJ-AUTO.NS
2026-09-19 10:41:29,526 | INFO | Updated cross-sectional features for BAJAJFINSV.NS
2026-09-19 10:41:29,604 | INFO | Updated cross-sectional features for BAJFINANCE.NS
2026-09-19 10:41:29,678 | INFO | Updated cross-sectional features for BEL.NS
2026-09-19 10:41:29,739 | INFO | Updated cross-sectional features for BHARTIARTL.NS
2026-09-19 10:41:29,804 | INFO | Updated cross-sectional features for CIPLA.NS
2026-09-19 10:41:29,881 | INFO | Updated cross-sectional features for COALINDIA.NS
2026-09-19 10:41:29,957 | INFO | Updated cross-sectional features for DRREDDY.NS
2026-09-19 10:41:30,035 | INFO | Updated cross-sectional features for EICHERMOT.NS
2026-09-19 10:41:30,074 | INFO | Updated cross-sectional features for ETERNAL.NS
2026-09-19 10:41:30,149 | INFO | Updated cross-sectional features for GRASIM.NS
2026-09-19 10:41:30,214 | INFO | Updated cross-sectional features for HCLTECH.NS
2026-09-19 10:41:30,287 | INFO | Updated cross-sectional features for HDFCBANK.NS
2026-09-19 10:41:30,351 | INFO | Updated cross-sectional features for HDFCLIFE.NS
2026-09-19 10:41:30,431 | INFO | Updated cross-sectional features for HINDALCO.NS
2026-09-19 10:41:30,504 | INFO | Updated cross-sectional features for HINDUNILVR.NS
2026-09-19 10:41:30,582 | INFO | Updated cross-sectional features for ICICIBANK.NS
2026-09-19 10:41:30,639 | INFO | Updated cross-sectional features for INDIGO.NS
2026-09-19 10:41:30,715 | INFO | Updated cross-sectional features for INFY.NS
2026-09-19 10:41:30,784 | INFO | Updated cross-sectional features for ITC.NS
2026-09-19 10:41:30,822 | INFO | Updated cross-sectional features for JIOFIN.NS
2026-09-19 10:41:30,894 | INFO | Updated cross-sectional features for JSWSTEEL.NS
2026-09-19 10:41:30,971 | INFO | Updated cross-sectional features for KOTAKBANK.NS
2026-09-19 10:41:31,049 | INFO | Updated cross-sectional features for LT.NS
2026-09-19 10:41:31,131 | INFO | Updated cross-sectional features for M&M.NS
2026-09-19 10:41:31,203 | INFO | Updated cross-sectional features for MARUTI.NS
2026-09-19 10:41:31,237 | INFO | Updated cross-sectional features for MAXHEALTH.NS
2026-09-19 10:41:31,314 | INFO | Updated cross-sectional features for NESTLEIND.NS
2026-09-19 10:41:31,381 | INFO | Updated cross-sectional features for NTPC.NS
2026-09-19 10:41:31,458 | INFO | Updated cross-sectional features for ONGC.NS
2026-09-19 10:41:31,526 | INFO | Updated cross-sectional features for POWERGRID.NS
2026-09-19 10:41:31,604 | INFO | Updated cross-sectional features for RELIANCE.NS
2026-09-19 10:41:31,658 | INFO | Updated cross-sectional features for SBILIFE.NS
2026-09-19 10:41:31,720 | INFO | Updated cross-sectional features for SBIN.NS
2026-09-19 10:41:31,798 | INFO | Updated cross-sectional features for SHRIRAMFIN.NS
2026-09-19 10:41:31,862 | INFO | Updated cross-sectional features for SUNPHARMA.NS
2026-09-19 10:41:31,931 | INFO | Updated cross-sectional features for TATACONSUM.NS
2026-09-19 10:41:32,015 | INFO | Updated cross-sectional features for TATASTEEL.NS
2026-09-19 10:41:32,090 | INFO | Updated cross-sectional features for TCS.NS
2026-09-19 10:41:32,165 | INFO | Updated cross-sectional features for TECHM.NS
2026-09-19 10:41:32,242 | INFO | Updated cross-sectional features for TITAN.NS
2026-09-19 10:41:32,308 | INFO | Updated cross-sectional features for TMPV.NS
2026-09-19 10:41:32,379 | INFO | Updated cross-sectional features for TRENT.NS
2026-09-19 10:41:32,460 | INFO | Updated cross-sectional features for ULTRACEMCO.NS
2026-09-19 10:41:32,528 | INFO | Updated cross-sectional features for WIPRO.NS
2026-09-19 11:18:13,810 | INFO | Computed 13 cross-sectional rank families over 50 symbols.
2026-09-19 11:18:15,482 | INFO | F-11 group/sector features added (8 new cols; sector buckets=15 group buckets=8).
2026-09-19 11:18:16,092 | INFO | Updated cross-sectional features for ADANIENT.NS
2026-09-19 11:18:16,154 | INFO | Updated cross-sectional features for ADANIPORTS.NS
2026-09-19 11:18:16,221 | INFO | Updated cross-sectional features for APOLLOHOSP.NS
2026-09-19 11:18:16,308 | INFO | Updated cross-sectional features for ASIANPAINT.NS
2026-09-19 11:18:16,375 | INFO | Updated cross-sectional features for AXISBANK.NS
2026-09-19 11:18:16,460 | INFO | Updated cross-sectional features for BAJAJ-AUTO.NS
2026-09-19 11:18:16,541 | INFO | Updated cross-sectional features for BAJAJFINSV.NS
2026-09-19 11:18:16,624 | INFO | Updated cross-sectional features for BAJFINANCE.NS
2026-09-19 11:18:16,695 | INFO | Updated cross-sectional features for BEL.NS
2026-09-19 11:18:16,780 | INFO | Updated cross-sectional features for BHARTIARTL.NS
2026-09-19 11:18:16,849 | INFO | Updated cross-sectional features for CIPLA.NS
2026-09-19 11:18:16,910 | INFO | Updated cross-sectional features for COALINDIA.NS
2026-09-19 11:18:16,973 | INFO | Updated cross-sectional features for DRREDDY.NS
2026-09-19 11:18:17,038 | INFO | Updated cross-sectional features for EICHERMOT.NS
2026-09-19 11:18:17,088 | INFO | Updated cross-sectional features for ETERNAL.NS
2026-09-19 11:18:17,173 | INFO | Updated cross-sectional features for GRASIM.NS
2026-09-19 11:18:17,255 | INFO | Updated cross-sectional features for HCLTECH.NS
2026-09-19 11:18:17,343 | INFO | Updated cross-sectional features for HDFCBANK.NS
2026-09-19 11:18:17,406 | INFO | Updated cross-sectional features for HDFCLIFE.NS
2026-09-19 11:18:17,488 | INFO | Updated cross-sectional features for HINDALCO.NS
2026-09-19 11:18:17,563 | INFO | Updated cross-sectional features for HINDUNILVR.NS
2026-09-19 11:18:17,633 | INFO | Updated cross-sectional features for ICICIBANK.NS
2026-09-19 11:18:17,694 | INFO | Updated cross-sectional features for INDIGO.NS
2026-09-19 11:18:17,766 | INFO | Updated cross-sectional features for INFY.NS
2026-09-19 11:18:17,837 | INFO | Updated cross-sectional features for ITC.NS
2026-09-19 11:18:17,870 | INFO | Updated cross-sectional features for JIOFIN.NS
2026-09-19 11:18:17,947 | INFO | Updated cross-sectional features for JSWSTEEL.NS
2026-09-19 11:18:18,005 | INFO | Updated cross-sectional features for KOTAKBANK.NS
2026-09-19 11:18:18,075 | INFO | Updated cross-sectional features for LT.NS
2026-09-19 11:18:18,152 | INFO | Updated cross-sectional features for M&M.NS
2026-09-19 11:18:18,227 | INFO | Updated cross-sectional features for MARUTI.NS
2026-09-19 11:18:18,277 | INFO | Updated cross-sectional features for MAXHEALTH.NS
2026-09-19 11:18:18,356 | INFO | Updated cross-sectional features for NESTLEIND.NS
2026-09-19 11:18:18,438 | INFO | Updated cross-sectional features for NTPC.NS
2026-09-19 11:18:18,516 | INFO | Updated cross-sectional features for ONGC.NS
2026-09-19 11:18:18,597 | INFO | Updated cross-sectional features for POWERGRID.NS
2026-09-19 11:18:18,670 | INFO | Updated cross-sectional features for RELIANCE.NS
2026-09-19 11:18:18,733 | INFO | Updated cross-sectional features for SBILIFE.NS
2026-09-19 11:18:18,802 | INFO | Updated cross-sectional features for SBIN.NS
2026-09-19 11:18:18,879 | INFO | Updated cross-sectional features for SHRIRAMFIN.NS
2026-09-19 11:18:18,963 | INFO | Updated cross-sectional features for SUNPHARMA.NS
2026-09-19 11:18:19,040 | INFO | Updated cross-sectional features for TATACONSUM.NS
2026-09-19 11:18:19,114 | INFO | Updated cross-sectional features for TATASTEEL.NS
2026-09-19 11:18:19,192 | INFO | Updated cross-sectional features for TCS.NS
2026-09-19 11:18:19,265 | INFO | Updated cross-sectional features for TECHM.NS
2026-09-19 11:18:19,344 | INFO | Updated cross-sectional features for TITAN.NS
2026-09-19 11:18:19,429 | INFO | Updated cross-sectional features for TMPV.NS
2026-09-19 11:18:19,505 | INFO | Updated cross-sectional features for TRENT.NS
2026-09-19 11:18:19,572 | INFO | Updated cross-sectional features for ULTRACEMCO.NS
2026-09-19 11:18:19,655 | INFO | Updated cross-sectional features for WIPRO.NS
2026-09-19 12:19:06,949 | INFO | Computed 13 cross-sectional rank families over 50 symbols.
2026-09-19 12:19:08,677 | INFO | F-11 group/sector features added (8 new cols; sector buckets=15 group buckets=8).
2026-09-19 12:19:09,333 | INFO | Updated cross-sectional features for ADANIENT.NS
2026-09-19 12:19:09,408 | INFO | Updated cross-sectional features for ADANIPORTS.NS
2026-09-19 12:19:09,489 | INFO | Updated cross-sectional features for APOLLOHOSP.NS
2026-09-19 12:19:09,566 | INFO | Updated cross-sectional features for ASIANPAINT.NS
2026-09-19 12:19:09,646 | INFO | Updated cross-sectional features for AXISBANK.NS
2026-09-19 12:19:09,722 | INFO | Updated cross-sectional features for BAJAJ-AUTO.NS
2026-09-19 12:19:09,790 | INFO | Updated cross-sectional features for BAJAJFINSV.NS
2026-09-19 12:19:09,862 | INFO | Updated cross-sectional features for BAJFINANCE.NS
2026-09-19 12:19:09,938 | INFO | Updated cross-sectional features for BEL.NS
2026-09-19 12:19:10,016 | INFO | Updated cross-sectional features for BHARTIARTL.NS
2026-09-19 12:19:10,089 | INFO | Updated cross-sectional features for CIPLA.NS
2026-09-19 12:19:10,159 | INFO | Updated cross-sectional features for COALINDIA.NS
2026-09-19 12:19:10,242 | INFO | Updated cross-sectional features for DRREDDY.NS
2026-09-19 12:19:10,313 | INFO | Updated cross-sectional features for EICHERMOT.NS
2026-09-19 12:19:10,354 | INFO | Updated cross-sectional features for ETERNAL.NS
2026-09-19 12:19:10,424 | INFO | Updated cross-sectional features for GRASIM.NS
2026-09-19 12:19:10,493 | INFO | Updated cross-sectional features for HCLTECH.NS
2026-09-19 12:19:10,559 | INFO | Updated cross-sectional features for HDFCBANK.NS
2026-09-19 12:19:10,625 | INFO | Updated cross-sectional features for HDFCLIFE.NS
2026-09-19 12:19:10,749 | INFO | Updated cross-sectional features for HINDALCO.NS
2026-09-19 12:19:10,830 | INFO | Updated cross-sectional features for HINDUNILVR.NS
2026-09-19 12:19:10,898 | INFO | Updated cross-sectional features for ICICIBANK.NS
2026-09-19 12:19:10,958 | INFO | Updated cross-sectional features for INDIGO.NS
2026-09-19 12:19:11,028 | INFO | Updated cross-sectional features for INFY.NS
2026-09-19 12:19:11,096 | INFO | Updated cross-sectional features for ITC.NS
2026-09-19 12:19:11,134 | INFO | Updated cross-sectional features for JIOFIN.NS
2026-09-19 12:19:11,198 | INFO | Updated cross-sectional features for JSWSTEEL.NS
2026-09-19 12:19:11,266 | INFO | Updated cross-sectional features for KOTAKBANK.NS
2026-09-19 12:19:11,342 | INFO | Updated cross-sectional features for LT.NS
2026-09-19 12:19:11,418 | INFO | Updated cross-sectional features for M&M.NS
2026-09-19 12:19:11,490 | INFO | Updated cross-sectional features for MARUTI.NS
2026-09-19 12:19:11,531 | INFO | Updated cross-sectional features for MAXHEALTH.NS
2026-09-19 12:19:11,613 | INFO | Updated cross-sectional features for NESTLEIND.NS
2026-09-19 12:19:11,690 | INFO | Updated cross-sectional features for NTPC.NS
2026-09-19 12:19:11,764 | INFO | Updated cross-sectional features for ONGC.NS
2026-09-19 12:19:11,851 | INFO | Updated cross-sectional features for POWERGRID.NS
2026-09-19 12:19:11,930 | INFO | Updated cross-sectional features for RELIANCE.NS
2026-09-19 12:19:11,983 | INFO | Updated cross-sectional features for SBILIFE.NS
2026-09-19 12:19:12,061 | INFO | Updated cross-sectional features for SBIN.NS
2026-09-19 12:19:12,134 | INFO | Updated cross-sectional features for SHRIRAMFIN.NS
2026-09-19 12:19:12,195 | INFO | Updated cross-sectional features for SUNPHARMA.NS
2026-09-19 12:19:12,269 | INFO | Updated cross-sectional features for TATACONSUM.NS
2026-09-19 12:19:12,340 | INFO | Updated cross-sectional features for TATASTEEL.NS
2026-09-19 12:19:12,402 | INFO | Updated cross-sectional features for TCS.NS
2026-09-19 12:19:12,471 | INFO | Updated cross-sectional features for TECHM.NS
2026-09-19 12:19:12,550 | INFO | Updated cross-sectional features for TITAN.NS
2026-09-19 12:19:12,624 | INFO | Updated cross-sectional features for TMPV.NS
2026-09-19 12:19:12,702 | INFO | Updated cross-sectional features for TRENT.NS
2026-09-19 12:19:12,765 | INFO | Updated cross-sectional features for ULTRACEMCO.NS
2026-09-19 12:19:12,841 | INFO | Updated cross-sectional features for WIPRO.NS
2026-09-20 09:21:54,149 | INFO | Computed 13 cross-sectional rank families over 50 symbols.
2026-09-20 09:21:56,011 | INFO | F-11 group/sector features added (8 new cols; sector buckets=15 group buckets=8).
2026-09-20 09:21:56,626 | INFO | Updated cross-sectional features for ADANIENT.NS
2026-09-20 09:21:56,708 | INFO | Updated cross-sectional features for ADANIPORTS.NS
2026-09-20 09:21:56,766 | INFO | Updated cross-sectional features for APOLLOHOSP.NS
2026-09-20 09:21:56,842 | INFO | Updated cross-sectional features for ASIANPAINT.NS
2026-09-20 09:21:56,924 | INFO | Updated cross-sectional features for AXISBANK.NS
2026-09-20 09:21:57,011 | INFO | Updated cross-sectional features for BAJAJ-AUTO.NS
2026-09-20 09:21:57,098 | INFO | Updated cross-sectional features for BAJAJFINSV.NS
2026-09-20 09:21:57,169 | INFO | Updated cross-sectional features for BAJFINANCE.NS
2026-09-20 09:21:57,237 | INFO | Updated cross-sectional features for BEL.NS
2026-09-20 09:21:57,296 | INFO | Updated cross-sectional features for BHARTIARTL.NS
2026-09-20 09:21:57,368 | INFO | Updated cross-sectional features for CIPLA.NS
2026-09-20 09:21:57,440 | INFO | Updated cross-sectional features for COALINDIA.NS
2026-09-20 09:21:57,527 | INFO | Updated cross-sectional features for DRREDDY.NS
2026-09-20 09:21:57,605 | INFO | Updated cross-sectional features for EICHERMOT.NS
2026-09-20 09:21:57,649 | INFO | Updated cross-sectional features for ETERNAL.NS
2026-09-20 09:21:57,722 | INFO | Updated cross-sectional features for GRASIM.NS
2026-09-20 09:21:57,784 | INFO | Updated cross-sectional features for HCLTECH.NS
2026-09-20 09:21:57,856 | INFO | Updated cross-sectional features for HDFCBANK.NS
2026-09-20 09:21:57,914 | INFO | Updated cross-sectional features for HDFCLIFE.NS
2026-09-20 09:21:57,987 | INFO | Updated cross-sectional features for HINDALCO.NS
2026-09-20 09:21:58,053 | INFO | Updated cross-sectional features for HINDUNILVR.NS
2026-09-20 09:21:58,140 | INFO | Updated cross-sectional features for ICICIBANK.NS
2026-09-20 09:21:58,208 | INFO | Updated cross-sectional features for INDIGO.NS
2026-09-20 09:21:58,287 | INFO | Updated cross-sectional features for INFY.NS
2026-09-20 09:21:58,361 | INFO | Updated cross-sectional features for ITC.NS
2026-09-20 09:21:58,403 | INFO | Updated cross-sectional features for JIOFIN.NS
2026-09-20 09:21:58,481 | INFO | Updated cross-sectional features for JSWSTEEL.NS
2026-09-20 09:21:58,558 | INFO | Updated cross-sectional features for KOTAKBANK.NS
2026-09-20 09:21:58,629 | INFO | Updated cross-sectional features for LT.NS
2026-09-20 09:21:58,710 | INFO | Updated cross-sectional features for M&M.NS
2026-09-20 09:21:58,796 | INFO | Updated cross-sectional features for MARUTI.NS
2026-09-20 09:21:58,837 | INFO | Updated cross-sectional features for MAXHEALTH.NS
2026-09-20 09:21:58,917 | INFO | Updated cross-sectional features for NESTLEIND.NS
2026-09-20 09:21:58,991 | INFO | Updated cross-sectional features for NTPC.NS
2026-09-20 09:21:59,067 | INFO | Updated cross-sectional features for ONGC.NS
2026-09-20 09:21:59,143 | INFO | Updated cross-sectional features for POWERGRID.NS
2026-09-20 09:21:59,220 | INFO | Updated cross-sectional features for RELIANCE.NS
2026-09-20 09:21:59,278 | INFO | Updated cross-sectional features for SBILIFE.NS
2026-09-20 09:21:59,356 | INFO | Updated cross-sectional features for SBIN.NS
2026-09-20 09:21:59,431 | INFO | Updated cross-sectional features for SHRIRAMFIN.NS
2026-09-20 09:21:59,506 | INFO | Updated cross-sectional features for SUNPHARMA.NS
2026-09-20 09:21:59,584 | INFO | Updated cross-sectional features for TATACONSUM.NS
2026-09-20 09:21:59,641 | INFO | Updated cross-sectional features for TATASTEEL.NS
2026-09-20 09:21:59,713 | INFO | Updated cross-sectional features for TCS.NS
2026-09-20 09:21:59,788 | INFO | Updated cross-sectional features for TECHM.NS
2026-09-20 09:21:59,870 | INFO | Updated cross-sectional features for TITAN.NS
2026-09-20 09:21:59,946 | INFO | Updated cross-sectional features for TMPV.NS
2026-09-20 09:22:00,016 | INFO | Updated cross-sectional features for TRENT.NS
2026-09-20 09:22:00,079 | INFO | Updated cross-sectional features for ULTRACEMCO.NS
2026-09-20 09:22:00,154 | INFO | Updated cross-sectional features for WIPRO.NS
2026-09-21 09:02:09,384 | INFO | Computed 13 cross-sectional rank families over 50 symbols.
2026-09-21 09:02:11,868 | INFO | F-11 group/sector features added (8 new cols; sector buckets=15 group buckets=8).
2026-09-21 09:02:12,626 | INFO | Updated cross-sectional features for ADANIENT.NS
2026-09-21 09:02:12,718 | INFO | Updated cross-sectional features for ADANIPORTS.NS
2026-09-21 09:02:12,806 | INFO | Updated cross-sectional features for APOLLOHOSP.NS
2026-09-21 09:02:12,900 | INFO | Updated cross-sectional features for ASIANPAINT.NS
2026-09-21 09:02:12,996 | INFO | Updated cross-sectional features for AXISBANK.NS
2026-09-21 09:02:13,086 | INFO | Updated cross-sectional features for BAJAJ-AUTO.NS
2026-09-21 09:02:13,172 | INFO | Updated cross-sectional features for BAJAJFINSV.NS
2026-09-21 09:02:13,250 | INFO | Updated cross-sectional features for BAJFINANCE.NS
2026-09-21 09:02:13,331 | INFO | Updated cross-sectional features for BEL.NS
2026-09-21 09:02:13,419 | INFO | Updated cross-sectional features for BHARTIARTL.NS
2026-09-21 09:02:13,518 | INFO | Updated cross-sectional features for CIPLA.NS
2026-09-21 09:02:13,604 | INFO | Updated cross-sectional features for COALINDIA.NS
2026-09-21 09:02:13,696 | INFO | Updated cross-sectional features for DRREDDY.NS
2026-09-21 09:02:13,788 | INFO | Updated cross-sectional features for EICHERMOT.NS
2026-09-21 09:02:13,843 | INFO | Updated cross-sectional features for ETERNAL.NS
2026-09-21 09:02:13,929 | INFO | Updated cross-sectional features for GRASIM.NS
2026-09-21 09:02:14,022 | INFO | Updated cross-sectional features for HCLTECH.NS
2026-09-21 09:02:14,107 | INFO | Updated cross-sectional features for HDFCBANK.NS
2026-09-21 09:02:14,175 | INFO | Updated cross-sectional features for HDFCLIFE.NS
2026-09-21 09:02:14,270 | INFO | Updated cross-sectional features for HINDALCO.NS
2026-09-21 09:02:14,356 | INFO | Updated cross-sectional features for HINDUNILVR.NS
2026-09-21 09:02:14,449 | INFO | Updated cross-sectional features for ICICIBANK.NS
2026-09-21 09:02:14,525 | INFO | Updated cross-sectional features for INDIGO.NS
2026-09-21 09:02:14,623 | INFO | Updated cross-sectional features for INFY.NS
2026-09-21 09:02:14,713 | INFO | Updated cross-sectional features for ITC.NS
2026-09-21 09:02:14,754 | INFO | Updated cross-sectional features for JIOFIN.NS
2026-09-21 09:02:14,834 | INFO | Updated cross-sectional features for JSWSTEEL.NS
2026-09-21 09:02:14,918 | INFO | Updated cross-sectional features for KOTAKBANK.NS
2026-09-21 09:02:15,003 | INFO | Updated cross-sectional features for LT.NS
2026-09-21 09:02:15,089 | INFO | Updated cross-sectional features for M&M.NS
2026-09-21 09:02:15,192 | INFO | Updated cross-sectional features for MARUTI.NS
2026-09-21 09:02:15,246 | INFO | Updated cross-sectional features for MAXHEALTH.NS
2026-09-21 09:02:15,345 | INFO | Updated cross-sectional features for NESTLEIND.NS
2026-09-21 09:02:15,447 | INFO | Updated cross-sectional features for NTPC.NS
2026-09-21 09:02:15,532 | INFO | Updated cross-sectional features for ONGC.NS
2026-09-21 09:02:15,625 | INFO | Updated cross-sectional features for POWERGRID.NS
2026-09-21 09:02:15,710 | INFO | Updated cross-sectional features for RELIANCE.NS
2026-09-21 09:02:15,783 | INFO | Updated cross-sectional features for SBILIFE.NS
2026-09-21 09:02:15,883 | INFO | Updated cross-sectional features for SBIN.NS
2026-09-21 09:02:15,974 | INFO | Updated cross-sectional features for SHRIRAMFIN.NS
2026-09-21 09:02:16,064 | INFO | Updated cross-sectional features for SUNPHARMA.NS
2026-09-21 09:02:16,157 | INFO | Updated cross-sectional features for TATACONSUM.NS
2026-09-21 09:02:16,254 | INFO | Updated cross-sectional features for TATASTEEL.NS
2026-09-21 09:02:16,485 | INFO | Updated cross-sectional features for TCS.NS
2026-09-21 09:02:16,565 | INFO | Updated cross-sectional features for TECHM.NS
2026-09-21 09:02:16,646 | INFO | Updated cross-sectional features for TITAN.NS
2026-09-21 09:02:16,716 | INFO | Updated cross-sectional features for TMPV.NS
2026-09-21 09:02:16,796 | INFO | Updated cross-sectional features for TRENT.NS
2026-09-21 09:02:16,871 | INFO | Updated cross-sectional features for ULTRACEMCO.NS
2026-09-21 09:02:16,971 | INFO | Updated cross-sectional features for WIPRO.NS
