2026-09-15 10:33:14,959 | INFO | Engineering features for ^NSEI
2026-09-15 10:34:44,807 | INFO | Engineering features for ^NSEI
2026-09-15 10:40:51,566 | INFO | Engineering features for ^NSEI
2026-09-15 10:40:53,135 | INFO | Feature engineering complete.
2026-09-15 10:40:53,136 | INFO | ========== COMPLETE features ==========
2026-09-15 10:40:53,136 | INFO | ========== START cross-sectional ==========
2026-09-15 21:18:41,565 | INFO | Engineering features for RELIANCE.NS
2026-09-15 21:18:41,756 | INFO | Engineering features for BHARTIARTL.NS
2026-09-15 21:18:41,932 | INFO | Engineering features for HDFCBANK.NS
2026-09-15 21:18:42,113 | INFO | Engineering features for ICICIBANK.NS
2026-09-15 21:18:42,296 | INFO | Engineering features for SBIN.NS
2026-09-15 21:18:42,473 | INFO | Engineering features for TCS.NS
2026-09-15 21:18:42,663 | INFO | Engineering features for BAJFINANCE.NS
2026-09-15 21:18:42,841 | INFO | Engineering features for LT.NS
2026-09-15 21:18:43,017 | INFO | Engineering features for HINDUNILVR.NS
2026-09-15 21:18:43,195 | INFO | Engineering features for TITAN.NS
2026-09-15 21:18:43,405 | INFO | Engineering features for SUNPHARMA.NS
2026-09-15 21:18:43,579 | INFO | Engineering features for INFY.NS
2026-09-15 21:18:43,754 | INFO | Engineering features for KOTAKBANK.NS
2026-09-15 21:18:43,930 | INFO | Engineering features for ADANIENT.NS
2026-09-15 21:18:44,107 | INFO | Engineering features for ADANIPORTS.NS
2026-09-15 21:18:44,280 | INFO | Engineering features for MARUTI.NS
2026-09-15 21:18:44,457 | INFO | Engineering features for AXISBANK.NS
2026-09-15 21:18:44,636 | INFO | Engineering features for M&M.NS
2026-09-15 21:18:44,811 | INFO | Engineering features for HCLTECH.NS
2026-09-15 21:18:44,989 | INFO | Engineering features for ITC.NS
2026-09-15 21:18:45,167 | INFO | Engineering features for ULTRACEMCO.NS
2026-09-15 21:18:45,347 | INFO | Engineering features for NTPC.NS
2026-09-15 21:18:45,523 | INFO | Engineering features for BAJAJ-AUTO.NS
2026-09-15 21:18:45,704 | INFO | Engineering features for ETERNAL.NS
2026-09-15 21:18:45,784 | INFO | Engineering features for JSWSTEEL.NS
2026-09-15 21:18:45,966 | INFO | Engineering features for BAJAJFINSV.NS
2026-09-15 21:18:46,147 | INFO | Engineering features for BEL.NS
2026-09-15 21:18:46,331 | INFO | Engineering features for ONGC.NS
2026-09-15 21:18:46,510 | INFO | Engineering features for COALINDIA.NS
2026-09-15 21:18:46,694 | INFO | Engineering features for POWERGRID.NS
2026-09-15 21:18:46,876 | INFO | Engineering features for SHRIRAMFIN.NS
2026-09-15 21:18:47,060 | INFO | Engineering features for ASIANPAINT.NS
2026-09-15 21:18:47,242 | INFO | Engineering features for TATASTEEL.NS
2026-09-15 21:18:47,422 | INFO | Engineering features for GRASIM.NS
2026-09-15 21:18:47,607 | INFO | Engineering features for HINDALCO.NS
2026-09-15 21:18:47,791 | INFO | Engineering features for EICHERMOT.NS
2026-09-15 21:18:47,967 | INFO | Engineering features for INDIGO.NS
2026-09-15 21:18:48,107 | INFO | Engineering features for SBILIFE.NS
2026-09-15 21:18:48,233 | INFO | Engineering features for WIPRO.NS
2026-09-15 21:18:48,409 | INFO | Engineering features for JIOFIN.NS
2026-09-15 21:18:48,473 | INFO | Engineering features for TECHM.NS
2026-09-15 21:18:48,651 | INFO | Engineering features for TRENT.NS
2026-09-15 21:18:48,830 | INFO | Engineering features for APOLLOHOSP.NS
2026-09-15 21:18:49,013 | INFO | Engineering features for HDFCLIFE.NS
2026-09-15 21:18:49,139 | INFO | Engineering features for TMPV.NS
2026-09-15 21:18:49,353 | INFO | Engineering features for CIPLA.NS
2026-09-15 21:18:49,531 | INFO | Engineering features for MAXHEALTH.NS
2026-09-15 21:18:49,624 | INFO | Engineering features for TATACONSUM.NS
2026-09-15 21:18:49,805 | INFO | Engineering features for DRREDDY.NS
2026-09-15 21:18:49,988 | INFO | Engineering features for NESTLEIND.NS
2026-09-15 21:18:50,189 | INFO | Feature engineering complete.
2026-09-18 19:05:39,180 | INFO | Engineering features for RELIANCE.NS
2026-09-18 19:05:40,100 | INFO | Engineering features for BHARTIARTL.NS
2026-09-18 19:05:40,989 | INFO | Engineering features for HDFCBANK.NS
2026-09-18 19:05:42,164 | INFO | Engineering features for ICICIBANK.NS
2026-09-18 19:05:42,981 | INFO | Engineering features for SBIN.NS
2026-09-18 19:05:43,816 | INFO | Engineering features for TCS.NS
2026-09-18 19:05:44,643 | INFO | Engineering features for BAJFINANCE.NS
2026-09-18 19:05:45,537 | INFO | Engineering features for LT.NS
2026-09-18 19:05:46,362 | INFO | Engineering features for HINDUNILVR.NS
2026-09-18 19:05:47,212 | INFO | Engineering features for TITAN.NS
2026-09-18 19:05:48,133 | INFO | Engineering features for SUNPHARMA.NS
2026-09-18 19:05:49,071 | INFO | Engineering features for INFY.NS
2026-09-18 19:05:49,896 | INFO | Engineering features for KOTAKBANK.NS
2026-09-18 19:05:50,705 | INFO | Engineering features for ADANIENT.NS
2026-09-18 19:05:51,567 | INFO | Engineering features for ADANIPORTS.NS
2026-09-18 19:05:52,380 | INFO | Engineering features for MARUTI.NS
2026-09-18 19:05:53,193 | INFO | Engineering features for AXISBANK.NS
2026-09-18 19:05:53,963 | INFO | Engineering features for M&M.NS
2026-09-18 19:05:54,671 | INFO | Engineering features for HCLTECH.NS
2026-09-18 19:05:55,362 | INFO | Engineering features for ITC.NS
2026-09-18 19:05:56,158 | INFO | Engineering features for ULTRACEMCO.NS
2026-09-18 19:05:56,882 | INFO | Engineering features for NTPC.NS
2026-09-18 19:05:57,613 | INFO | Engineering features for BAJAJ-AUTO.NS
2026-09-18 19:05:58,393 | INFO | Engineering features for ETERNAL.NS
2026-09-18 19:05:58,716 | INFO | Engineering features for JSWSTEEL.NS
2026-09-18 19:05:59,484 | INFO | Engineering features for BAJAJFINSV.NS
2026-09-18 19:06:00,217 | INFO | Engineering features for BEL.NS
2026-09-18 19:06:00,944 | INFO | Engineering features for ONGC.NS
2026-09-18 19:06:01,717 | INFO | Engineering features for COALINDIA.NS
2026-09-18 19:06:02,443 | INFO | Engineering features for POWERGRID.NS
2026-09-18 19:06:03,104 | INFO | Engineering features for SHRIRAMFIN.NS
2026-09-18 19:06:03,755 | INFO | Engineering features for ASIANPAINT.NS
2026-09-18 19:06:04,510 | INFO | Engineering features for TATASTEEL.NS
2026-09-18 19:06:05,345 | INFO | Engineering features for GRASIM.NS
2026-09-18 19:06:06,120 | INFO | Engineering features for HINDALCO.NS
2026-09-18 19:06:06,825 | INFO | Engineering features for EICHERMOT.NS
2026-09-18 19:06:07,570 | INFO | Engineering features for INDIGO.NS
2026-09-18 19:06:08,062 | INFO | Engineering features for SBILIFE.NS
2026-09-18 19:06:08,541 | INFO | Engineering features for WIPRO.NS
2026-09-18 19:06:09,360 | INFO | Engineering features for JIOFIN.NS
2026-09-18 19:06:09,594 | INFO | Engineering features for TECHM.NS
2026-09-18 19:06:10,309 | INFO | Engineering features for TRENT.NS
2026-09-18 19:06:11,064 | INFO | Engineering features for APOLLOHOSP.NS
2026-09-18 19:06:11,833 | INFO | Engineering features for HDFCLIFE.NS
2026-09-18 19:06:12,297 | INFO | Engineering features for TMPV.NS
2026-09-18 19:06:13,060 | INFO | Engineering features for CIPLA.NS
2026-09-18 19:06:13,937 | INFO | Engineering features for MAXHEALTH.NS
2026-09-18 19:06:14,370 | INFO | Engineering features for TATACONSUM.NS
2026-09-18 19:06:15,193 | INFO | Engineering features for DRREDDY.NS
2026-09-18 19:06:15,997 | INFO | Engineering features for NESTLEIND.NS
2026-09-18 19:06:16,743 | INFO | Feature engineering complete.
2026-09-19 10:20:51,583 | INFO | Features for RELIANCE.NS are current; skipping.
2026-09-19 10:20:51,605 | INFO | Features for BHARTIARTL.NS are current; skipping.
2026-09-19 10:20:51,627 | INFO | Features for HDFCBANK.NS are current; skipping.
2026-09-19 10:20:51,651 | INFO | Features for ICICIBANK.NS are current; skipping.
2026-09-19 10:20:51,674 | INFO | Features for SBIN.NS are current; skipping.
2026-09-19 10:20:51,692 | INFO | Features for TCS.NS are current; skipping.
2026-09-19 10:20:51,711 | INFO | Features for BAJFINANCE.NS are current; skipping.
2026-09-19 10:20:51,733 | INFO | Features for LT.NS are current; skipping.
2026-09-19 10:20:51,758 | INFO | Features for HINDUNILVR.NS are current; skipping.
2026-09-19 10:20:51,777 | INFO | Features for TITAN.NS are current; skipping.
2026-09-19 10:20:51,798 | INFO | Features for SUNPHARMA.NS are current; skipping.
2026-09-19 10:20:51,821 | INFO | Features for INFY.NS are current; skipping.
2026-09-19 10:20:51,844 | INFO | Features for KOTAKBANK.NS are current; skipping.
2026-09-19 10:20:51,867 | INFO | Features for ADANIENT.NS are current; skipping.
2026-09-19 10:20:51,886 | INFO | Features for ADANIPORTS.NS are current; skipping.
2026-09-19 10:20:51,906 | INFO | Features for MARUTI.NS are current; skipping.
2026-09-19 10:20:51,924 | INFO | Features for AXISBANK.NS are current; skipping.
2026-09-19 10:20:51,945 | INFO | Features for M&M.NS are current; skipping.
2026-09-19 10:20:51,969 | INFO | Features for HCLTECH.NS are current; skipping.
2026-09-19 10:20:51,989 | INFO | Features for ITC.NS are current; skipping.
2026-09-19 10:20:52,008 | INFO | Features for ULTRACEMCO.NS are current; skipping.
2026-09-19 10:20:52,026 | INFO | Features for NTPC.NS are current; skipping.
2026-09-19 10:20:52,046 | INFO | Features for BAJAJ-AUTO.NS are current; skipping.
2026-09-19 10:20:52,060 | INFO | Features for ETERNAL.NS are current; skipping.
2026-09-19 10:20:52,082 | INFO | Features for JSWSTEEL.NS are current; skipping.
2026-09-19 10:20:52,106 | INFO | Features for BAJAJFINSV.NS are current; skipping.
2026-09-19 10:20:52,126 | INFO | Features for BEL.NS are current; skipping.
2026-09-19 10:20:52,149 | INFO | Features for ONGC.NS are current; skipping.
2026-09-19 10:20:52,170 | INFO | Features for COALINDIA.NS are current; skipping.
2026-09-19 10:20:52,189 | INFO | Features for POWERGRID.NS are current; skipping.
2026-09-19 10:20:52,206 | INFO | Features for SHRIRAMFIN.NS are current; skipping.
2026-09-19 10:20:52,226 | INFO | Features for ASIANPAINT.NS are current; skipping.
2026-09-19 10:20:52,244 | INFO | Features for TATASTEEL.NS are current; skipping.
2026-09-19 10:20:52,262 | INFO | Features for GRASIM.NS are current; skipping.
2026-09-19 10:20:52,276 | INFO | Features for HINDALCO.NS are current; skipping.
2026-09-19 10:20:52,293 | INFO | Features for EICHERMOT.NS are current; skipping.
2026-09-19 10:20:52,310 | INFO | Features for INDIGO.NS are current; skipping.
2026-09-19 10:20:52,328 | INFO | Features for SBILIFE.NS are current; skipping.
2026-09-19 10:20:52,346 | INFO | Features for WIPRO.NS are current; skipping.
2026-09-19 10:20:52,360 | INFO | Features for JIOFIN.NS are current; skipping.
2026-09-19 10:20:52,377 | INFO | Features for TECHM.NS are current; skipping.
2026-09-19 10:20:52,393 | INFO | Features for TRENT.NS are current; skipping.
2026-09-19 10:20:52,411 | INFO | Features for APOLLOHOSP.NS are current; skipping.
2026-09-19 10:20:52,426 | INFO | Features for HDFCLIFE.NS are current; skipping.
2026-09-19 10:20:52,446 | INFO | Features for TMPV.NS are current; skipping.
2026-09-19 10:20:52,471 | INFO | Features for CIPLA.NS are current; skipping.
2026-09-19 10:20:52,488 | INFO | Features for MAXHEALTH.NS are current; skipping.
2026-09-19 10:20:52,507 | INFO | Features for TATACONSUM.NS are current; skipping.
2026-09-19 10:20:52,524 | INFO | Features for DRREDDY.NS are current; skipping.
2026-09-19 10:20:52,539 | INFO | Features for NESTLEIND.NS are current; skipping.
2026-09-19 10:20:52,552 | INFO | Feature engineering complete.
2026-09-19 10:24:11,060 | INFO | Features for RELIANCE.NS are current; skipping.
2026-09-19 10:24:11,078 | INFO | Features for BHARTIARTL.NS are current; skipping.
2026-09-19 10:24:11,099 | INFO | Features for HDFCBANK.NS are current; skipping.
2026-09-19 10:24:11,120 | INFO | Features for ICICIBANK.NS are current; skipping.
2026-09-19 10:24:11,141 | INFO | Features for SBIN.NS are current; skipping.
2026-09-19 10:24:11,160 | INFO | Features for TCS.NS are current; skipping.
2026-09-19 10:24:11,177 | INFO | Features for BAJFINANCE.NS are current; skipping.
2026-09-19 10:24:11,197 | INFO | Features for LT.NS are current; skipping.
2026-09-19 10:24:11,221 | INFO | Features for HINDUNILVR.NS are current; skipping.
2026-09-19 10:24:11,244 | INFO | Features for TITAN.NS are current; skipping.
2026-09-19 10:24:11,261 | INFO | Features for SUNPHARMA.NS are current; skipping.
2026-09-19 10:24:11,282 | INFO | Features for INFY.NS are current; skipping.
2026-09-19 10:24:11,301 | INFO | Features for KOTAKBANK.NS are current; skipping.
2026-09-19 10:24:11,316 | INFO | Features for ADANIENT.NS are current; skipping.
2026-09-19 10:24:11,334 | INFO | Features for ADANIPORTS.NS are current; skipping.
2026-09-19 10:24:11,355 | INFO | Features for MARUTI.NS are current; skipping.
2026-09-19 10:24:11,373 | INFO | Features for AXISBANK.NS are current; skipping.
2026-09-19 10:24:11,390 | INFO | Features for M&M.NS are current; skipping.
2026-09-19 10:24:11,404 | INFO | Features for HCLTECH.NS are current; skipping.
2026-09-19 10:24:11,419 | INFO | Features for ITC.NS are current; skipping.
2026-09-19 10:24:11,435 | INFO | Features for ULTRACEMCO.NS are current; skipping.
2026-09-19 10:24:11,449 | INFO | Features for NTPC.NS are current; skipping.
2026-09-19 10:24:11,466 | INFO | Features for BAJAJ-AUTO.NS are current; skipping.
2026-09-19 10:24:11,482 | INFO | Features for ETERNAL.NS are current; skipping.
2026-09-19 10:24:11,502 | INFO | Features for JSWSTEEL.NS are current; skipping.
2026-09-19 10:24:11,516 | INFO | Features for BAJAJFINSV.NS are current; skipping.
2026-09-19 10:24:11,534 | INFO | Features for BEL.NS are current; skipping.
2026-09-19 10:24:11,549 | INFO | Features for ONGC.NS are current; skipping.
2026-09-19 10:24:11,566 | INFO | Features for COALINDIA.NS are current; skipping.
2026-09-19 10:24:11,580 | INFO | Features for POWERGRID.NS are current; skipping.
2026-09-19 10:24:11,597 | INFO | Features for SHRIRAMFIN.NS are current; skipping.
2026-09-19 10:24:11,612 | INFO | Features for ASIANPAINT.NS are current; skipping.
2026-09-19 10:24:11,628 | INFO | Features for TATASTEEL.NS are current; skipping.
2026-09-19 10:24:11,646 | INFO | Features for GRASIM.NS are current; skipping.
2026-09-19 10:24:11,665 | INFO | Features for HINDALCO.NS are current; skipping.
2026-09-19 10:24:11,681 | INFO | Features for EICHERMOT.NS are current; skipping.
2026-09-19 10:24:11,697 | INFO | Features for INDIGO.NS are current; skipping.
2026-09-19 10:24:11,713 | INFO | Features for SBILIFE.NS are current; skipping.
2026-09-19 10:24:11,732 | INFO | Features for WIPRO.NS are current; skipping.
2026-09-19 10:24:11,748 | INFO | Features for JIOFIN.NS are current; skipping.
2026-09-19 10:24:11,766 | INFO | Features for TECHM.NS are current; skipping.
2026-09-19 10:24:11,782 | INFO | Features for TRENT.NS are current; skipping.
2026-09-19 10:24:11,799 | INFO | Features for APOLLOHOSP.NS are current; skipping.
2026-09-19 10:24:11,812 | INFO | Features for HDFCLIFE.NS are current; skipping.
2026-09-19 10:24:11,829 | INFO | Features for TMPV.NS are current; skipping.
2026-09-19 10:24:11,846 | INFO | Features for CIPLA.NS are current; skipping.
2026-09-19 10:24:11,861 | INFO | Features for MAXHEALTH.NS are current; skipping.
2026-09-19 10:24:11,880 | INFO | Features for TATACONSUM.NS are current; skipping.
2026-09-19 10:24:11,899 | INFO | Features for DRREDDY.NS are current; skipping.
2026-09-19 10:24:11,918 | INFO | Features for NESTLEIND.NS are current; skipping.
2026-09-19 10:24:11,928 | INFO | Feature engineering complete.
2026-09-19 10:24:53,102 | INFO | Engineering features for RELIANCE.NS
2026-09-19 10:24:53,689 | INFO | Engineering features for BHARTIARTL.NS
2026-09-19 10:24:54,221 | INFO | Engineering features for HDFCBANK.NS
2026-09-19 10:24:54,729 | INFO | Engineering features for ICICIBANK.NS
2026-09-19 10:24:55,199 | INFO | Engineering features for SBIN.NS
2026-09-19 10:24:55,669 | INFO | Engineering features for TCS.NS
2026-09-19 10:24:56,244 | INFO | Engineering features for BAJFINANCE.NS
2026-09-19 10:24:56,774 | INFO | Engineering features for LT.NS
2026-09-19 10:24:57,339 | INFO | Engineering features for HINDUNILVR.NS
2026-09-19 10:24:57,872 | INFO | Engineering features for TITAN.NS
2026-09-19 10:24:58,459 | INFO | Engineering features for SUNPHARMA.NS
2026-09-19 10:24:58,978 | INFO | Engineering features for INFY.NS
2026-09-19 10:24:59,500 | INFO | Engineering features for KOTAKBANK.NS
2026-09-19 10:25:00,064 | INFO | Engineering features for ADANIENT.NS
2026-09-19 10:25:00,609 | INFO | Engineering features for ADANIPORTS.NS
2026-09-19 10:25:01,161 | INFO | Engineering features for MARUTI.NS
2026-09-19 10:25:01,711 | INFO | Engineering features for AXISBANK.NS
2026-09-19 10:25:02,268 | INFO | Engineering features for M&M.NS
2026-09-19 10:25:02,811 | INFO | Engineering features for HCLTECH.NS
2026-09-19 10:25:03,378 | INFO | Engineering features for ITC.NS
2026-09-19 10:25:03,940 | INFO | Engineering features for ULTRACEMCO.NS
2026-09-19 10:25:04,502 | INFO | Engineering features for NTPC.NS
2026-09-19 10:25:05,067 | INFO | Engineering features for BAJAJ-AUTO.NS
2026-09-19 10:25:05,615 | INFO | Engineering features for ETERNAL.NS
2026-09-19 10:25:05,848 | INFO | Engineering features for JSWSTEEL.NS
2026-09-19 10:25:06,404 | INFO | Engineering features for BAJAJFINSV.NS
2026-09-19 10:25:06,955 | INFO | Engineering features for BEL.NS
2026-09-19 10:25:07,566 | INFO | Engineering features for ONGC.NS
2026-09-19 10:25:08,154 | INFO | Engineering features for COALINDIA.NS
2026-09-19 10:25:08,663 | INFO | Engineering features for POWERGRID.NS
2026-09-19 10:25:09,236 | INFO | Engineering features for SHRIRAMFIN.NS
2026-09-19 10:25:09,793 | INFO | Engineering features for ASIANPAINT.NS
2026-09-19 10:25:10,357 | INFO | Engineering features for TATASTEEL.NS
2026-09-19 10:25:10,966 | INFO | Engineering features for GRASIM.NS
2026-09-19 10:25:11,532 | INFO | Engineering features for HINDALCO.NS
2026-09-19 10:25:12,041 | INFO | Engineering features for EICHERMOT.NS
2026-09-19 10:25:12,616 | INFO | Engineering features for INDIGO.NS
2026-09-19 10:25:13,014 | INFO | Engineering features for SBILIFE.NS
2026-09-19 10:25:13,342 | INFO | Engineering features for WIPRO.NS
2026-09-19 10:25:13,910 | INFO | Engineering features for JIOFIN.NS
2026-09-19 10:25:14,208 | INFO | Engineering features for TECHM.NS
2026-09-19 10:25:14,774 | INFO | Engineering features for TRENT.NS
2026-09-19 10:25:15,327 | INFO | Engineering features for APOLLOHOSP.NS
2026-09-19 10:25:15,868 | INFO | Engineering features for HDFCLIFE.NS
2026-09-19 10:25:16,171 | INFO | Engineering features for TMPV.NS
2026-09-19 10:25:16,729 | INFO | Engineering features for CIPLA.NS
2026-09-19 10:25:17,303 | INFO | Engineering features for MAXHEALTH.NS
2026-09-19 10:25:17,547 | INFO | Engineering features for TATACONSUM.NS
2026-09-19 10:25:18,062 | INFO | Engineering features for DRREDDY.NS
2026-09-19 10:25:18,627 | INFO | Engineering features for NESTLEIND.NS
2026-09-19 10:25:19,154 | INFO | Feature engineering complete.
2026-09-19 10:40:51,371 | INFO | Engineering features for RELIANCE.NS
2026-09-19 10:40:51,869 | INFO | Engineering features for BHARTIARTL.NS
2026-09-19 10:40:52,418 | INFO | Engineering features for HDFCBANK.NS
2026-09-19 10:40:52,909 | INFO | Engineering features for ICICIBANK.NS
2026-09-19 10:40:53,456 | INFO | Engineering features for SBIN.NS
2026-09-19 10:40:54,002 | INFO | Engineering features for TCS.NS
2026-09-19 10:40:54,499 | INFO | Engineering features for BAJFINANCE.NS
2026-09-19 10:40:54,965 | INFO | Engineering features for LT.NS
2026-09-19 10:40:55,562 | INFO | Engineering features for HINDUNILVR.NS
2026-09-19 10:40:56,119 | INFO | Engineering features for TITAN.NS
2026-09-19 10:40:56,661 | INFO | Engineering features for SUNPHARMA.NS
2026-09-19 10:40:57,212 | INFO | Engineering features for INFY.NS
2026-09-19 10:40:57,759 | INFO | Engineering features for KOTAKBANK.NS
2026-09-19 10:40:58,324 | INFO | Engineering features for ADANIENT.NS
2026-09-19 10:40:58,830 | INFO | Engineering features for ADANIPORTS.NS
2026-09-19 10:40:59,364 | INFO | Engineering features for MARUTI.NS
2026-09-19 10:40:59,938 | INFO | Engineering features for AXISBANK.NS
2026-09-19 10:41:00,465 | INFO | Engineering features for M&M.NS
2026-09-19 10:41:00,984 | INFO | Engineering features for HCLTECH.NS
2026-09-19 10:41:01,467 | INFO | Engineering features for ITC.NS
2026-09-19 10:41:01,968 | INFO | Engineering features for ULTRACEMCO.NS
2026-09-19 10:41:02,520 | INFO | Engineering features for NTPC.NS
2026-09-19 10:41:03,064 | INFO | Engineering features for BAJAJ-AUTO.NS
2026-09-19 10:41:03,604 | INFO | Engineering features for ETERNAL.NS
2026-09-19 10:41:03,843 | INFO | Engineering features for JSWSTEEL.NS
2026-09-19 10:41:04,373 | INFO | Engineering features for BAJAJFINSV.NS
2026-09-19 10:41:04,865 | INFO | Engineering features for BEL.NS
2026-09-19 10:41:05,325 | INFO | Engineering features for ONGC.NS
2026-09-19 10:41:05,905 | INFO | Engineering features for COALINDIA.NS
2026-09-19 10:41:06,382 | INFO | Engineering features for POWERGRID.NS
2026-09-19 10:41:06,895 | INFO | Engineering features for SHRIRAMFIN.NS
2026-09-19 10:41:07,430 | INFO | Engineering features for ASIANPAINT.NS
2026-09-19 10:41:07,922 | INFO | Engineering features for TATASTEEL.NS
2026-09-19 10:41:08,445 | INFO | Engineering features for GRASIM.NS
2026-09-19 10:41:08,919 | INFO | Engineering features for HINDALCO.NS
2026-09-19 10:41:09,388 | INFO | Engineering features for EICHERMOT.NS
2026-09-19 10:41:09,885 | INFO | Engineering features for INDIGO.NS
2026-09-19 10:41:10,248 | INFO | Engineering features for SBILIFE.NS
2026-09-19 10:41:10,539 | INFO | Engineering features for WIPRO.NS
2026-09-19 10:41:11,058 | INFO | Engineering features for JIOFIN.NS
2026-09-19 10:41:11,356 | INFO | Engineering features for TECHM.NS
2026-09-19 10:41:11,866 | INFO | Engineering features for TRENT.NS
2026-09-19 10:41:12,289 | INFO | Engineering features for APOLLOHOSP.NS
2026-09-19 10:41:12,752 | INFO | Engineering features for HDFCLIFE.NS
2026-09-19 10:41:13,047 | INFO | Engineering features for TMPV.NS
2026-09-19 10:41:13,526 | INFO | Engineering features for CIPLA.NS
2026-09-19 10:41:14,008 | INFO | Engineering features for MAXHEALTH.NS
2026-09-19 10:41:14,242 | INFO | Engineering features for TATACONSUM.NS
2026-09-19 10:41:14,733 | INFO | Engineering features for DRREDDY.NS
2026-09-19 10:41:15,272 | INFO | Engineering features for NESTLEIND.NS
2026-09-19 10:41:15,844 | INFO | Feature engineering complete.
2026-09-19 11:17:41,378 | INFO | Engineering features for RELIANCE.NS
2026-09-19 11:17:41,937 | INFO | Engineering features for BHARTIARTL.NS
2026-09-19 11:17:42,490 | INFO | Engineering features for HDFCBANK.NS
2026-09-19 11:17:42,973 | INFO | Engineering features for ICICIBANK.NS
2026-09-19 11:17:43,556 | INFO | Engineering features for SBIN.NS
2026-09-19 11:17:44,073 | INFO | Engineering features for TCS.NS
2026-09-19 11:17:44,630 | INFO | Engineering features for BAJFINANCE.NS
2026-09-19 11:17:45,158 | INFO | Engineering features for LT.NS
2026-09-19 11:17:45,663 | INFO | Engineering features for HINDUNILVR.NS
2026-09-19 11:17:46,206 | INFO | Engineering features for TITAN.NS
2026-09-19 11:17:46,716 | INFO | Engineering features for SUNPHARMA.NS
2026-09-19 11:17:47,233 | INFO | Engineering features for INFY.NS
2026-09-19 11:17:47,730 | INFO | Engineering features for KOTAKBANK.NS
2026-09-19 11:17:48,317 | INFO | Engineering features for ADANIENT.NS
2026-09-19 11:17:48,830 | INFO | Engineering features for ADANIPORTS.NS
2026-09-19 11:17:49,390 | INFO | Engineering features for MARUTI.NS
2026-09-19 11:17:49,916 | INFO | Engineering features for AXISBANK.NS
2026-09-19 11:17:50,390 | INFO | Engineering features for M&M.NS
2026-09-19 11:17:50,873 | INFO | Engineering features for HCLTECH.NS
2026-09-19 11:17:51,372 | INFO | Engineering features for ITC.NS
2026-09-19 11:17:51,928 | INFO | Engineering features for ULTRACEMCO.NS
2026-09-19 11:17:52,485 | INFO | Engineering features for NTPC.NS
2026-09-19 11:17:52,990 | INFO | Engineering features for BAJAJ-AUTO.NS
2026-09-19 11:17:53,533 | INFO | Engineering features for ETERNAL.NS
2026-09-19 11:17:53,744 | INFO | Engineering features for JSWSTEEL.NS
2026-09-19 11:17:54,290 | INFO | Engineering features for BAJAJFINSV.NS
2026-09-19 11:17:54,816 | INFO | Engineering features for BEL.NS
2026-09-19 11:17:55,350 | INFO | Engineering features for ONGC.NS
2026-09-19 11:17:55,809 | INFO | Engineering features for COALINDIA.NS
2026-09-19 11:17:56,391 | INFO | Engineering features for POWERGRID.NS
2026-09-19 11:17:56,894 | INFO | Engineering features for SHRIRAMFIN.NS
2026-09-19 11:17:57,475 | INFO | Engineering features for ASIANPAINT.NS
2026-09-19 11:17:58,038 | INFO | Engineering features for TATASTEEL.NS
2026-09-19 11:17:58,541 | INFO | Engineering features for GRASIM.NS
2026-09-19 11:17:59,078 | INFO | Engineering features for HINDALCO.NS
2026-09-19 11:17:59,636 | INFO | Engineering features for EICHERMOT.NS
2026-09-19 11:18:00,200 | INFO | Engineering features for INDIGO.NS
2026-09-19 11:18:00,623 | INFO | Engineering features for SBILIFE.NS
2026-09-19 11:18:00,969 | INFO | Engineering features for WIPRO.NS
2026-09-19 11:18:01,549 | INFO | Engineering features for JIOFIN.NS
2026-09-19 11:18:01,822 | INFO | Engineering features for TECHM.NS
2026-09-19 11:18:02,364 | INFO | Engineering features for TRENT.NS
2026-09-19 11:18:02,778 | INFO | Engineering features for APOLLOHOSP.NS
2026-09-19 11:18:03,311 | INFO | Engineering features for HDFCLIFE.NS
2026-09-19 11:18:03,649 | INFO | Engineering features for TMPV.NS
2026-09-19 11:18:04,123 | INFO | Engineering features for CIPLA.NS
2026-09-19 11:18:04,673 | INFO | Engineering features for MAXHEALTH.NS
2026-09-19 11:18:04,897 | INFO | Engineering features for TATACONSUM.NS
2026-09-19 11:18:05,425 | INFO | Engineering features for DRREDDY.NS
2026-09-19 11:18:05,950 | INFO | Engineering features for NESTLEIND.NS
2026-09-19 11:18:06,591 | INFO | Feature engineering complete.
2026-09-19 12:07:30,917 | INFO | Engineering features for RELIANCE.NS
2026-09-19 12:07:42,909 | INFO | Engineering features for BHARTIARTL.NS
2026-09-19 12:07:52,427 | INFO | Engineering features for HDFCBANK.NS
2026-09-19 12:08:01,759 | INFO | Engineering features for ICICIBANK.NS
2026-09-19 12:08:20,421 | INFO | Engineering features for SBIN.NS
2026-09-19 12:08:31,223 | INFO | Engineering features for TCS.NS
2026-09-19 12:08:43,388 | INFO | Engineering features for BAJFINANCE.NS
2026-09-19 12:08:48,352 | INFO | Engineering features for LT.NS
2026-09-19 12:08:57,740 | INFO | Engineering features for HINDUNILVR.NS
2026-09-19 12:09:04,222 | INFO | Engineering features for TITAN.NS
2026-09-19 12:09:09,903 | INFO | Engineering features for SUNPHARMA.NS
2026-09-19 12:09:16,812 | INFO | Engineering features for INFY.NS
2026-09-19 12:09:27,730 | INFO | Engineering features for KOTAKBANK.NS
2026-09-19 12:09:36,634 | INFO | Engineering features for ADANIENT.NS
2026-09-19 12:09:42,924 | INFO | Engineering features for ADANIPORTS.NS
2026-09-19 12:09:48,874 | INFO | Engineering features for MARUTI.NS
2026-09-19 12:09:56,806 | INFO | Engineering features for AXISBANK.NS
2026-09-19 12:10:07,821 | INFO | Engineering features for M&M.NS
2026-09-19 12:10:08,378 | INFO | Engineering features for HCLTECH.NS
2026-09-19 12:10:18,112 | INFO | Engineering features for ITC.NS
2026-09-19 12:10:24,599 | INFO | Engineering features for ULTRACEMCO.NS
2026-09-19 12:10:32,002 | INFO | Engineering features for NTPC.NS
2026-09-19 12:10:39,601 | INFO | Engineering features for BAJAJ-AUTO.NS
2026-09-19 12:10:44,338 | INFO | Engineering features for ETERNAL.NS
2026-09-19 12:10:46,193 | INFO | Engineering features for JSWSTEEL.NS
2026-09-19 12:10:54,228 | INFO | Engineering features for BAJAJFINSV.NS
2026-09-19 12:10:57,910 | INFO | Engineering features for BEL.NS
2026-09-19 12:11:02,077 | INFO | Engineering features for ONGC.NS
2026-09-19 12:11:07,540 | INFO | Engineering features for COALINDIA.NS
2026-09-19 12:11:12,828 | INFO | Engineering features for POWERGRID.NS
2026-09-19 12:11:18,309 | INFO | Engineering features for SHRIRAMFIN.NS
2026-09-19 12:11:32,498 | INFO | Engineering features for ASIANPAINT.NS
2026-09-19 12:11:39,086 | INFO | Engineering features for TATASTEEL.NS
2026-09-19 12:11:50,731 | INFO | Engineering features for GRASIM.NS
2026-09-19 12:11:58,240 | INFO | Engineering features for HINDALCO.NS
2026-09-19 12:12:05,306 | INFO | Engineering features for EICHERMOT.NS
2026-09-19 12:12:12,923 | INFO | Engineering features for INDIGO.NS
2026-09-19 12:12:16,321 | INFO | Engineering features for SBILIFE.NS
2026-09-19 12:12:19,504 | INFO | Engineering features for WIPRO.NS
2026-09-19 12:12:31,543 | INFO | Engineering features for JIOFIN.NS
2026-09-19 12:12:32,612 | INFO | Engineering features for TECHM.NS
2026-09-19 12:12:38,929 | INFO | Engineering features for TRENT.NS
2026-09-19 12:12:43,386 | INFO | Engineering features for APOLLOHOSP.NS
2026-09-19 12:12:47,967 | INFO | Engineering features for HDFCLIFE.NS
2026-09-19 12:12:50,919 | INFO | Engineering features for TMPV.NS
2026-09-19 12:13:01,464 | INFO | Engineering features for CIPLA.NS
2026-09-19 12:13:08,109 | INFO | Engineering features for MAXHEALTH.NS
2026-09-19 12:13:10,988 | INFO | Engineering features for TATACONSUM.NS
2026-09-19 12:13:16,962 | INFO | Engineering features for DRREDDY.NS
2026-09-19 12:13:24,196 | INFO | Engineering features for NESTLEIND.NS
2026-09-19 12:13:26,034 | INFO | Feature engineering complete.
2026-09-19 12:14:37,939 | INFO | Engineering features for RELIANCE.NS
2026-09-19 12:14:44,600 | INFO | Engineering features for BHARTIARTL.NS
2026-09-19 12:14:50,281 | INFO | Engineering features for HDFCBANK.NS
2026-09-19 12:14:55,278 | INFO | Engineering features for ICICIBANK.NS
2026-09-19 12:15:13,612 | INFO | Engineering features for SBIN.NS
2026-09-19 12:15:21,812 | INFO | Engineering features for TCS.NS
2026-09-19 12:15:28,433 | INFO | Engineering features for BAJFINANCE.NS
2026-09-19 12:15:31,112 | INFO | Engineering features for LT.NS
2026-09-19 12:15:36,269 | INFO | Engineering features for HINDUNILVR.NS
2026-09-19 12:15:39,852 | INFO | Engineering features for TITAN.NS
2026-09-19 12:15:42,917 | INFO | Engineering features for SUNPHARMA.NS
2026-09-19 12:15:46,558 | INFO | Engineering features for INFY.NS
2026-09-19 12:15:52,362 | INFO | Engineering features for KOTAKBANK.NS
2026-09-19 12:15:56,970 | INFO | Engineering features for ADANIENT.NS
2026-09-19 12:16:00,269 | INFO | Engineering features for ADANIPORTS.NS
2026-09-19 12:16:03,337 | INFO | Engineering features for MARUTI.NS
2026-09-19 12:16:07,632 | INFO | Engineering features for AXISBANK.NS
2026-09-19 12:16:14,000 | INFO | Engineering features for M&M.NS
2026-09-19 12:16:14,235 | INFO | Engineering features for HCLTECH.NS
2026-09-19 12:16:19,771 | INFO | Engineering features for ITC.NS
2026-09-19 12:16:23,258 | INFO | Engineering features for ULTRACEMCO.NS
2026-09-19 12:16:27,447 | INFO | Engineering features for NTPC.NS
2026-09-19 12:16:31,477 | INFO | Engineering features for BAJAJ-AUTO.NS
2026-09-19 12:16:34,064 | INFO | Engineering features for ETERNAL.NS
2026-09-19 12:16:35,000 | INFO | Engineering features for JSWSTEEL.NS
2026-09-19 12:16:39,352 | INFO | Engineering features for BAJAJFINSV.NS
2026-09-19 12:16:41,190 | INFO | Engineering features for BEL.NS
2026-09-19 12:16:43,474 | INFO | Engineering features for ONGC.NS
2026-09-19 12:16:46,645 | INFO | Engineering features for COALINDIA.NS
2026-09-19 12:16:49,738 | INFO | Engineering features for POWERGRID.NS
2026-09-19 12:16:52,772 | INFO | Engineering features for SHRIRAMFIN.NS
2026-09-19 12:17:01,885 | INFO | Engineering features for ASIANPAINT.NS
2026-09-19 12:17:05,421 | INFO | Engineering features for TATASTEEL.NS
2026-09-19 12:17:11,718 | INFO | Engineering features for GRASIM.NS
2026-09-19 12:17:15,650 | INFO | Engineering features for HINDALCO.NS
2026-09-19 12:17:20,821 | INFO | Engineering features for EICHERMOT.NS
2026-09-19 12:17:28,505 | INFO | Engineering features for INDIGO.NS
2026-09-19 12:17:31,819 | INFO | Engineering features for SBILIFE.NS
2026-09-19 12:17:35,064 | INFO | Engineering features for WIPRO.NS
2026-09-19 12:17:47,166 | INFO | Engineering features for JIOFIN.NS
2026-09-19 12:17:48,314 | INFO | Engineering features for TECHM.NS
2026-09-19 12:17:54,976 | INFO | Engineering features for TRENT.NS
2026-09-19 12:17:59,910 | INFO | Engineering features for APOLLOHOSP.NS
2026-09-19 12:18:04,819 | INFO | Engineering features for HDFCLIFE.NS
2026-09-19 12:18:08,003 | INFO | Engineering features for TMPV.NS
2026-09-19 12:18:19,144 | INFO | Engineering features for CIPLA.NS
2026-09-19 12:18:26,149 | INFO | Engineering features for MAXHEALTH.NS
2026-09-19 12:18:29,246 | INFO | Engineering features for TATACONSUM.NS
2026-09-19 12:18:35,794 | INFO | Engineering features for DRREDDY.NS
2026-09-19 12:18:43,871 | INFO | Engineering features for NESTLEIND.NS
2026-09-19 12:18:45,892 | INFO | Feature engineering complete.
2026-09-20 09:21:17,050 | INFO | Engineering features for RELIANCE.NS
2026-09-20 09:21:17,618 | INFO | Engineering features for BHARTIARTL.NS
2026-09-20 09:21:18,159 | INFO | Engineering features for HDFCBANK.NS
2026-09-20 09:21:18,937 | INFO | Engineering features for ICICIBANK.NS
2026-09-20 09:21:19,462 | INFO | Engineering features for SBIN.NS
2026-09-20 09:21:20,082 | INFO | Engineering features for TCS.NS
2026-09-20 09:21:20,550 | INFO | Engineering features for BAJFINANCE.NS
2026-09-20 09:21:21,035 | INFO | Engineering features for LT.NS
2026-09-20 09:21:21,570 | INFO | Engineering features for HINDUNILVR.NS
2026-09-20 09:21:22,150 | INFO | Engineering features for TITAN.NS
2026-09-20 09:21:22,728 | INFO | Engineering features for SUNPHARMA.NS
2026-09-20 09:21:23,321 | INFO | Engineering features for INFY.NS
2026-09-20 09:21:23,846 | INFO | Engineering features for KOTAKBANK.NS
2026-09-20 09:21:24,383 | INFO | Engineering features for ADANIENT.NS
2026-09-20 09:21:24,814 | INFO | Engineering features for ADANIPORTS.NS
2026-09-20 09:21:25,324 | INFO | Engineering features for MARUTI.NS
2026-09-20 09:21:25,845 | INFO | Engineering features for AXISBANK.NS
2026-09-20 09:21:26,345 | INFO | Engineering features for M&M.NS
2026-09-20 09:21:26,831 | INFO | Engineering features for HCLTECH.NS
2026-09-20 09:21:27,393 | INFO | Engineering features for ITC.NS
2026-09-20 09:21:27,922 | INFO | Engineering features for ULTRACEMCO.NS
2026-09-20 09:21:28,423 | INFO | Engineering features for NTPC.NS
2026-09-20 09:21:28,881 | INFO | Engineering features for BAJAJ-AUTO.NS
2026-09-20 09:21:29,384 | INFO | Engineering features for ETERNAL.NS
2026-09-20 09:21:29,578 | INFO | Engineering features for JSWSTEEL.NS
2026-09-20 09:21:30,092 | INFO | Engineering features for BAJAJFINSV.NS
2026-09-20 09:21:30,627 | INFO | Engineering features for BEL.NS
2026-09-20 09:21:31,146 | INFO | Engineering features for ONGC.NS
2026-09-20 09:21:31,640 | INFO | Engineering features for COALINDIA.NS
2026-09-20 09:21:32,103 | INFO | Engineering features for POWERGRID.NS
2026-09-20 09:21:32,604 | INFO | Engineering features for SHRIRAMFIN.NS
2026-09-20 09:21:33,119 | INFO | Engineering features for ASIANPAINT.NS
2026-09-20 09:21:33,636 | INFO | Engineering features for TATASTEEL.NS
2026-09-20 09:21:34,166 | INFO | Engineering features for GRASIM.NS
2026-09-20 09:21:34,694 | INFO | Engineering features for HINDALCO.NS
2026-09-20 09:21:35,273 | INFO | Engineering features for EICHERMOT.NS
2026-09-20 09:21:35,708 | INFO | Engineering features for INDIGO.NS
2026-09-20 09:21:36,094 | INFO | Engineering features for SBILIFE.NS
2026-09-20 09:21:36,436 | INFO | Engineering features for WIPRO.NS
2026-09-20 09:21:36,983 | INFO | Engineering features for JIOFIN.NS
2026-09-20 09:21:37,259 | INFO | Engineering features for TECHM.NS
2026-09-20 09:21:37,828 | INFO | Engineering features for TRENT.NS
2026-09-20 09:21:38,362 | INFO | Engineering features for APOLLOHOSP.NS
2026-09-20 09:21:38,859 | INFO | Engineering features for HDFCLIFE.NS
2026-09-20 09:21:39,178 | INFO | Engineering features for TMPV.NS
2026-09-20 09:21:39,680 | INFO | Engineering features for CIPLA.NS
2026-09-20 09:21:40,211 | INFO | Engineering features for MAXHEALTH.NS
2026-09-20 09:21:40,490 | INFO | Engineering features for TATACONSUM.NS
2026-09-20 09:21:40,994 | INFO | Engineering features for DRREDDY.NS
2026-09-20 09:21:41,511 | INFO | Engineering features for NESTLEIND.NS
2026-09-20 09:21:42,101 | INFO | Feature engineering complete.
2026-09-21 08:46:07,806 | INFO | Building market features over 3951 sessions.
2026-09-21 08:51:28,864 | INFO | Stock features for RELIANCE.NS are current; skipping.
2026-09-21 08:51:28,865 | INFO | Engineering news features for RELIANCE.NS.
2026-09-21 08:51:38,012 | INFO | Stock features for BHARTIARTL.NS are current; skipping.
2026-09-21 08:51:38,013 | INFO | Engineering news features for BHARTIARTL.NS.
2026-09-21 08:51:45,074 | INFO | Stock features for HDFCBANK.NS are current; skipping.
2026-09-21 08:51:45,074 | INFO | Engineering news features for HDFCBANK.NS.
2026-09-21 08:51:51,580 | INFO | Stock features for ICICIBANK.NS are current; skipping.
2026-09-21 08:51:51,580 | INFO | Engineering news features for ICICIBANK.NS.
2026-09-21 08:52:05,334 | INFO | Stock features for SBIN.NS are current; skipping.
2026-09-21 08:52:05,335 | INFO | Engineering news features for SBIN.NS.
2026-09-21 08:52:12,221 | INFO | Stock features for TCS.NS are current; skipping.
2026-09-21 08:52:12,222 | INFO | Engineering news features for TCS.NS.
2026-09-21 08:52:21,077 | INFO | Stock features for BAJFINANCE.NS are current; skipping.
2026-09-21 08:52:21,078 | INFO | Engineering news features for BAJFINANCE.NS.
2026-09-21 08:52:25,908 | INFO | Stock features for LT.NS are current; skipping.
2026-09-21 08:52:25,909 | INFO | Engineering news features for LT.NS.
2026-09-21 08:52:33,093 | INFO | Stock features for HINDUNILVR.NS are current; skipping.
2026-09-21 08:52:33,094 | INFO | Engineering news features for HINDUNILVR.NS.
2026-09-21 08:52:37,417 | INFO | Stock features for TITAN.NS are current; skipping.
2026-09-21 08:52:37,417 | INFO | Engineering news features for TITAN.NS.
2026-09-21 08:52:41,760 | INFO | Stock features for SUNPHARMA.NS are current; skipping.
2026-09-21 08:52:41,760 | INFO | Engineering news features for SUNPHARMA.NS.
2026-09-21 08:52:46,835 | INFO | Stock features for INFY.NS are current; skipping.
2026-09-21 08:52:46,835 | INFO | Engineering news features for INFY.NS.
2026-09-21 08:52:54,609 | INFO | Stock features for KOTAKBANK.NS are current; skipping.
2026-09-21 08:52:54,609 | INFO | Engineering news features for KOTAKBANK.NS.
2026-09-21 08:53:01,121 | INFO | Stock features for ADANIENT.NS are current; skipping.
2026-09-21 08:53:01,122 | INFO | Engineering news features for ADANIENT.NS.
2026-09-21 08:53:05,589 | INFO | Stock features for ADANIPORTS.NS are current; skipping.
2026-09-21 08:53:05,589 | INFO | Engineering news features for ADANIPORTS.NS.
2026-09-21 08:53:09,384 | INFO | Stock features for MARUTI.NS are current; skipping.
2026-09-21 08:53:09,385 | INFO | Engineering news features for MARUTI.NS.
2026-09-21 08:53:14,997 | INFO | Stock features for AXISBANK.NS are current; skipping.
2026-09-21 08:53:14,997 | INFO | Engineering news features for AXISBANK.NS.
2026-09-21 08:53:23,499 | INFO | Stock features for M&M.NS are current; skipping.
2026-09-21 08:53:23,500 | INFO | Engineering news features for M&M.NS.
2026-09-21 08:53:24,244 | INFO | Stock features for HCLTECH.NS are current; skipping.
2026-09-21 08:53:24,244 | INFO | Engineering news features for HCLTECH.NS.
2026-09-21 08:53:31,491 | INFO | Stock features for ITC.NS are current; skipping.
2026-09-21 08:53:31,491 | INFO | Engineering news features for ITC.NS.
2026-09-21 08:53:35,774 | INFO | Stock features for ULTRACEMCO.NS are current; skipping.
2026-09-21 08:53:35,775 | INFO | Engineering news features for ULTRACEMCO.NS.
2026-09-21 08:53:41,412 | INFO | Stock features for NTPC.NS are current; skipping.
2026-09-21 08:53:41,412 | INFO | Engineering news features for NTPC.NS.
2026-09-21 08:53:47,008 | INFO | Stock features for BAJAJ-AUTO.NS are current; skipping.
2026-09-21 08:53:47,009 | INFO | Engineering news features for BAJAJ-AUTO.NS.
2026-09-21 08:53:50,740 | INFO | Stock features for ETERNAL.NS are current; skipping.
2026-09-21 08:53:50,740 | INFO | Engineering news features for ETERNAL.NS.
2026-09-21 08:53:52,164 | INFO | Stock features for JSWSTEEL.NS are current; skipping.
2026-09-21 08:53:52,164 | INFO | Engineering news features for JSWSTEEL.NS.
2026-09-21 08:53:58,033 | INFO | Stock features for BAJAJFINSV.NS are current; skipping.
2026-09-21 08:53:58,033 | INFO | Engineering news features for BAJAJFINSV.NS.
2026-09-21 08:54:00,943 | INFO | Stock features for BEL.NS are current; skipping.
2026-09-21 08:54:00,943 | INFO | Engineering news features for BEL.NS.
2026-09-21 08:54:04,284 | INFO | Stock features for ONGC.NS are current; skipping.
2026-09-21 08:54:04,284 | INFO | Engineering news features for ONGC.NS.
2026-09-21 08:54:08,558 | INFO | Stock features for COALINDIA.NS are current; skipping.
2026-09-21 08:54:08,559 | INFO | Engineering news features for COALINDIA.NS.
2026-09-21 08:54:12,993 | INFO | Stock features for POWERGRID.NS are current; skipping.
2026-09-21 08:54:12,993 | INFO | Engineering news features for POWERGRID.NS.
2026-09-21 08:54:17,194 | INFO | Stock features for SHRIRAMFIN.NS are current; skipping.
2026-09-21 08:54:17,195 | INFO | Engineering news features for SHRIRAMFIN.NS.
2026-09-21 08:54:26,940 | INFO | Stock features for ASIANPAINT.NS are current; skipping.
2026-09-21 08:54:26,940 | INFO | Engineering news features for ASIANPAINT.NS.
2026-09-21 08:54:31,291 | INFO | Stock features for TATASTEEL.NS are current; skipping.
2026-09-21 08:54:31,291 | INFO | Engineering news features for TATASTEEL.NS.
2026-09-21 08:54:39,524 | INFO | Stock features for GRASIM.NS are current; skipping.
2026-09-21 08:54:39,524 | INFO | Engineering news features for GRASIM.NS.
2026-09-21 08:54:44,269 | INFO | Stock features for HINDALCO.NS are current; skipping.
2026-09-21 08:54:44,269 | INFO | Engineering news features for HINDALCO.NS.
2026-09-21 08:54:49,327 | INFO | Stock features for EICHERMOT.NS are current; skipping.
2026-09-21 08:54:49,328 | INFO | Engineering news features for EICHERMOT.NS.
2026-09-21 08:54:54,873 | INFO | Stock features for INDIGO.NS are current; skipping.
2026-09-21 08:54:54,874 | INFO | Engineering news features for INDIGO.NS.
2026-09-21 08:54:57,251 | INFO | Stock features for SBILIFE.NS are current; skipping.
2026-09-21 08:54:57,251 | INFO | Engineering news features for SBILIFE.NS.
2026-09-21 08:55:00,104 | INFO | Stock features for WIPRO.NS are current; skipping.
2026-09-21 08:55:00,104 | INFO | Engineering news features for WIPRO.NS.
2026-09-21 08:55:08,535 | INFO | Stock features for JIOFIN.NS are current; skipping.
2026-09-21 08:55:08,535 | INFO | Engineering news features for JIOFIN.NS.
2026-09-21 08:55:10,001 | INFO | Stock features for TECHM.NS are current; skipping.
2026-09-21 08:55:10,001 | INFO | Engineering news features for TECHM.NS.
2026-09-21 08:55:14,258 | INFO | Stock features for TRENT.NS are current; skipping.
2026-09-21 08:55:14,258 | INFO | Engineering news features for TRENT.NS.
2026-09-21 08:55:17,389 | INFO | Stock features for APOLLOHOSP.NS are current; skipping.
2026-09-21 08:55:17,390 | INFO | Engineering news features for APOLLOHOSP.NS.
2026-09-21 08:55:21,444 | INFO | Stock features for HDFCLIFE.NS are current; skipping.
2026-09-21 08:55:21,444 | INFO | Engineering news features for HDFCLIFE.NS.
2026-09-21 08:55:25,076 | INFO | Stock features for TMPV.NS are current; skipping.
2026-09-21 08:55:25,077 | INFO | Engineering news features for TMPV.NS.
2026-09-21 08:55:36,146 | INFO | Stock features for CIPLA.NS are current; skipping.
2026-09-21 08:55:36,146 | INFO | Engineering news features for CIPLA.NS.
2026-09-21 08:55:40,987 | INFO | Stock features for MAXHEALTH.NS are current; skipping.
2026-09-21 08:55:40,987 | INFO | Engineering news features for MAXHEALTH.NS.
2026-09-21 08:55:43,352 | INFO | Stock features for TATACONSUM.NS are current; skipping.
2026-09-21 08:55:43,352 | INFO | Engineering news features for TATACONSUM.NS.
2026-09-21 08:55:47,639 | INFO | Stock features for DRREDDY.NS are current; skipping.
2026-09-21 08:55:47,640 | INFO | Engineering news features for DRREDDY.NS.
2026-09-21 08:55:51,898 | INFO | Stock features for NESTLEIND.NS are current; skipping.
2026-09-21 08:55:51,899 | INFO | Engineering news features for NESTLEIND.NS.
2026-09-21 08:55:53,270 | INFO | Feature engineering complete (split store + joined view).
2026-09-21 08:56:53,150 | INFO | Engineering stock features for RELIANCE.NS.
2026-09-21 08:56:53,462 | INFO | Engineering news features for RELIANCE.NS.
2026-09-21 08:57:00,833 | INFO | Engineering stock features for BHARTIARTL.NS.
2026-09-21 08:57:01,110 | INFO | Engineering news features for BHARTIARTL.NS.
2026-09-21 08:57:06,950 | INFO | Engineering stock features for HDFCBANK.NS.
2026-09-21 08:57:07,207 | INFO | Engineering news features for HDFCBANK.NS.
2026-09-21 08:57:12,496 | INFO | Engineering stock features for ICICIBANK.NS.
2026-09-21 08:57:12,767 | INFO | Engineering news features for ICICIBANK.NS.
2026-09-21 08:57:23,829 | INFO | Engineering stock features for SBIN.NS.
2026-09-21 08:57:24,075 | INFO | Engineering news features for SBIN.NS.
2026-09-21 08:57:30,022 | INFO | Engineering stock features for TCS.NS.
2026-09-21 08:57:30,281 | INFO | Engineering news features for TCS.NS.
2026-09-21 08:57:37,164 | INFO | Engineering stock features for BAJFINANCE.NS.
2026-09-21 08:57:37,442 | INFO | Engineering news features for BAJFINANCE.NS.
2026-09-21 08:57:40,676 | INFO | Engineering stock features for LT.NS.
2026-09-21 08:57:40,952 | INFO | Engineering news features for LT.NS.
2026-09-21 08:57:46,735 | INFO | Engineering stock features for HINDUNILVR.NS.
2026-09-21 08:57:47,006 | INFO | Engineering news features for HINDUNILVR.NS.
2026-09-21 08:57:50,540 | INFO | Engineering stock features for TITAN.NS.
2026-09-21 08:57:50,816 | INFO | Engineering news features for TITAN.NS.
2026-09-21 08:57:54,473 | INFO | Engineering stock features for SUNPHARMA.NS.
2026-09-21 08:57:54,740 | INFO | Engineering news features for SUNPHARMA.NS.
2026-09-21 08:57:59,039 | INFO | Engineering stock features for INFY.NS.
2026-09-21 08:57:59,390 | INFO | Engineering news features for INFY.NS.
2026-09-21 08:58:06,364 | INFO | Engineering stock features for KOTAKBANK.NS.
2026-09-21 08:58:06,650 | INFO | Engineering news features for KOTAKBANK.NS.
2026-09-21 08:58:11,846 | INFO | Engineering stock features for ADANIENT.NS.
2026-09-21 08:58:12,120 | INFO | Engineering news features for ADANIENT.NS.
2026-09-21 08:58:15,764 | INFO | Engineering stock features for ADANIPORTS.NS.
2026-09-21 08:58:16,016 | INFO | Engineering news features for ADANIPORTS.NS.
2026-09-21 08:58:19,056 | INFO | Engineering stock features for MARUTI.NS.
2026-09-21 08:58:19,351 | INFO | Engineering news features for MARUTI.NS.
2026-09-21 08:58:23,993 | INFO | Engineering stock features for AXISBANK.NS.
2026-09-21 08:58:24,257 | INFO | Engineering news features for AXISBANK.NS.
2026-09-21 08:58:31,005 | INFO | Engineering stock features for M&M.NS.
2026-09-21 08:58:31,275 | INFO | Engineering news features for M&M.NS.
2026-09-21 08:58:31,942 | INFO | Engineering stock features for HCLTECH.NS.
2026-09-21 08:58:32,266 | INFO | Engineering news features for HCLTECH.NS.
2026-09-21 08:58:38,513 | INFO | Engineering stock features for ITC.NS.
2026-09-21 08:58:38,754 | INFO | Engineering news features for ITC.NS.
2026-09-21 08:58:42,501 | INFO | Engineering stock features for ULTRACEMCO.NS.
2026-09-21 08:58:42,776 | INFO | Engineering news features for ULTRACEMCO.NS.
2026-09-21 08:58:47,447 | INFO | Engineering stock features for NTPC.NS.
2026-09-21 08:58:47,761 | INFO | Engineering news features for NTPC.NS.
2026-09-21 08:58:52,641 | INFO | Engineering stock features for BAJAJ-AUTO.NS.
2026-09-21 08:58:52,912 | INFO | Engineering news features for BAJAJ-AUTO.NS.
2026-09-21 08:58:56,007 | INFO | Engineering stock features for ETERNAL.NS.
2026-09-21 08:58:56,153 | INFO | Engineering news features for ETERNAL.NS.
2026-09-21 08:58:57,418 | INFO | Engineering stock features for JSWSTEEL.NS.
2026-09-21 08:58:57,704 | INFO | Engineering news features for JSWSTEEL.NS.
2026-09-21 08:59:02,817 | INFO | Engineering stock features for BAJAJFINSV.NS.
2026-09-21 08:59:03,098 | INFO | Engineering news features for BAJAJFINSV.NS.
2026-09-21 08:59:05,605 | INFO | Engineering stock features for BEL.NS.
2026-09-21 08:59:05,968 | INFO | Engineering news features for BEL.NS.
2026-09-21 08:59:08,961 | INFO | Engineering stock features for ONGC.NS.
2026-09-21 08:59:09,257 | INFO | Engineering news features for ONGC.NS.
2026-09-21 08:59:12,755 | INFO | Engineering stock features for COALINDIA.NS.
2026-09-21 08:59:13,015 | INFO | Engineering news features for COALINDIA.NS.
2026-09-21 08:59:16,480 | INFO | Engineering stock features for POWERGRID.NS.
2026-09-21 08:59:16,747 | INFO | Engineering news features for POWERGRID.NS.
2026-09-21 08:59:20,293 | INFO | Engineering stock features for SHRIRAMFIN.NS.
2026-09-21 08:59:20,543 | INFO | Engineering news features for SHRIRAMFIN.NS.
2026-09-21 08:59:33,924 | INFO | Engineering stock features for ASIANPAINT.NS.
2026-09-21 08:59:34,514 | INFO | Engineering news features for ASIANPAINT.NS.
2026-09-21 08:59:41,697 | INFO | Engineering stock features for TATASTEEL.NS.
2026-09-21 08:59:42,360 | INFO | Engineering news features for TATASTEEL.NS.
2026-09-21 08:59:55,166 | INFO | Engineering stock features for GRASIM.NS.
2026-09-21 08:59:55,717 | INFO | Engineering news features for GRASIM.NS.
2026-09-21 09:00:03,365 | INFO | Engineering stock features for HINDALCO.NS.
2026-09-21 09:00:04,073 | INFO | Engineering news features for HINDALCO.NS.
2026-09-21 09:00:12,342 | INFO | Engineering stock features for EICHERMOT.NS.
2026-09-21 09:00:13,182 | INFO | Engineering news features for EICHERMOT.NS.
2026-09-21 09:00:22,375 | INFO | Engineering stock features for INDIGO.NS.
2026-09-21 09:00:22,948 | INFO | Engineering news features for INDIGO.NS.
2026-09-21 09:00:26,650 | INFO | Engineering stock features for SBILIFE.NS.
2026-09-21 09:00:27,034 | INFO | Engineering news features for SBILIFE.NS.
2026-09-21 09:00:31,310 | INFO | Engineering stock features for WIPRO.NS.
2026-09-21 09:00:32,052 | INFO | Engineering news features for WIPRO.NS.
2026-09-21 09:00:44,088 | INFO | Engineering stock features for JIOFIN.NS.
2026-09-21 09:00:44,203 | INFO | Engineering news features for JIOFIN.NS.
2026-09-21 09:00:45,353 | INFO | Engineering stock features for TECHM.NS.
2026-09-21 09:00:45,653 | INFO | Engineering news features for TECHM.NS.
2026-09-21 09:00:51,566 | INFO | Engineering stock features for TRENT.NS.
2026-09-21 09:00:52,133 | INFO | Engineering news features for TRENT.NS.
2026-09-21 09:00:56,819 | INFO | Engineering stock features for APOLLOHOSP.NS.
2026-09-21 09:00:57,355 | INFO | Engineering news features for APOLLOHOSP.NS.
2026-09-21 09:01:02,610 | INFO | Engineering stock features for HDFCLIFE.NS.
2026-09-21 09:01:02,998 | INFO | Engineering news features for HDFCLIFE.NS.
2026-09-21 09:01:06,878 | INFO | Engineering stock features for TMPV.NS.
2026-09-21 09:01:07,458 | INFO | Engineering news features for TMPV.NS.
2026-09-21 09:01:16,998 | INFO | Engineering stock features for CIPLA.NS.
2026-09-21 09:01:17,526 | INFO | Engineering news features for CIPLA.NS.
2026-09-21 09:01:23,708 | INFO | Engineering stock features for MAXHEALTH.NS.
2026-09-21 09:01:24,019 | INFO | Engineering news features for MAXHEALTH.NS.
2026-09-21 09:01:27,863 | INFO | Engineering stock features for TATACONSUM.NS.
2026-09-21 09:01:28,493 | INFO | Engineering news features for TATACONSUM.NS.
2026-09-21 09:01:35,515 | INFO | Engineering stock features for DRREDDY.NS.
2026-09-21 09:01:36,112 | INFO | Engineering news features for DRREDDY.NS.
2026-09-21 09:01:43,444 | INFO | Engineering stock features for NESTLEIND.NS.
2026-09-21 09:01:44,093 | INFO | Engineering news features for NESTLEIND.NS.
2026-09-21 09:01:46,541 | INFO | Feature engineering complete (split store + joined view).
