2026-09-15 10:41:01,714 | INFO | Built ^NSEI: 3902 rows, 128 columns
2026-09-15 10:41:01,721 | INFO | ========== COMPLETE labels ==========
2026-09-15 10:41:01,721 | INFO | ========== START baseline ==========
2026-09-15 10:41:03,467 | INFO | ========== COMPLETE baseline ==========
2026-09-15 10:41:03,467 | INFO | ========== START train ==========
2026-09-15 21:22:19,147 | INFO | Built RELIANCE.NS: 3926 rows, 128 columns
2026-09-15 21:22:20,001 | INFO | Built BHARTIARTL.NS: 3926 rows, 128 columns
2026-09-15 21:22:20,850 | INFO | Built HDFCBANK.NS: 3926 rows, 128 columns
2026-09-15 21:22:21,749 | INFO | Built ICICIBANK.NS: 3926 rows, 128 columns
2026-09-15 21:22:22,641 | INFO | Built SBIN.NS: 3926 rows, 128 columns
2026-09-15 21:22:23,526 | INFO | Built TCS.NS: 3926 rows, 128 columns
2026-09-15 21:22:24,411 | INFO | Built BAJFINANCE.NS: 3926 rows, 128 columns
2026-09-15 21:22:25,317 | INFO | Built LT.NS: 3926 rows, 128 columns
2026-09-15 21:22:26,180 | INFO | Built HINDUNILVR.NS: 3925 rows, 128 columns
2026-09-15 21:22:27,058 | INFO | Built TITAN.NS: 3926 rows, 128 columns
2026-09-15 21:22:27,909 | INFO | Built SUNPHARMA.NS: 3926 rows, 128 columns
2026-09-15 21:22:28,898 | INFO | Built INFY.NS: 3926 rows, 128 columns
2026-09-15 21:22:29,783 | INFO | Built KOTAKBANK.NS: 3926 rows, 128 columns
2026-09-15 21:22:30,699 | INFO | Built ADANIENT.NS: 3926 rows, 128 columns
2026-09-15 21:22:31,551 | INFO | Built ADANIPORTS.NS: 3925 rows, 128 columns
2026-09-15 21:22:32,436 | INFO | Built MARUTI.NS: 3926 rows, 128 columns
2026-09-15 21:22:33,330 | INFO | Built AXISBANK.NS: 3925 rows, 128 columns
2026-09-15 21:22:34,193 | INFO | Built M&M.NS: 3926 rows, 128 columns
2026-09-15 21:22:35,060 | INFO | Built HCLTECH.NS: 3926 rows, 128 columns
2026-09-15 21:22:35,938 | INFO | Built ITC.NS: 3926 rows, 128 columns
2026-09-15 21:22:36,812 | INFO | Built ULTRACEMCO.NS: 3926 rows, 128 columns
2026-09-15 21:22:37,682 | INFO | Built NTPC.NS: 3926 rows, 128 columns
2026-09-15 21:22:38,541 | INFO | Built BAJAJ-AUTO.NS: 3926 rows, 128 columns
2026-09-15 21:22:38,850 | INFO | Built ETERNAL.NS: 1250 rows, 128 columns
2026-09-15 21:22:39,707 | INFO | Built JSWSTEEL.NS: 3926 rows, 128 columns
2026-09-15 21:22:40,638 | INFO | Built BAJAJFINSV.NS: 3926 rows, 128 columns
2026-09-15 21:22:41,552 | INFO | Built BEL.NS: 3926 rows, 128 columns
2026-09-15 21:22:42,429 | INFO | Built ONGC.NS: 3926 rows, 128 columns
2026-09-15 21:22:43,295 | INFO | Built COALINDIA.NS: 3890 rows, 128 columns
2026-09-15 21:22:44,184 | INFO | Built POWERGRID.NS: 3925 rows, 128 columns
2026-09-15 21:22:45,132 | INFO | Built SHRIRAMFIN.NS: 3926 rows, 128 columns
2026-09-15 21:22:46,002 | INFO | Built ASIANPAINT.NS: 3926 rows, 128 columns
2026-09-15 21:22:46,891 | INFO | Built TATASTEEL.NS: 3926 rows, 128 columns
2026-09-15 21:22:47,767 | INFO | Built GRASIM.NS: 3925 rows, 128 columns
2026-09-15 21:22:48,628 | INFO | Built HINDALCO.NS: 3925 rows, 128 columns
2026-09-15 21:22:49,595 | INFO | Built EICHERMOT.NS: 3925 rows, 128 columns
2026-09-15 21:22:50,289 | INFO | Built INDIGO.NS: 2654 rows, 128 columns
2026-09-15 21:22:50,803 | INFO | Built SBILIFE.NS: 2190 rows, 128 columns
2026-09-15 21:22:51,689 | INFO | Built WIPRO.NS: 3926 rows, 128 columns
2026-09-15 21:22:51,887 | INFO | Built JIOFIN.NS: 735 rows, 128 columns
2026-09-15 21:22:53,117 | INFO | Built TECHM.NS: 3926 rows, 128 columns
2026-09-15 21:22:54,191 | INFO | Built TRENT.NS: 3926 rows, 128 columns
2026-09-15 21:22:55,146 | INFO | Built APOLLOHOSP.NS: 3925 rows, 128 columns
2026-09-15 21:22:55,661 | INFO | Built HDFCLIFE.NS: 2158 rows, 128 columns
2026-09-15 21:22:56,578 | INFO | Built TMPV.NS: 3926 rows, 128 columns
2026-09-15 21:22:57,461 | INFO | Built CIPLA.NS: 3925 rows, 128 columns
2026-09-15 21:22:57,833 | INFO | Built MAXHEALTH.NS: 1479 rows, 128 columns
2026-09-15 21:22:58,727 | INFO | Built TATACONSUM.NS: 3926 rows, 128 columns
2026-09-15 21:22:59,612 | INFO | Built DRREDDY.NS: 3926 rows, 128 columns
2026-09-15 21:23:00,495 | INFO | Built NESTLEIND.NS: 3926 rows, 128 columns
2026-09-15 23:18:11,352 | INFO | Built RELIANCE.NS: 3921 rows, 128 columns
2026-09-15 23:18:12,511 | INFO | Built BHARTIARTL.NS: 3921 rows, 128 columns
2026-09-15 23:18:13,460 | INFO | Built HDFCBANK.NS: 3921 rows, 128 columns
2026-09-15 23:18:14,421 | INFO | Built ICICIBANK.NS: 3921 rows, 128 columns
2026-09-15 23:18:15,436 | INFO | Built SBIN.NS: 3921 rows, 128 columns
2026-09-15 23:18:16,453 | INFO | Built TCS.NS: 3921 rows, 128 columns
2026-09-15 23:18:17,595 | INFO | Built BAJFINANCE.NS: 3921 rows, 128 columns
2026-09-15 23:18:18,740 | INFO | Built LT.NS: 3921 rows, 128 columns
2026-09-15 23:18:19,792 | INFO | Built HINDUNILVR.NS: 3920 rows, 128 columns
2026-09-15 23:18:21,151 | INFO | Built TITAN.NS: 3921 rows, 128 columns
2026-09-15 23:18:22,168 | INFO | Built SUNPHARMA.NS: 3921 rows, 128 columns
2026-09-15 23:18:23,644 | INFO | Built INFY.NS: 3921 rows, 128 columns
2026-09-15 23:18:25,342 | INFO | Built KOTAKBANK.NS: 3921 rows, 128 columns
2026-09-15 23:18:26,480 | INFO | Built ADANIENT.NS: 3921 rows, 128 columns
2026-09-15 23:18:27,503 | INFO | Built ADANIPORTS.NS: 3920 rows, 128 columns
2026-09-15 23:18:28,626 | INFO | Built MARUTI.NS: 3921 rows, 128 columns
2026-09-15 23:18:29,833 | INFO | Built AXISBANK.NS: 3920 rows, 128 columns
2026-09-15 23:18:31,112 | INFO | Built M&M.NS: 3921 rows, 128 columns
2026-09-15 23:18:32,138 | INFO | Built HCLTECH.NS: 3921 rows, 128 columns
2026-09-15 23:18:33,199 | INFO | Built ITC.NS: 3921 rows, 128 columns
2026-09-15 23:18:34,246 | INFO | Built ULTRACEMCO.NS: 3921 rows, 128 columns
2026-09-15 23:18:35,184 | INFO | Built NTPC.NS: 3921 rows, 128 columns
2026-09-15 23:18:36,135 | INFO | Built BAJAJ-AUTO.NS: 3921 rows, 128 columns
2026-09-15 23:18:36,623 | INFO | Built ETERNAL.NS: 1245 rows, 128 columns
2026-09-15 23:18:37,863 | INFO | Built JSWSTEEL.NS: 3921 rows, 128 columns
2026-09-15 23:18:38,823 | INFO | Built BAJAJFINSV.NS: 3921 rows, 128 columns
2026-09-15 23:18:39,834 | INFO | Built BEL.NS: 3921 rows, 128 columns
2026-09-15 23:18:40,770 | INFO | Built ONGC.NS: 3921 rows, 128 columns
2026-09-15 23:18:41,769 | INFO | Built COALINDIA.NS: 3885 rows, 128 columns
2026-09-15 23:18:42,748 | INFO | Built POWERGRID.NS: 3920 rows, 128 columns
2026-09-15 23:18:43,773 | INFO | Built SHRIRAMFIN.NS: 3921 rows, 128 columns
2026-09-15 23:18:44,893 | INFO | Built ASIANPAINT.NS: 3921 rows, 128 columns
2026-09-15 23:18:46,051 | INFO | Built TATASTEEL.NS: 3921 rows, 128 columns
2026-09-15 23:18:47,073 | INFO | Built GRASIM.NS: 3920 rows, 128 columns
2026-09-15 23:18:48,231 | INFO | Built HINDALCO.NS: 3920 rows, 128 columns
2026-09-15 23:18:49,371 | INFO | Built EICHERMOT.NS: 3920 rows, 128 columns
2026-09-15 23:18:50,295 | INFO | Built INDIGO.NS: 2649 rows, 128 columns
2026-09-15 23:18:50,933 | INFO | Built SBILIFE.NS: 2185 rows, 128 columns
2026-09-15 23:18:52,307 | INFO | Built WIPRO.NS: 3921 rows, 128 columns
2026-09-15 23:18:52,667 | INFO | Built JIOFIN.NS: 730 rows, 128 columns
2026-09-15 23:18:53,959 | INFO | Built TECHM.NS: 3921 rows, 128 columns
2026-09-15 23:18:55,319 | INFO | Built TRENT.NS: 3921 rows, 128 columns
2026-09-15 23:18:56,478 | INFO | Built APOLLOHOSP.NS: 3920 rows, 128 columns
2026-09-15 23:18:57,182 | INFO | Built HDFCLIFE.NS: 2153 rows, 128 columns
2026-09-15 23:18:58,524 | INFO | Built TMPV.NS: 3921 rows, 128 columns
2026-09-15 23:18:59,829 | INFO | Built CIPLA.NS: 3920 rows, 128 columns
2026-09-15 23:19:00,360 | INFO | Built MAXHEALTH.NS: 1474 rows, 128 columns
2026-09-15 23:19:01,646 | INFO | Built TATACONSUM.NS: 3921 rows, 128 columns
2026-09-15 23:19:02,971 | INFO | Built DRREDDY.NS: 3921 rows, 128 columns
2026-09-15 23:19:04,120 | INFO | Built NESTLEIND.NS: 3921 rows, 128 columns
2026-09-15 23:45:00,328 | INFO | Built RELIANCE.NS: 3926 rows, 128 columns
2026-09-15 23:45:03,613 | INFO | Built BHARTIARTL.NS: 3926 rows, 128 columns
2026-09-15 23:45:07,136 | INFO | Built HDFCBANK.NS: 3926 rows, 128 columns
2026-09-15 23:45:10,657 | INFO | Built ICICIBANK.NS: 3926 rows, 128 columns
2026-09-15 23:45:14,198 | INFO | Built SBIN.NS: 3926 rows, 128 columns
2026-09-15 23:45:17,604 | INFO | Built TCS.NS: 3926 rows, 128 columns
2026-09-15 23:45:21,113 | INFO | Built BAJFINANCE.NS: 3926 rows, 128 columns
2026-09-15 23:45:24,782 | INFO | Built LT.NS: 3926 rows, 128 columns
2026-09-15 23:45:28,377 | INFO | Built HINDUNILVR.NS: 3925 rows, 128 columns
2026-09-15 23:45:31,888 | INFO | Built TITAN.NS: 3926 rows, 128 columns
2026-09-15 23:45:35,400 | INFO | Built SUNPHARMA.NS: 3926 rows, 128 columns
2026-09-15 23:45:39,306 | INFO | Built INFY.NS: 3926 rows, 128 columns
2026-09-15 23:45:42,908 | INFO | Built KOTAKBANK.NS: 3926 rows, 128 columns
2026-09-15 23:45:46,624 | INFO | Built ADANIENT.NS: 3926 rows, 128 columns
2026-09-15 23:45:50,314 | INFO | Built ADANIPORTS.NS: 3925 rows, 128 columns
2026-09-15 23:45:53,908 | INFO | Built MARUTI.NS: 3926 rows, 128 columns
2026-09-15 23:45:57,143 | INFO | Built AXISBANK.NS: 3925 rows, 128 columns
2026-09-15 23:46:00,664 | INFO | Built M&M.NS: 3926 rows, 128 columns
2026-09-15 23:46:04,116 | INFO | Built HCLTECH.NS: 3926 rows, 128 columns
2026-09-15 23:46:07,593 | INFO | Built ITC.NS: 3926 rows, 128 columns
2026-09-15 23:46:10,985 | INFO | Built ULTRACEMCO.NS: 3926 rows, 128 columns
2026-09-15 23:46:14,366 | INFO | Built NTPC.NS: 3926 rows, 128 columns
2026-09-15 23:46:17,857 | INFO | Built BAJAJ-AUTO.NS: 3926 rows, 128 columns
2026-09-15 23:46:19,040 | INFO | Built ETERNAL.NS: 1250 rows, 128 columns
2026-09-15 23:46:22,522 | INFO | Built JSWSTEEL.NS: 3926 rows, 128 columns
2026-09-15 23:46:26,107 | INFO | Built BAJAJFINSV.NS: 3926 rows, 128 columns
2026-09-15 23:46:29,667 | INFO | Built BEL.NS: 3926 rows, 128 columns
2026-09-15 23:46:33,133 | INFO | Built ONGC.NS: 3926 rows, 128 columns
2026-09-15 23:46:36,658 | INFO | Built COALINDIA.NS: 3890 rows, 128 columns
2026-09-15 23:46:40,236 | INFO | Built POWERGRID.NS: 3925 rows, 128 columns
2026-09-15 23:46:43,815 | INFO | Built SHRIRAMFIN.NS: 3926 rows, 128 columns
2026-09-15 23:46:47,321 | INFO | Built ASIANPAINT.NS: 3926 rows, 128 columns
2026-09-15 23:46:50,971 | INFO | Built TATASTEEL.NS: 3926 rows, 128 columns
2026-09-15 23:46:54,665 | INFO | Built GRASIM.NS: 3925 rows, 128 columns
2026-09-15 23:46:58,247 | INFO | Built HINDALCO.NS: 3925 rows, 128 columns
2026-09-15 23:47:01,900 | INFO | Built EICHERMOT.NS: 3925 rows, 128 columns
2026-09-15 23:47:04,559 | INFO | Built INDIGO.NS: 2654 rows, 128 columns
2026-09-15 23:47:06,570 | INFO | Built SBILIFE.NS: 2190 rows, 128 columns
2026-09-15 23:47:10,254 | INFO | Built WIPRO.NS: 3926 rows, 128 columns
2026-09-15 23:47:11,190 | INFO | Built JIOFIN.NS: 735 rows, 128 columns
2026-09-15 23:47:14,766 | INFO | Built TECHM.NS: 3926 rows, 128 columns
2026-09-15 23:47:18,305 | INFO | Built TRENT.NS: 3926 rows, 128 columns
2026-09-15 23:47:21,978 | INFO | Built APOLLOHOSP.NS: 3925 rows, 128 columns
2026-09-15 23:47:24,071 | INFO | Built HDFCLIFE.NS: 2158 rows, 128 columns
2026-09-15 23:47:27,858 | INFO | Built TMPV.NS: 3926 rows, 128 columns
2026-09-15 23:47:31,440 | INFO | Built CIPLA.NS: 3925 rows, 128 columns
2026-09-15 23:47:32,898 | INFO | Built MAXHEALTH.NS: 1479 rows, 128 columns
2026-09-15 23:47:36,601 | INFO | Built TATACONSUM.NS: 3926 rows, 128 columns
2026-09-15 23:47:40,412 | INFO | Built DRREDDY.NS: 3926 rows, 128 columns
2026-09-15 23:47:44,240 | INFO | Built NESTLEIND.NS: 3926 rows, 128 columns
2026-09-18 19:07:01,122 | INFO | Built RELIANCE.NS: 3926 rows, 148 columns
2026-09-18 19:07:03,684 | INFO | Built BHARTIARTL.NS: 3926 rows, 148 columns
2026-09-18 19:07:06,279 | INFO | Built HDFCBANK.NS: 3926 rows, 148 columns
2026-09-18 19:07:08,927 | INFO | Built ICICIBANK.NS: 3926 rows, 148 columns
2026-09-18 19:07:11,676 | INFO | Built SBIN.NS: 3926 rows, 148 columns
2026-09-18 19:07:14,547 | INFO | Built TCS.NS: 3926 rows, 148 columns
2026-09-18 19:07:17,697 | INFO | Built BAJFINANCE.NS: 3926 rows, 148 columns
2026-09-18 19:07:20,614 | INFO | Built LT.NS: 3926 rows, 148 columns
2026-09-18 19:07:23,622 | INFO | Built HINDUNILVR.NS: 3925 rows, 148 columns
2026-09-18 19:07:26,613 | INFO | Built TITAN.NS: 3926 rows, 148 columns
2026-09-18 19:07:29,707 | INFO | Built SUNPHARMA.NS: 3926 rows, 148 columns
2026-09-18 19:07:32,825 | INFO | Built INFY.NS: 3926 rows, 148 columns
2026-09-18 19:07:35,624 | INFO | Built KOTAKBANK.NS: 3926 rows, 148 columns
2026-09-18 19:07:38,672 | INFO | Built ADANIENT.NS: 3926 rows, 148 columns
2026-09-18 19:07:41,969 | INFO | Built ADANIPORTS.NS: 3925 rows, 148 columns
2026-09-18 19:07:44,599 | INFO | Built MARUTI.NS: 3926 rows, 148 columns
2026-09-18 19:07:47,292 | INFO | Built AXISBANK.NS: 3925 rows, 148 columns
2026-09-18 19:07:49,900 | INFO | Built M&M.NS: 3926 rows, 148 columns
2026-09-18 19:07:52,816 | INFO | Built HCLTECH.NS: 3926 rows, 148 columns
2026-09-18 19:07:55,971 | INFO | Built ITC.NS: 3926 rows, 148 columns
2026-09-18 19:07:58,842 | INFO | Built ULTRACEMCO.NS: 3926 rows, 148 columns
2026-09-18 19:08:01,970 | INFO | Built NTPC.NS: 3926 rows, 148 columns
2026-09-18 19:08:05,052 | INFO | Built BAJAJ-AUTO.NS: 3926 rows, 148 columns
2026-09-18 19:08:06,131 | INFO | Built ETERNAL.NS: 1250 rows, 148 columns
2026-09-18 19:08:09,134 | INFO | Built JSWSTEEL.NS: 3926 rows, 148 columns
2026-09-18 19:08:12,231 | INFO | Built BAJAJFINSV.NS: 3926 rows, 148 columns
2026-09-18 19:08:15,542 | INFO | Built BEL.NS: 3926 rows, 148 columns
2026-09-18 19:08:18,907 | INFO | Built ONGC.NS: 3926 rows, 148 columns
2026-09-18 19:08:22,120 | INFO | Built COALINDIA.NS: 3890 rows, 148 columns
2026-09-18 19:08:25,182 | INFO | Built POWERGRID.NS: 3925 rows, 148 columns
2026-09-18 19:08:28,669 | INFO | Built SHRIRAMFIN.NS: 3926 rows, 148 columns
2026-09-18 19:08:31,767 | INFO | Built ASIANPAINT.NS: 3926 rows, 148 columns
2026-09-18 19:08:34,841 | INFO | Built TATASTEEL.NS: 3926 rows, 148 columns
2026-09-18 19:08:38,349 | INFO | Built GRASIM.NS: 3925 rows, 148 columns
2026-09-18 19:08:41,694 | INFO | Built HINDALCO.NS: 3925 rows, 148 columns
2026-09-18 19:08:44,815 | INFO | Built EICHERMOT.NS: 3925 rows, 148 columns
2026-09-18 19:08:46,856 | INFO | Built INDIGO.NS: 2654 rows, 148 columns
2026-09-18 19:08:48,509 | INFO | Built SBILIFE.NS: 2190 rows, 148 columns
2026-09-18 19:08:51,334 | INFO | Built WIPRO.NS: 3926 rows, 148 columns
2026-09-18 19:08:51,911 | INFO | Built JIOFIN.NS: 735 rows, 148 columns
2026-09-18 19:08:55,069 | INFO | Built TECHM.NS: 3926 rows, 148 columns
2026-09-18 19:08:58,240 | INFO | Built TRENT.NS: 3926 rows, 148 columns
2026-09-18 19:09:01,453 | INFO | Built APOLLOHOSP.NS: 3925 rows, 148 columns
2026-09-18 19:09:03,217 | INFO | Built HDFCLIFE.NS: 2158 rows, 148 columns
2026-09-18 19:09:06,312 | INFO | Built TMPV.NS: 3926 rows, 148 columns
2026-09-18 19:09:09,320 | INFO | Built CIPLA.NS: 3925 rows, 148 columns
2026-09-18 19:09:10,685 | INFO | Built MAXHEALTH.NS: 1479 rows, 148 columns
2026-09-18 19:09:13,758 | INFO | Built TATACONSUM.NS: 3926 rows, 148 columns
2026-09-18 19:09:16,774 | INFO | Built DRREDDY.NS: 3926 rows, 148 columns
2026-09-18 19:09:19,921 | INFO | Built NESTLEIND.NS: 3926 rows, 148 columns
2026-09-19 10:21:16,491 | INFO | Built RELIANCE.NS: 3926 rows, 148 columns
2026-09-19 10:21:18,391 | INFO | Built BHARTIARTL.NS: 3926 rows, 148 columns
2026-09-19 10:21:20,620 | INFO | Built HDFCBANK.NS: 3926 rows, 148 columns
2026-09-19 10:21:22,701 | INFO | Built ICICIBANK.NS: 3926 rows, 148 columns
2026-09-19 10:21:24,708 | INFO | Built SBIN.NS: 3926 rows, 148 columns
2026-09-19 10:21:26,689 | INFO | Built TCS.NS: 3926 rows, 148 columns
2026-09-19 10:21:28,730 | INFO | Built BAJFINANCE.NS: 3926 rows, 148 columns
2026-09-19 10:21:30,508 | INFO | Built LT.NS: 3926 rows, 148 columns
2026-09-19 10:21:32,357 | INFO | Built HINDUNILVR.NS: 3925 rows, 148 columns
2026-09-19 10:21:34,406 | INFO | Built TITAN.NS: 3926 rows, 148 columns
2026-09-19 10:21:36,199 | INFO | Built SUNPHARMA.NS: 3926 rows, 148 columns
2026-09-19 10:21:38,250 | INFO | Built INFY.NS: 3926 rows, 148 columns
2026-09-19 10:21:40,095 | INFO | Built KOTAKBANK.NS: 3926 rows, 148 columns
2026-09-19 10:21:42,091 | INFO | Built ADANIENT.NS: 3926 rows, 148 columns
2026-09-19 10:21:44,101 | INFO | Built ADANIPORTS.NS: 3925 rows, 148 columns
2026-09-19 10:21:46,106 | INFO | Built MARUTI.NS: 3926 rows, 148 columns
2026-09-19 10:21:48,172 | INFO | Built AXISBANK.NS: 3925 rows, 148 columns
2026-09-19 10:21:50,276 | INFO | Built M&M.NS: 3926 rows, 148 columns
2026-09-19 10:21:52,343 | INFO | Built HCLTECH.NS: 3926 rows, 148 columns
2026-09-19 10:21:54,366 | INFO | Built ITC.NS: 3926 rows, 148 columns
2026-09-19 10:21:56,381 | INFO | Built ULTRACEMCO.NS: 3926 rows, 148 columns
2026-09-19 10:21:58,424 | INFO | Built NTPC.NS: 3926 rows, 148 columns
2026-09-19 10:22:00,506 | INFO | Built BAJAJ-AUTO.NS: 3926 rows, 148 columns
2026-09-19 10:22:01,222 | INFO | Built ETERNAL.NS: 1250 rows, 148 columns
2026-09-19 10:22:03,114 | INFO | Built JSWSTEEL.NS: 3926 rows, 148 columns
2026-09-19 10:22:05,042 | INFO | Built BAJAJFINSV.NS: 3926 rows, 148 columns
2026-09-19 10:22:07,066 | INFO | Built BEL.NS: 3926 rows, 148 columns
2026-09-19 10:22:08,937 | INFO | Built ONGC.NS: 3926 rows, 148 columns
2026-09-19 10:22:10,495 | INFO | Built COALINDIA.NS: 3890 rows, 148 columns
2026-09-19 10:22:12,319 | INFO | Built POWERGRID.NS: 3925 rows, 148 columns
2026-09-19 10:22:13,927 | INFO | Built SHRIRAMFIN.NS: 3926 rows, 148 columns
2026-09-19 10:22:16,431 | INFO | Built ASIANPAINT.NS: 3926 rows, 148 columns
2026-09-19 10:22:18,923 | INFO | Built TATASTEEL.NS: 3926 rows, 148 columns
2026-09-19 10:22:21,034 | INFO | Built GRASIM.NS: 3925 rows, 148 columns
2026-09-19 10:22:23,200 | INFO | Built HINDALCO.NS: 3925 rows, 148 columns
2026-09-19 10:22:25,645 | INFO | Built EICHERMOT.NS: 3925 rows, 148 columns
2026-09-19 10:22:27,117 | INFO | Built INDIGO.NS: 2654 rows, 148 columns
2026-09-19 10:22:28,633 | INFO | Built SBILIFE.NS: 2190 rows, 148 columns
2026-09-19 10:22:30,633 | INFO | Built WIPRO.NS: 3926 rows, 148 columns
2026-09-19 10:22:31,024 | INFO | Built JIOFIN.NS: 735 rows, 148 columns
2026-09-19 10:22:32,945 | INFO | Built TECHM.NS: 3926 rows, 148 columns
2026-09-19 10:22:34,785 | INFO | Built TRENT.NS: 3926 rows, 148 columns
2026-09-19 10:22:36,714 | INFO | Built APOLLOHOSP.NS: 3925 rows, 148 columns
2026-09-19 10:22:38,061 | INFO | Built HDFCLIFE.NS: 2158 rows, 148 columns
2026-09-19 10:22:40,250 | INFO | Built TMPV.NS: 3926 rows, 148 columns
2026-09-19 10:22:42,478 | INFO | Built CIPLA.NS: 3925 rows, 148 columns
2026-09-19 10:22:43,269 | INFO | Built MAXHEALTH.NS: 1479 rows, 148 columns
2026-09-19 10:22:45,285 | INFO | Built TATACONSUM.NS: 3926 rows, 148 columns
2026-09-19 10:22:46,711 | INFO | Built DRREDDY.NS: 3926 rows, 148 columns
2026-09-19 10:22:47,929 | INFO | Built NESTLEIND.NS: 3926 rows, 148 columns
2026-09-19 10:25:47,255 | INFO | Built RELIANCE.NS: 3926 rows, 149 columns
2026-09-19 10:25:49,308 | INFO | Built BHARTIARTL.NS: 3926 rows, 149 columns
2026-09-19 10:25:51,348 | INFO | Built HDFCBANK.NS: 3926 rows, 149 columns
2026-09-19 10:25:52,981 | INFO | Built ICICIBANK.NS: 3926 rows, 149 columns
2026-09-19 10:25:55,100 | INFO | Built SBIN.NS: 3926 rows, 149 columns
2026-09-19 10:25:57,257 | INFO | Built TCS.NS: 3926 rows, 149 columns
2026-09-19 10:25:59,375 | INFO | Built BAJFINANCE.NS: 3926 rows, 149 columns
2026-09-19 10:26:01,466 | INFO | Built LT.NS: 3926 rows, 149 columns
2026-09-19 10:26:03,419 | INFO | Built HINDUNILVR.NS: 3925 rows, 149 columns
2026-09-19 10:26:05,583 | INFO | Built TITAN.NS: 3926 rows, 149 columns
2026-09-19 10:26:07,548 | INFO | Built SUNPHARMA.NS: 3926 rows, 149 columns
2026-09-19 10:26:09,630 | INFO | Built INFY.NS: 3926 rows, 149 columns
2026-09-19 10:26:11,549 | INFO | Built KOTAKBANK.NS: 3926 rows, 149 columns
2026-09-19 10:26:13,559 | INFO | Built ADANIENT.NS: 3926 rows, 149 columns
2026-09-19 10:26:15,638 | INFO | Built ADANIPORTS.NS: 3925 rows, 149 columns
2026-09-19 10:26:17,650 | INFO | Built MARUTI.NS: 3926 rows, 149 columns
2026-09-19 10:26:19,746 | INFO | Built AXISBANK.NS: 3925 rows, 149 columns
2026-09-19 10:26:21,759 | INFO | Built M&M.NS: 3926 rows, 149 columns
2026-09-19 10:26:23,594 | INFO | Built HCLTECH.NS: 3926 rows, 149 columns
2026-09-19 10:26:25,669 | INFO | Built ITC.NS: 3926 rows, 149 columns
2026-09-19 10:26:27,696 | INFO | Built ULTRACEMCO.NS: 3926 rows, 149 columns
2026-09-19 10:26:29,815 | INFO | Built NTPC.NS: 3926 rows, 149 columns
2026-09-19 10:26:31,854 | INFO | Built BAJAJ-AUTO.NS: 3926 rows, 149 columns
2026-09-19 10:26:32,640 | INFO | Built ETERNAL.NS: 1250 rows, 149 columns
2026-09-19 10:26:34,827 | INFO | Built JSWSTEEL.NS: 3926 rows, 149 columns
2026-09-19 10:26:36,987 | INFO | Built BAJAJFINSV.NS: 3926 rows, 149 columns
2026-09-19 10:26:39,077 | INFO | Built BEL.NS: 3926 rows, 149 columns
2026-09-19 10:26:41,109 | INFO | Built ONGC.NS: 3926 rows, 149 columns
2026-09-19 10:26:43,122 | INFO | Built COALINDIA.NS: 3890 rows, 149 columns
2026-09-19 10:26:45,235 | INFO | Built POWERGRID.NS: 3925 rows, 149 columns
2026-09-19 10:26:47,289 | INFO | Built SHRIRAMFIN.NS: 3926 rows, 149 columns
2026-09-19 10:26:49,348 | INFO | Built ASIANPAINT.NS: 3926 rows, 149 columns
2026-09-19 10:26:51,419 | INFO | Built TATASTEEL.NS: 3926 rows, 149 columns
2026-09-19 10:26:53,512 | INFO | Built GRASIM.NS: 3925 rows, 149 columns
2026-09-19 10:26:55,529 | INFO | Built HINDALCO.NS: 3925 rows, 149 columns
2026-09-19 10:26:57,612 | INFO | Built EICHERMOT.NS: 3925 rows, 149 columns
2026-09-19 10:26:59,170 | INFO | Built INDIGO.NS: 2654 rows, 149 columns
2026-09-19 10:27:00,375 | INFO | Built SBILIFE.NS: 2190 rows, 149 columns
2026-09-19 10:27:02,579 | INFO | Built WIPRO.NS: 3926 rows, 149 columns
2026-09-19 10:27:03,053 | INFO | Built JIOFIN.NS: 735 rows, 149 columns
2026-09-19 10:27:05,055 | INFO | Built TECHM.NS: 3926 rows, 149 columns
2026-09-19 10:27:07,151 | INFO | Built TRENT.NS: 3926 rows, 149 columns
2026-09-19 10:27:09,157 | INFO | Built APOLLOHOSP.NS: 3925 rows, 149 columns
2026-09-19 10:27:10,410 | INFO | Built HDFCLIFE.NS: 2158 rows, 149 columns
2026-09-19 10:27:12,638 | INFO | Built TMPV.NS: 3926 rows, 149 columns
2026-09-19 10:27:14,676 | INFO | Built CIPLA.NS: 3925 rows, 149 columns
2026-09-19 10:27:15,500 | INFO | Built MAXHEALTH.NS: 1479 rows, 149 columns
2026-09-19 10:27:17,580 | INFO | Built TATACONSUM.NS: 3926 rows, 149 columns
2026-09-19 10:27:19,664 | INFO | Built DRREDDY.NS: 3926 rows, 149 columns
2026-09-19 10:27:21,850 | INFO | Built NESTLEIND.NS: 3926 rows, 149 columns
2026-09-19 10:41:40,216 | INFO | Built RELIANCE.NS: 3926 rows, 149 columns
2026-09-19 10:41:42,102 | INFO | Built BHARTIARTL.NS: 3926 rows, 149 columns
2026-09-19 10:41:44,126 | INFO | Built HDFCBANK.NS: 3926 rows, 149 columns
2026-09-19 10:41:46,165 | INFO | Built ICICIBANK.NS: 3926 rows, 149 columns
2026-09-19 10:41:48,098 | INFO | Built SBIN.NS: 3926 rows, 149 columns
2026-09-19 10:41:50,059 | INFO | Built TCS.NS: 3926 rows, 149 columns
2026-09-19 10:41:52,110 | INFO | Built BAJFINANCE.NS: 3926 rows, 149 columns
2026-09-19 10:41:54,040 | INFO | Built LT.NS: 3926 rows, 149 columns
2026-09-19 10:41:56,094 | INFO | Built HINDUNILVR.NS: 3925 rows, 149 columns
2026-09-19 10:41:58,366 | INFO | Built TITAN.NS: 3926 rows, 149 columns
2026-09-19 10:42:00,437 | INFO | Built SUNPHARMA.NS: 3926 rows, 149 columns
2026-09-19 10:42:02,597 | INFO | Built INFY.NS: 3926 rows, 149 columns
2026-09-19 10:42:04,681 | INFO | Built KOTAKBANK.NS: 3926 rows, 149 columns
2026-09-19 10:42:06,814 | INFO | Built ADANIENT.NS: 3926 rows, 149 columns
2026-09-19 10:42:09,001 | INFO | Built ADANIPORTS.NS: 3925 rows, 149 columns
2026-09-19 10:42:11,119 | INFO | Built MARUTI.NS: 3926 rows, 149 columns
2026-09-19 10:42:13,177 | INFO | Built AXISBANK.NS: 3925 rows, 149 columns
2026-09-19 10:42:15,130 | INFO | Built M&M.NS: 3926 rows, 149 columns
2026-09-19 10:42:17,138 | INFO | Built HCLTECH.NS: 3926 rows, 149 columns
2026-09-19 10:42:19,133 | INFO | Built ITC.NS: 3926 rows, 149 columns
2026-09-19 10:42:21,081 | INFO | Built ULTRACEMCO.NS: 3926 rows, 149 columns
2026-09-19 10:42:23,198 | INFO | Built NTPC.NS: 3926 rows, 149 columns
2026-09-19 10:42:25,368 | INFO | Built BAJAJ-AUTO.NS: 3926 rows, 149 columns
2026-09-19 10:42:26,152 | INFO | Built ETERNAL.NS: 1250 rows, 149 columns
2026-09-19 10:42:28,299 | INFO | Built JSWSTEEL.NS: 3926 rows, 149 columns
2026-09-19 10:42:30,465 | INFO | Built BAJAJFINSV.NS: 3926 rows, 149 columns
2026-09-19 10:42:32,609 | INFO | Built BEL.NS: 3926 rows, 149 columns
2026-09-19 10:42:34,674 | INFO | Built ONGC.NS: 3926 rows, 149 columns
2026-09-19 10:42:36,827 | INFO | Built COALINDIA.NS: 3890 rows, 149 columns
2026-09-19 10:42:39,114 | INFO | Built POWERGRID.NS: 3925 rows, 149 columns
2026-09-19 10:42:41,151 | INFO | Built SHRIRAMFIN.NS: 3926 rows, 149 columns
2026-09-19 10:42:43,152 | INFO | Built ASIANPAINT.NS: 3926 rows, 149 columns
2026-09-19 10:42:45,370 | INFO | Built TATASTEEL.NS: 3926 rows, 149 columns
2026-09-19 10:42:47,528 | INFO | Built GRASIM.NS: 3925 rows, 149 columns
2026-09-19 10:42:49,680 | INFO | Built HINDALCO.NS: 3925 rows, 149 columns
2026-09-19 10:42:51,664 | INFO | Built EICHERMOT.NS: 3925 rows, 149 columns
2026-09-19 10:42:52,981 | INFO | Built INDIGO.NS: 2654 rows, 149 columns
2026-09-19 10:42:54,104 | INFO | Built SBILIFE.NS: 2190 rows, 149 columns
2026-09-19 10:42:56,008 | INFO | Built WIPRO.NS: 3926 rows, 149 columns
2026-09-19 10:42:56,407 | INFO | Built JIOFIN.NS: 735 rows, 149 columns
2026-09-19 10:42:58,432 | INFO | Built TECHM.NS: 3926 rows, 149 columns
2026-09-19 10:43:00,358 | INFO | Built TRENT.NS: 3926 rows, 149 columns
2026-09-19 10:43:02,276 | INFO | Built APOLLOHOSP.NS: 3925 rows, 149 columns
2026-09-19 10:43:03,304 | INFO | Built HDFCLIFE.NS: 2158 rows, 149 columns
2026-09-19 10:43:05,359 | INFO | Built TMPV.NS: 3926 rows, 149 columns
2026-09-19 10:43:07,192 | INFO | Built CIPLA.NS: 3925 rows, 149 columns
2026-09-19 10:43:07,926 | INFO | Built MAXHEALTH.NS: 1479 rows, 149 columns
2026-09-19 10:43:09,751 | INFO | Built TATACONSUM.NS: 3926 rows, 149 columns
2026-09-19 10:43:11,572 | INFO | Built DRREDDY.NS: 3926 rows, 149 columns
2026-09-19 10:43:13,715 | INFO | Built NESTLEIND.NS: 3926 rows, 149 columns
2026-09-19 11:18:28,375 | INFO | Built RELIANCE.NS: 3926 rows, 148 columns
2026-09-19 11:18:30,386 | INFO | Built BHARTIARTL.NS: 3926 rows, 148 columns
2026-09-19 11:18:32,402 | INFO | Built HDFCBANK.NS: 3926 rows, 148 columns
2026-09-19 11:18:34,409 | INFO | Built ICICIBANK.NS: 3926 rows, 148 columns
2026-09-19 11:18:36,414 | INFO | Built SBIN.NS: 3926 rows, 148 columns
2026-09-19 11:18:38,506 | INFO | Built TCS.NS: 3926 rows, 148 columns
2026-09-19 11:18:40,543 | INFO | Built BAJFINANCE.NS: 3926 rows, 148 columns
2026-09-19 11:18:42,537 | INFO | Built LT.NS: 3926 rows, 148 columns
2026-09-19 11:18:44,469 | INFO | Built HINDUNILVR.NS: 3925 rows, 148 columns
2026-09-19 11:18:46,453 | INFO | Built TITAN.NS: 3926 rows, 148 columns
2026-09-19 11:18:48,370 | INFO | Built SUNPHARMA.NS: 3926 rows, 148 columns
2026-09-19 11:18:50,419 | INFO | Built INFY.NS: 3926 rows, 148 columns
2026-09-19 11:18:52,382 | INFO | Built KOTAKBANK.NS: 3926 rows, 148 columns
2026-09-19 11:18:54,346 | INFO | Built ADANIENT.NS: 3926 rows, 148 columns
2026-09-19 11:18:56,141 | INFO | Built ADANIPORTS.NS: 3925 rows, 148 columns
2026-09-19 11:18:57,998 | INFO | Built MARUTI.NS: 3926 rows, 148 columns
2026-09-19 11:18:59,894 | INFO | Built AXISBANK.NS: 3925 rows, 148 columns
2026-09-19 11:19:01,581 | INFO | Built M&M.NS: 3926 rows, 148 columns
2026-09-19 11:19:03,350 | INFO | Built HCLTECH.NS: 3926 rows, 148 columns
2026-09-19 11:19:05,353 | INFO | Built ITC.NS: 3926 rows, 148 columns
2026-09-19 11:19:07,070 | INFO | Built ULTRACEMCO.NS: 3926 rows, 148 columns
2026-09-19 11:19:08,781 | INFO | Built NTPC.NS: 3926 rows, 148 columns
2026-09-19 11:19:10,642 | INFO | Built BAJAJ-AUTO.NS: 3926 rows, 148 columns
2026-09-19 11:19:11,264 | INFO | Built ETERNAL.NS: 1250 rows, 148 columns
2026-09-19 11:19:13,095 | INFO | Built JSWSTEEL.NS: 3926 rows, 148 columns
2026-09-19 11:19:14,975 | INFO | Built BAJAJFINSV.NS: 3926 rows, 148 columns
2026-09-19 11:19:16,792 | INFO | Built BEL.NS: 3926 rows, 148 columns
2026-09-19 11:19:18,689 | INFO | Built ONGC.NS: 3926 rows, 148 columns
2026-09-19 11:19:20,529 | INFO | Built COALINDIA.NS: 3890 rows, 148 columns
2026-09-19 11:19:22,353 | INFO | Built POWERGRID.NS: 3925 rows, 148 columns
2026-09-19 11:19:24,250 | INFO | Built SHRIRAMFIN.NS: 3926 rows, 148 columns
2026-09-19 11:19:26,171 | INFO | Built ASIANPAINT.NS: 3926 rows, 148 columns
2026-09-19 11:19:28,157 | INFO | Built TATASTEEL.NS: 3926 rows, 148 columns
2026-09-19 11:19:29,986 | INFO | Built GRASIM.NS: 3925 rows, 148 columns
2026-09-19 11:19:31,817 | INFO | Built HINDALCO.NS: 3925 rows, 148 columns
2026-09-19 11:19:33,709 | INFO | Built EICHERMOT.NS: 3925 rows, 148 columns
2026-09-19 11:19:35,012 | INFO | Built INDIGO.NS: 2654 rows, 148 columns
2026-09-19 11:19:36,142 | INFO | Built SBILIFE.NS: 2190 rows, 148 columns
2026-09-19 11:19:38,112 | INFO | Built WIPRO.NS: 3926 rows, 148 columns
2026-09-19 11:19:38,482 | INFO | Built JIOFIN.NS: 735 rows, 148 columns
2026-09-19 11:19:40,195 | INFO | Built TECHM.NS: 3926 rows, 148 columns
2026-09-19 11:19:41,810 | INFO | Built TRENT.NS: 3926 rows, 148 columns
2026-09-19 11:19:43,437 | INFO | Built APOLLOHOSP.NS: 3925 rows, 148 columns
2026-09-19 11:19:44,500 | INFO | Built HDFCLIFE.NS: 2158 rows, 148 columns
2026-09-19 11:19:46,361 | INFO | Built TMPV.NS: 3926 rows, 148 columns
2026-09-19 11:19:48,194 | INFO | Built CIPLA.NS: 3925 rows, 148 columns
2026-09-19 11:19:48,937 | INFO | Built MAXHEALTH.NS: 1479 rows, 148 columns
2026-09-19 11:19:50,846 | INFO | Built TATACONSUM.NS: 3926 rows, 148 columns
2026-09-19 11:19:52,697 | INFO | Built DRREDDY.NS: 3926 rows, 148 columns
2026-09-19 11:19:54,640 | INFO | Built NESTLEIND.NS: 3926 rows, 148 columns
2026-09-19 12:19:22,454 | INFO | Built RELIANCE.NS: 3926 rows, 157 columns
2026-09-19 12:19:24,555 | INFO | Built BHARTIARTL.NS: 3926 rows, 157 columns
2026-09-19 12:19:26,784 | INFO | Built HDFCBANK.NS: 3926 rows, 157 columns
2026-09-19 12:19:29,014 | INFO | Built ICICIBANK.NS: 3926 rows, 157 columns
2026-09-19 12:19:31,040 | INFO | Built SBIN.NS: 3926 rows, 157 columns
2026-09-19 12:19:33,294 | INFO | Built TCS.NS: 3926 rows, 157 columns
2026-09-19 12:19:35,517 | INFO | Built BAJFINANCE.NS: 3926 rows, 157 columns
2026-09-19 12:19:37,684 | INFO | Built LT.NS: 3926 rows, 157 columns
2026-09-19 12:19:39,914 | INFO | Built HINDUNILVR.NS: 3925 rows, 157 columns
2026-09-19 12:19:42,193 | INFO | Built TITAN.NS: 3926 rows, 157 columns
2026-09-19 12:19:44,252 | INFO | Built SUNPHARMA.NS: 3926 rows, 157 columns
2026-09-19 12:19:46,321 | INFO | Built INFY.NS: 3926 rows, 157 columns
2026-09-19 12:19:48,394 | INFO | Built KOTAKBANK.NS: 3926 rows, 157 columns
2026-09-19 12:19:50,594 | INFO | Built ADANIENT.NS: 3926 rows, 157 columns
2026-09-19 12:19:52,628 | INFO | Built ADANIPORTS.NS: 3925 rows, 157 columns
2026-09-19 12:19:54,671 | INFO | Built MARUTI.NS: 3926 rows, 157 columns
2026-09-19 12:19:56,849 | INFO | Built AXISBANK.NS: 3925 rows, 157 columns
2026-09-19 12:19:59,088 | INFO | Built M&M.NS: 3926 rows, 157 columns
2026-09-19 12:20:01,332 | INFO | Built HCLTECH.NS: 3926 rows, 157 columns
2026-09-19 12:20:03,341 | INFO | Built ITC.NS: 3926 rows, 157 columns
2026-09-19 12:20:05,286 | INFO | Built ULTRACEMCO.NS: 3926 rows, 157 columns
2026-09-19 12:20:07,244 | INFO | Built NTPC.NS: 3926 rows, 157 columns
2026-09-19 12:20:09,419 | INFO | Built BAJAJ-AUTO.NS: 3926 rows, 157 columns
2026-09-19 12:20:10,264 | INFO | Built ETERNAL.NS: 1250 rows, 157 columns
2026-09-19 12:20:12,616 | INFO | Built JSWSTEEL.NS: 3926 rows, 157 columns
2026-09-19 12:20:14,826 | INFO | Built BAJAJFINSV.NS: 3926 rows, 157 columns
2026-09-19 12:20:16,936 | INFO | Built BEL.NS: 3926 rows, 157 columns
2026-09-19 12:20:19,131 | INFO | Built ONGC.NS: 3926 rows, 157 columns
2026-09-19 12:20:21,203 | INFO | Built COALINDIA.NS: 3890 rows, 157 columns
2026-09-19 12:20:23,247 | INFO | Built POWERGRID.NS: 3925 rows, 157 columns
2026-09-19 12:20:25,255 | INFO | Built SHRIRAMFIN.NS: 3926 rows, 157 columns
2026-09-19 12:20:27,481 | INFO | Built ASIANPAINT.NS: 3926 rows, 157 columns
2026-09-19 12:20:29,765 | INFO | Built TATASTEEL.NS: 3926 rows, 157 columns
2026-09-19 12:20:32,005 | INFO | Built GRASIM.NS: 3925 rows, 157 columns
2026-09-19 12:20:34,161 | INFO | Built HINDALCO.NS: 3925 rows, 157 columns
2026-09-19 12:20:36,307 | INFO | Built EICHERMOT.NS: 3925 rows, 157 columns
2026-09-19 12:20:37,667 | INFO | Built INDIGO.NS: 2654 rows, 157 columns
2026-09-19 12:20:38,871 | INFO | Built SBILIFE.NS: 2190 rows, 157 columns
2026-09-19 12:20:40,835 | INFO | Built WIPRO.NS: 3926 rows, 157 columns
2026-09-19 12:20:41,317 | INFO | Built JIOFIN.NS: 735 rows, 157 columns
2026-09-19 12:20:42,729 | INFO | Built TECHM.NS: 3926 rows, 157 columns
2026-09-19 12:20:43,582 | INFO | Built TRENT.NS: 3926 rows, 157 columns
2026-09-19 12:20:44,475 | INFO | Built APOLLOHOSP.NS: 3925 rows, 157 columns
2026-09-19 12:20:44,969 | INFO | Built HDFCLIFE.NS: 2158 rows, 157 columns
2026-09-19 12:20:45,872 | INFO | Built TMPV.NS: 3926 rows, 157 columns
2026-09-19 12:20:46,751 | INFO | Built CIPLA.NS: 3925 rows, 157 columns
2026-09-19 12:20:47,090 | INFO | Built MAXHEALTH.NS: 1479 rows, 157 columns
2026-09-19 12:20:47,978 | INFO | Built TATACONSUM.NS: 3926 rows, 157 columns
2026-09-19 12:20:49,776 | INFO | Built DRREDDY.NS: 3926 rows, 157 columns
2026-09-19 12:20:51,914 | INFO | Built NESTLEIND.NS: 3926 rows, 157 columns
2026-09-20 09:22:08,429 | INFO | Built RELIANCE.NS: 3926 rows, 148 columns
2026-09-20 09:22:10,526 | INFO | Built BHARTIARTL.NS: 3926 rows, 148 columns
2026-09-20 09:22:12,656 | INFO | Built HDFCBANK.NS: 3926 rows, 148 columns
2026-09-20 09:22:14,761 | INFO | Built ICICIBANK.NS: 3926 rows, 148 columns
2026-09-20 09:22:16,500 | INFO | Built SBIN.NS: 3926 rows, 148 columns
2026-09-20 09:22:18,093 | INFO | Built TCS.NS: 3926 rows, 148 columns
2026-09-20 09:22:19,873 | INFO | Built BAJFINANCE.NS: 3926 rows, 148 columns
2026-09-20 09:22:21,413 | INFO | Built LT.NS: 3926 rows, 148 columns
2026-09-20 09:22:23,145 | INFO | Built HINDUNILVR.NS: 3925 rows, 148 columns
2026-09-20 09:22:25,316 | INFO | Built TITAN.NS: 3926 rows, 148 columns
2026-09-20 09:22:27,339 | INFO | Built SUNPHARMA.NS: 3926 rows, 148 columns
2026-09-20 09:22:29,299 | INFO | Built INFY.NS: 3926 rows, 148 columns
2026-09-20 09:22:31,171 | INFO | Built KOTAKBANK.NS: 3926 rows, 148 columns
2026-09-20 09:22:33,160 | INFO | Built ADANIENT.NS: 3926 rows, 148 columns
2026-09-20 09:22:35,097 | INFO | Built ADANIPORTS.NS: 3925 rows, 148 columns
2026-09-20 09:22:37,131 | INFO | Built MARUTI.NS: 3926 rows, 148 columns
2026-09-20 09:22:38,883 | INFO | Built AXISBANK.NS: 3925 rows, 148 columns
2026-09-20 09:22:40,792 | INFO | Built M&M.NS: 3926 rows, 148 columns
2026-09-20 09:22:42,786 | INFO | Built HCLTECH.NS: 3926 rows, 148 columns
2026-09-20 09:22:44,975 | INFO | Built ITC.NS: 3926 rows, 148 columns
2026-09-20 09:22:46,891 | INFO | Built ULTRACEMCO.NS: 3926 rows, 148 columns
2026-09-20 09:22:48,803 | INFO | Built NTPC.NS: 3926 rows, 148 columns
2026-09-20 09:22:50,773 | INFO | Built BAJAJ-AUTO.NS: 3926 rows, 148 columns
2026-09-20 09:22:51,430 | INFO | Built ETERNAL.NS: 1250 rows, 148 columns
2026-09-20 09:22:53,215 | INFO | Built JSWSTEEL.NS: 3926 rows, 148 columns
2026-09-20 09:22:55,128 | INFO | Built BAJAJFINSV.NS: 3926 rows, 148 columns
2026-09-20 09:22:57,024 | INFO | Built BEL.NS: 3926 rows, 148 columns
2026-09-20 09:22:58,906 | INFO | Built ONGC.NS: 3926 rows, 148 columns
2026-09-20 09:23:00,638 | INFO | Built COALINDIA.NS: 3890 rows, 148 columns
2026-09-20 09:23:02,489 | INFO | Built POWERGRID.NS: 3925 rows, 148 columns
2026-09-20 09:23:04,381 | INFO | Built SHRIRAMFIN.NS: 3926 rows, 148 columns
2026-09-20 09:23:06,340 | INFO | Built ASIANPAINT.NS: 3926 rows, 148 columns
2026-09-20 09:23:08,317 | INFO | Built TATASTEEL.NS: 3926 rows, 148 columns
2026-09-20 09:23:10,322 | INFO | Built GRASIM.NS: 3925 rows, 148 columns
2026-09-20 09:23:12,117 | INFO | Built HINDALCO.NS: 3925 rows, 148 columns
2026-09-20 09:23:13,703 | INFO | Built EICHERMOT.NS: 3925 rows, 148 columns
2026-09-20 09:23:14,910 | INFO | Built INDIGO.NS: 2654 rows, 148 columns
2026-09-20 09:23:15,940 | INFO | Built SBILIFE.NS: 2190 rows, 148 columns
2026-09-20 09:23:17,739 | INFO | Built WIPRO.NS: 3926 rows, 148 columns
2026-09-20 09:23:18,127 | INFO | Built JIOFIN.NS: 735 rows, 148 columns
2026-09-20 09:23:19,942 | INFO | Built TECHM.NS: 3926 rows, 148 columns
2026-09-20 09:23:21,776 | INFO | Built TRENT.NS: 3926 rows, 148 columns
2026-09-20 09:23:23,586 | INFO | Built APOLLOHOSP.NS: 3925 rows, 148 columns
2026-09-20 09:23:24,559 | INFO | Built HDFCLIFE.NS: 2158 rows, 148 columns
2026-09-20 09:23:26,392 | INFO | Built TMPV.NS: 3926 rows, 148 columns
2026-09-20 09:23:28,085 | INFO | Built CIPLA.NS: 3925 rows, 148 columns
2026-09-20 09:23:28,739 | INFO | Built MAXHEALTH.NS: 1479 rows, 148 columns
2026-09-20 09:23:30,483 | INFO | Built TATACONSUM.NS: 3926 rows, 148 columns
2026-09-20 09:23:32,322 | INFO | Built DRREDDY.NS: 3926 rows, 148 columns
2026-09-20 09:23:34,114 | INFO | Built NESTLEIND.NS: 3926 rows, 148 columns
