2026-09-15 10:33:14,700 | INFO | News corpus for ^NSEI: 0 unique articles
2026-09-15 10:33:14,711 | INFO | ========== COMPLETE news ==========
2026-09-15 10:33:14,713 | INFO | ========== START features ==========
2026-09-20 15:21:21,749 | INFO | News corpus for ^NSEI: 0 unique articles
2026-09-20 15:23:17,738 | INFO | News corpus for RELIANCE.NS: 0 unique articles
2026-09-20 15:25:21,462 | INFO | News corpus for BHARTIARTL.NS: 250 unique articles
2026-09-20 15:26:32,795 | INFO | News corpus for HDFCBANK.NS: 0 unique articles
2026-09-20 15:27:52,406 | INFO | News corpus for ICICIBANK.NS: 0 unique articles
2026-09-20 15:29:14,436 | INFO | News corpus for SBIN.NS: 0 unique articles
2026-09-20 15:30:38,393 | INFO | News corpus for TCS.NS: 0 unique articles
2026-09-20 15:31:56,215 | INFO | News corpus for BAJFINANCE.NS: 0 unique articles
2026-09-20 15:33:17,931 | INFO | News corpus for LT.NS: 0 unique articles
2026-09-20 15:34:41,055 | INFO | News corpus for HINDUNILVR.NS: 0 unique articles
2026-09-20 15:36:17,109 | INFO | News corpus for TITAN.NS: 250 unique articles
2026-09-20 15:37:40,075 | INFO | News corpus for SUNPHARMA.NS: 0 unique articles
2026-09-20 15:38:57,588 | INFO | News corpus for INFY.NS: 0 unique articles
2026-09-20 15:40:20,527 | INFO | News corpus for KOTAKBANK.NS: 0 unique articles
2026-09-20 15:41:39,178 | INFO | News corpus for ADANIENT.NS: 0 unique articles
2026-09-20 15:43:09,282 | INFO | News corpus for ADANIPORTS.NS: 0 unique articles
2026-09-20 15:44:32,229 | INFO | News corpus for MARUTI.NS: 0 unique articles
2026-09-20 15:46:01,322 | INFO | News corpus for AXISBANK.NS: 0 unique articles
2026-09-20 15:47:22,359 | INFO | News corpus for M&M.NS: 0 unique articles
2026-09-20 15:48:41,470 | INFO | News corpus for HCLTECH.NS: 0 unique articles
2026-09-20 15:50:04,206 | INFO | News corpus for ITC.NS: 0 unique articles
2026-09-20 15:51:22,441 | INFO | News corpus for ULTRACEMCO.NS: 0 unique articles
2026-09-20 15:52:45,131 | INFO | News corpus for NTPC.NS: 0 unique articles
2026-09-20 15:55:41,409 | INFO | News corpus for RELIANCE.NS: 0 unique articles
2026-09-20 15:55:54,684 | INFO | News corpus for BHARTIARTL.NS: 250 unique articles
2026-09-20 15:57:16,070 | INFO | News corpus for HDFCBANK.NS: 0 unique articles
2026-09-20 15:59:07,073 | INFO | News corpus for ICICIBANK.NS: 250 unique articles
2026-09-20 16:00:32,214 | INFO | News corpus for SBIN.NS: 0 unique articles
2026-09-20 16:01:57,108 | INFO | News corpus for TCS.NS: 0 unique articles
2026-09-20 16:03:38,131 | INFO | News corpus for BAJFINANCE.NS: 250 unique articles
2026-09-20 16:04:58,963 | INFO | News corpus for LT.NS: 0 unique articles
2026-09-20 16:06:14,843 | INFO | News corpus for HINDUNILVR.NS: 0 unique articles
2026-09-20 16:06:26,831 | INFO | News corpus for TITAN.NS: 250 unique articles
2026-09-20 16:07:41,371 | INFO | News corpus for SUNPHARMA.NS: 0 unique articles
2026-09-20 16:08:54,484 | INFO | News corpus for INFY.NS: 0 unique articles
2026-09-20 16:10:12,712 | INFO | News corpus for KOTAKBANK.NS: 0 unique articles
2026-09-20 16:11:29,518 | INFO | News corpus for ADANIENT.NS: 0 unique articles
2026-09-20 16:12:40,989 | INFO | News corpus for ADANIPORTS.NS: 0 unique articles
2026-09-20 16:13:54,204 | INFO | News corpus for MARUTI.NS: 0 unique articles
2026-09-20 16:15:09,517 | INFO | News corpus for AXISBANK.NS: 0 unique articles
2026-09-20 16:16:20,634 | INFO | News corpus for M&M.NS: 0 unique articles
2026-09-20 16:17:29,549 | INFO | News corpus for HCLTECH.NS: 0 unique articles
2026-09-20 16:18:41,126 | INFO | News corpus for ITC.NS: 0 unique articles
2026-09-20 16:19:55,574 | INFO | News corpus for ULTRACEMCO.NS: 0 unique articles
2026-09-20 16:21:07,071 | INFO | News corpus for NTPC.NS: 0 unique articles
2026-09-20 16:22:16,445 | INFO | News corpus for BAJAJ-AUTO.NS: 0 unique articles
2026-09-20 16:23:22,716 | INFO | News corpus for ETERNAL.NS: 0 unique articles
2026-09-20 16:24:32,170 | INFO | News corpus for JSWSTEEL.NS: 0 unique articles
2026-09-20 16:25:59,158 | INFO | News corpus for BAJAJFINSV.NS: 250 unique articles
2026-09-20 16:27:23,719 | INFO | News corpus for BEL.NS: 250 unique articles
2026-09-20 16:28:27,978 | INFO | News corpus for ONGC.NS: 0 unique articles
2026-09-20 16:29:33,892 | INFO | News corpus for COALINDIA.NS: 0 unique articles
2026-09-20 16:30:47,859 | INFO | News corpus for POWERGRID.NS: 0 unique articles
2026-09-20 16:32:05,782 | INFO | News corpus for SHRIRAMFIN.NS: 0 unique articles
2026-09-20 16:33:19,817 | INFO | News corpus for ASIANPAINT.NS: 0 unique articles
2026-09-20 16:34:49,608 | INFO | News corpus for TATASTEEL.NS: 250 unique articles
2026-09-20 16:35:57,459 | INFO | News corpus for GRASIM.NS: 0 unique articles
2026-09-20 16:37:08,858 | INFO | News corpus for HINDALCO.NS: 0 unique articles
2026-09-20 16:38:20,150 | INFO | News corpus for EICHERMOT.NS: 0 unique articles
2026-09-20 16:39:30,855 | INFO | News corpus for INDIGO.NS: 0 unique articles
2026-09-20 16:40:44,021 | INFO | News corpus for SBILIFE.NS: 0 unique articles
2026-09-20 16:41:53,368 | INFO | News corpus for WIPRO.NS: 0 unique articles
2026-09-20 16:43:00,810 | INFO | News corpus for JIOFIN.NS: 0 unique articles
2026-09-20 16:44:06,981 | INFO | News corpus for TECHM.NS: 0 unique articles
2026-09-20 16:45:17,322 | INFO | News corpus for TRENT.NS: 0 unique articles
2026-09-20 16:46:28,890 | INFO | News corpus for APOLLOHOSP.NS: 0 unique articles
2026-09-20 16:47:40,272 | INFO | News corpus for HDFCLIFE.NS: 0 unique articles
2026-09-20 16:48:49,490 | INFO | News corpus for TMPV.NS: 0 unique articles
2026-09-20 16:50:09,957 | INFO | News corpus for CIPLA.NS: 250 unique articles
2026-09-20 16:51:23,600 | INFO | News corpus for MAXHEALTH.NS: 0 unique articles
2026-09-20 16:52:35,897 | INFO | News corpus for TATACONSUM.NS: 0 unique articles
2026-09-20 16:53:47,164 | INFO | News corpus for DRREDDY.NS: 0 unique articles
2026-09-20 17:01:34,197 | INFO | News corpus for RELIANCE.NS: 250 unique articles
2026-09-20 17:06:08,217 | INFO | News corpus for BHARTIARTL.NS: 250 unique articles
2026-09-20 17:11:36,093 | INFO | News corpus for HDFCBANK.NS: 0 unique articles
2026-09-20 17:15:59,577 | INFO | News corpus for ICICIBANK.NS: 250 unique articles
2026-09-20 17:21:24,989 | INFO | News corpus for SBIN.NS: 0 unique articles
2026-09-20 17:26:49,741 | INFO | News corpus for TCS.NS: 0 unique articles
2026-09-20 17:31:25,944 | INFO | News corpus for BAJFINANCE.NS: 250 unique articles
2026-09-20 17:34:12,320 | INFO | News corpus for LT.NS: 250 unique articles
2026-09-20 17:39:47,776 | INFO | News corpus for HINDUNILVR.NS: 0 unique articles
2026-09-20 17:43:27,853 | INFO | News corpus for TITAN.NS: 250 unique articles
2026-09-20 17:47:39,296 | INFO | News corpus for SUNPHARMA.NS: 250 unique articles
2026-09-20 17:53:42,233 | INFO | News corpus for INFY.NS: 0 unique articles
2026-09-20 17:56:01,049 | INFO | News corpus for KOTAKBANK.NS: 250 unique articles
2026-09-20 17:58:07,723 | INFO | News corpus for ADANIENT.NS: 250 unique articles
2026-09-20 18:03:59,799 | INFO | News corpus for ADANIPORTS.NS: 0 unique articles
2026-09-20 18:09:55,255 | INFO | News corpus for MARUTI.NS: 0 unique articles
2026-09-20 18:11:44,161 | INFO | News corpus for AXISBANK.NS: 250 unique articles
2026-09-20 18:15:28,650 | INFO | News corpus for M&M.NS: 250 unique articles
2026-09-20 18:17:05,524 | INFO | News corpus for HCLTECH.NS: 250 unique articles
2026-09-20 18:22:35,762 | INFO | News corpus for ITC.NS: 0 unique articles
2026-09-20 18:27:58,318 | INFO | News corpus for ULTRACEMCO.NS: 0 unique articles
2026-09-20 18:29:48,458 | INFO | News corpus for NTPC.NS: 250 unique articles
2026-09-20 18:31:35,961 | INFO | News corpus for BAJAJ-AUTO.NS: 250 unique articles
2026-09-20 18:33:20,301 | INFO | News corpus for ETERNAL.NS: 87 unique articles
2026-09-20 18:38:53,157 | INFO | News corpus for JSWSTEEL.NS: 0 unique articles
2026-09-20 18:43:21,763 | INFO | News corpus for BAJAJFINSV.NS: 250 unique articles
2026-09-20 18:44:23,643 | INFO | News corpus for BEL.NS: 250 unique articles
2026-09-20 18:46:24,907 | INFO | News corpus for ONGC.NS: 250 unique articles
2026-09-20 18:52:05,729 | INFO | News corpus for COALINDIA.NS: 0 unique articles
2026-09-20 18:54:02,645 | INFO | News corpus for POWERGRID.NS: 250 unique articles
2026-09-20 19:05:51,199 | INFO | News corpus for RELIANCE.NS: 253 unique articles
2026-09-20 19:07:14,918 | INFO | News corpus for BHARTIARTL.NS: 250 unique articles
2026-09-20 19:08:17,465 | INFO | News corpus for HDFCBANK.NS: 250 unique articles
2026-09-20 19:12:44,217 | INFO | News corpus for ICICIBANK.NS: 250 unique articles
2026-09-20 19:17:08,301 | INFO | News corpus for SBIN.NS: 0 unique articles
2026-09-20 19:21:35,565 | INFO | News corpus for TCS.NS: 0 unique articles
2026-09-20 19:25:58,625 | INFO | News corpus for BAJFINANCE.NS: 250 unique articles
2026-09-20 19:26:24,144 | INFO | News corpus for LT.NS: 250 unique articles
2026-09-20 19:30:45,513 | INFO | News corpus for HINDUNILVR.NS: 0 unique articles
2026-09-20 19:31:42,043 | INFO | News corpus for TITAN.NS: 254 unique articles
2026-09-20 19:32:39,567 | INFO | News corpus for SUNPHARMA.NS: 250 unique articles
2026-09-20 19:34:50,723 | INFO | News corpus for INFY.NS: 250 unique articles
2026-09-20 19:37:46,759 | INFO | News corpus for KOTAKBANK.NS: 250 unique articles
2026-09-20 19:42:19,308 | INFO | News corpus for ADANIENT.NS: 250 unique articles
2026-09-20 19:46:49,807 | INFO | News corpus for ADANIPORTS.NS: 0 unique articles
2026-09-20 19:47:47,622 | INFO | News corpus for MARUTI.NS: 250 unique articles
2026-09-20 19:52:16,884 | INFO | News corpus for AXISBANK.NS: 250 unique articles
2026-09-20 19:52:38,302 | INFO | News corpus for M&M.NS: 250 unique articles
2026-09-20 19:55:20,340 | INFO | News corpus for HCLTECH.NS: 250 unique articles
2026-09-20 19:59:45,404 | INFO | News corpus for ITC.NS: 0 unique articles
2026-09-20 20:02:55,078 | INFO | News corpus for ULTRACEMCO.NS: 250 unique articles
2026-09-20 20:07:25,503 | INFO | News corpus for NTPC.NS: 250 unique articles
2026-09-20 20:11:52,397 | INFO | News corpus for BAJAJ-AUTO.NS: 250 unique articles
2026-09-20 20:16:18,849 | INFO | News corpus for ETERNAL.NS: 87 unique articles
2026-09-20 20:17:03,907 | INFO | News corpus for JSWSTEEL.NS: 250 unique articles
2026-09-20 20:17:52,320 | INFO | News corpus for BAJAJFINSV.NS: 250 unique articles
2026-09-20 20:22:21,423 | INFO | News corpus for BEL.NS: 250 unique articles
2026-09-20 20:22:45,653 | INFO | News corpus for ONGC.NS: 250 unique articles
2026-09-20 20:23:42,426 | INFO | News corpus for COALINDIA.NS: 250 unique articles
2026-09-20 20:28:10,305 | INFO | News corpus for POWERGRID.NS: 250 unique articles
2026-09-20 20:32:41,101 | INFO | News corpus for SHRIRAMFIN.NS: 0 unique articles
2026-09-20 20:37:14,010 | INFO | News corpus for ASIANPAINT.NS: 0 unique articles
2026-09-20 20:37:39,643 | INFO | News corpus for TATASTEEL.NS: 251 unique articles
2026-09-20 20:42:07,654 | INFO | News corpus for GRASIM.NS: 0 unique articles
2026-09-20 20:43:43,783 | INFO | News corpus for HINDALCO.NS: 250 unique articles
2026-09-20 20:44:36,243 | INFO | News corpus for EICHERMOT.NS: 233 unique articles
2026-09-20 20:47:20,434 | INFO | News corpus for INDIGO.NS: 100 unique articles
2026-09-20 20:47:53,290 | INFO | News corpus for SBILIFE.NS: 250 unique articles
2026-09-20 20:48:27,018 | INFO | News corpus for WIPRO.NS: 250 unique articles
2026-09-20 20:48:58,545 | INFO | News corpus for JIOFIN.NS: 250 unique articles
2026-09-20 20:53:32,594 | INFO | News corpus for TECHM.NS: 0 unique articles
2026-09-20 20:57:57,371 | INFO | News corpus for TRENT.NS: 0 unique articles
2026-09-20 20:59:36,427 | INFO | News corpus for APOLLOHOSP.NS: 250 unique articles
2026-09-20 21:00:31,540 | INFO | News corpus for HDFCLIFE.NS: 250 unique articles
2026-09-20 21:05:12,638 | INFO | News corpus for TMPV.NS: 0 unique articles
2026-09-20 21:06:53,253 | INFO | News corpus for CIPLA.NS: 251 unique articles
2026-09-20 21:07:55,653 | INFO | News corpus for MAXHEALTH.NS: 250 unique articles
2026-09-20 21:08:36,768 | INFO | News corpus for TATACONSUM.NS: 250 unique articles
2026-09-20 21:13:12,481 | INFO | News corpus for DRREDDY.NS: 0 unique articles
2026-09-20 21:13:54,201 | INFO | News corpus for NESTLEIND.NS: 250 unique articles
