2026-09-15 10:42:20,622 | INFO | Generated 1 current predictions.
2026-09-15 10:42:20,630 | INFO | ========== COMPLETE predict ==========
2026-09-15 21:34:18,945 | INFO | Generated 50 current predictions.
2026-09-16 00:19:04,025 | INFO | Generated 50 current predictions.
2026-09-18 19:29:50,415 | WARNING | Predicting BHARTIARTL.NS with 5 NaN feature(s): ['sector_dispersion', 'ret_5_minus_group', 'ret_20_minus_group', 'group_xs_rank', 'group_dispersion']
2026-09-18 19:29:50,445 | WARNING | Predicting ICICIBANK.NS with 4 NaN feature(s): ['ret_5_minus_group', 'ret_20_minus_group', 'group_xs_rank', 'group_dispersion']
2026-09-18 19:29:50,503 | WARNING | Predicting LT.NS with 5 NaN feature(s): ['sector_dispersion', 'ret_5_minus_group', 'ret_20_minus_group', 'group_xs_rank', 'group_dispersion']
2026-09-18 19:29:50,520 | WARNING | Predicting HINDUNILVR.NS with 4 NaN feature(s): ['ret_5_minus_group', 'ret_20_minus_group', 'group_xs_rank', 'group_dispersion']
2026-09-18 19:29:50,549 | WARNING | Predicting SUNPHARMA.NS with 4 NaN feature(s): ['ret_5_minus_group', 'ret_20_minus_group', 'group_xs_rank', 'group_dispersion']
2026-09-18 19:29:50,563 | WARNING | Predicting INFY.NS with 4 NaN feature(s): ['ret_5_minus_group', 'ret_20_minus_group', 'group_xs_rank', 'group_dispersion']
2026-09-18 19:29:50,578 | WARNING | Predicting KOTAKBANK.NS with 4 NaN feature(s): ['ret_5_minus_group', 'ret_20_minus_group', 'group_xs_rank', 'group_dispersion']
2026-09-18 19:29:50,621 | WARNING | Predicting MARUTI.NS with 4 NaN feature(s): ['ret_5_minus_group', 'ret_20_minus_group', 'group_xs_rank', 'group_dispersion']
2026-09-18 19:29:50,635 | WARNING | Predicting AXISBANK.NS with 4 NaN feature(s): ['ret_5_minus_group', 'ret_20_minus_group', 'group_xs_rank', 'group_dispersion']
2026-09-18 19:29:50,663 | WARNING | Predicting HCLTECH.NS with 4 NaN feature(s): ['ret_5_minus_group', 'ret_20_minus_group', 'group_xs_rank', 'group_dispersion']
2026-09-18 19:29:50,678 | WARNING | Predicting ITC.NS with 4 NaN feature(s): ['ret_5_minus_group', 'ret_20_minus_group', 'group_xs_rank', 'group_dispersion']
2026-09-18 19:29:50,706 | WARNING | Predicting NTPC.NS with 4 NaN feature(s): ['ret_5_minus_group', 'ret_20_minus_group', 'group_xs_rank', 'group_dispersion']
2026-09-18 19:29:50,733 | WARNING | Predicting ETERNAL.NS with 4 NaN feature(s): ['ret_5_minus_group', 'ret_20_minus_group', 'group_xs_rank', 'group_dispersion']
2026-09-18 19:29:50,748 | WARNING | Predicting JSWSTEEL.NS with 4 NaN feature(s): ['ret_5_minus_group', 'ret_20_minus_group', 'group_xs_rank', 'group_dispersion']
2026-09-18 19:29:50,775 | WARNING | Predicting BEL.NS with 5 NaN feature(s): ['sector_dispersion', 'ret_5_minus_group', 'ret_20_minus_group', 'group_xs_rank', 'group_dispersion']
2026-09-18 19:29:50,790 | WARNING | Predicting ONGC.NS with 4 NaN feature(s): ['ret_5_minus_group', 'ret_20_minus_group', 'group_xs_rank', 'group_dispersion']
2026-09-18 19:29:50,805 | WARNING | Predicting COALINDIA.NS with 4 NaN feature(s): ['ret_5_minus_group', 'ret_20_minus_group', 'group_xs_rank', 'group_dispersion']
2026-09-18 19:29:50,818 | WARNING | Predicting POWERGRID.NS with 4 NaN feature(s): ['ret_5_minus_group', 'ret_20_minus_group', 'group_xs_rank', 'group_dispersion']
2026-09-18 19:29:50,833 | WARNING | Predicting SHRIRAMFIN.NS with 4 NaN feature(s): ['ret_5_minus_group', 'ret_20_minus_group', 'group_xs_rank', 'group_dispersion']
2026-09-18 19:29:50,849 | WARNING | Predicting ASIANPAINT.NS with 4 NaN feature(s): ['ret_5_minus_group', 'ret_20_minus_group', 'group_xs_rank', 'group_dispersion']
2026-09-18 19:29:50,906 | WARNING | Predicting EICHERMOT.NS with 4 NaN feature(s): ['ret_5_minus_group', 'ret_20_minus_group', 'group_xs_rank', 'group_dispersion']
2026-09-18 19:29:50,921 | WARNING | Predicting INDIGO.NS with 4 NaN feature(s): ['ret_5_minus_group', 'ret_20_minus_group', 'group_xs_rank', 'group_dispersion']
2026-09-18 19:29:50,949 | WARNING | Predicting WIPRO.NS with 4 NaN feature(s): ['ret_5_minus_group', 'ret_20_minus_group', 'group_xs_rank', 'group_dispersion']
2026-09-18 19:29:51,002 | WARNING | Predicting APOLLOHOSP.NS with 4 NaN feature(s): ['ret_5_minus_group', 'ret_20_minus_group', 'group_xs_rank', 'group_dispersion']
2026-09-18 19:29:51,048 | WARNING | Predicting CIPLA.NS with 4 NaN feature(s): ['ret_5_minus_group', 'ret_20_minus_group', 'group_xs_rank', 'group_dispersion']
2026-09-18 19:29:51,060 | WARNING | Predicting MAXHEALTH.NS with 4 NaN feature(s): ['ret_5_minus_group', 'ret_20_minus_group', 'group_xs_rank', 'group_dispersion']
2026-09-18 19:29:51,089 | WARNING | Predicting DRREDDY.NS with 4 NaN feature(s): ['ret_5_minus_group', 'ret_20_minus_group', 'group_xs_rank', 'group_dispersion']
2026-09-18 19:29:51,105 | WARNING | Predicting NESTLEIND.NS with 4 NaN feature(s): ['ret_5_minus_group', 'ret_20_minus_group', 'group_xs_rank', 'group_dispersion']
2026-09-18 19:29:51,113 | INFO | Generated 50 current predictions.
2026-09-19 10:56:34,515 | WARNING | Predicting BHARTIARTL.NS with 5 NaN feature(s): ['sector_dispersion', 'ret_5_minus_group', 'ret_20_minus_group', 'group_xs_rank', 'group_dispersion']
2026-09-19 10:56:34,549 | WARNING | Predicting ICICIBANK.NS with 4 NaN feature(s): ['ret_5_minus_group', 'ret_20_minus_group', 'group_xs_rank', 'group_dispersion']
2026-09-19 10:56:34,614 | WARNING | Predicting LT.NS with 5 NaN feature(s): ['sector_dispersion', 'ret_5_minus_group', 'ret_20_minus_group', 'group_xs_rank', 'group_dispersion']
2026-09-19 10:56:34,629 | WARNING | Predicting HINDUNILVR.NS with 4 NaN feature(s): ['ret_5_minus_group', 'ret_20_minus_group', 'group_xs_rank', 'group_dispersion']
2026-09-19 10:56:34,664 | WARNING | Predicting SUNPHARMA.NS with 4 NaN feature(s): ['ret_5_minus_group', 'ret_20_minus_group', 'group_xs_rank', 'group_dispersion']
2026-09-19 10:56:34,681 | WARNING | Predicting INFY.NS with 4 NaN feature(s): ['ret_5_minus_group', 'ret_20_minus_group', 'group_xs_rank', 'group_dispersion']
2026-09-19 10:56:34,697 | WARNING | Predicting KOTAKBANK.NS with 4 NaN feature(s): ['ret_5_minus_group', 'ret_20_minus_group', 'group_xs_rank', 'group_dispersion']
2026-09-19 10:56:34,745 | WARNING | Predicting MARUTI.NS with 4 NaN feature(s): ['ret_5_minus_group', 'ret_20_minus_group', 'group_xs_rank', 'group_dispersion']
2026-09-19 10:56:34,765 | WARNING | Predicting AXISBANK.NS with 4 NaN feature(s): ['ret_5_minus_group', 'ret_20_minus_group', 'group_xs_rank', 'group_dispersion']
2026-09-19 10:56:34,811 | WARNING | Predicting HCLTECH.NS with 4 NaN feature(s): ['ret_5_minus_group', 'ret_20_minus_group', 'group_xs_rank', 'group_dispersion']
2026-09-19 10:56:34,865 | WARNING | Predicting ITC.NS with 4 NaN feature(s): ['ret_5_minus_group', 'ret_20_minus_group', 'group_xs_rank', 'group_dispersion']
2026-09-19 10:56:34,904 | WARNING | Predicting NTPC.NS with 4 NaN feature(s): ['ret_5_minus_group', 'ret_20_minus_group', 'group_xs_rank', 'group_dispersion']
2026-09-19 10:56:34,940 | WARNING | Predicting ETERNAL.NS with 4 NaN feature(s): ['ret_5_minus_group', 'ret_20_minus_group', 'group_xs_rank', 'group_dispersion']
2026-09-19 10:56:34,959 | WARNING | Predicting JSWSTEEL.NS with 4 NaN feature(s): ['ret_5_minus_group', 'ret_20_minus_group', 'group_xs_rank', 'group_dispersion']
2026-09-19 10:56:34,993 | WARNING | Predicting BEL.NS with 5 NaN feature(s): ['sector_dispersion', 'ret_5_minus_group', 'ret_20_minus_group', 'group_xs_rank', 'group_dispersion']
2026-09-19 10:56:35,009 | WARNING | Predicting ONGC.NS with 4 NaN feature(s): ['ret_5_minus_group', 'ret_20_minus_group', 'group_xs_rank', 'group_dispersion']
2026-09-19 10:56:35,028 | WARNING | Predicting COALINDIA.NS with 4 NaN feature(s): ['ret_5_minus_group', 'ret_20_minus_group', 'group_xs_rank', 'group_dispersion']
2026-09-19 10:56:35,044 | WARNING | Predicting POWERGRID.NS with 4 NaN feature(s): ['ret_5_minus_group', 'ret_20_minus_group', 'group_xs_rank', 'group_dispersion']
2026-09-19 10:56:35,061 | WARNING | Predicting SHRIRAMFIN.NS with 4 NaN feature(s): ['ret_5_minus_group', 'ret_20_minus_group', 'group_xs_rank', 'group_dispersion']
2026-09-19 10:56:35,079 | WARNING | Predicting ASIANPAINT.NS with 4 NaN feature(s): ['ret_5_minus_group', 'ret_20_minus_group', 'group_xs_rank', 'group_dispersion']
2026-09-19 10:56:35,142 | WARNING | Predicting EICHERMOT.NS with 4 NaN feature(s): ['ret_5_minus_group', 'ret_20_minus_group', 'group_xs_rank', 'group_dispersion']
2026-09-19 10:56:35,157 | WARNING | Predicting INDIGO.NS with 4 NaN feature(s): ['ret_5_minus_group', 'ret_20_minus_group', 'group_xs_rank', 'group_dispersion']
2026-09-19 10:56:35,188 | WARNING | Predicting WIPRO.NS with 4 NaN feature(s): ['ret_5_minus_group', 'ret_20_minus_group', 'group_xs_rank', 'group_dispersion']
2026-09-19 10:56:35,249 | WARNING | Predicting APOLLOHOSP.NS with 4 NaN feature(s): ['ret_5_minus_group', 'ret_20_minus_group', 'group_xs_rank', 'group_dispersion']
2026-09-19 10:56:35,295 | WARNING | Predicting CIPLA.NS with 4 NaN feature(s): ['ret_5_minus_group', 'ret_20_minus_group', 'group_xs_rank', 'group_dispersion']
2026-09-19 10:56:35,310 | WARNING | Predicting MAXHEALTH.NS with 4 NaN feature(s): ['ret_5_minus_group', 'ret_20_minus_group', 'group_xs_rank', 'group_dispersion']
2026-09-19 10:56:35,342 | WARNING | Predicting DRREDDY.NS with 4 NaN feature(s): ['ret_5_minus_group', 'ret_20_minus_group', 'group_xs_rank', 'group_dispersion']
2026-09-19 10:56:35,358 | WARNING | Predicting NESTLEIND.NS with 4 NaN feature(s): ['ret_5_minus_group', 'ret_20_minus_group', 'group_xs_rank', 'group_dispersion']
2026-09-19 10:56:35,365 | INFO | Generated 50 current predictions.
2026-09-19 11:27:47,772 | WARNING | Predicting BHARTIARTL.NS with 5 NaN feature(s): ['sector_dispersion', 'ret_5_minus_group', 'ret_20_minus_group', 'group_xs_rank', 'group_dispersion']
2026-09-19 11:27:47,805 | WARNING | Predicting ICICIBANK.NS with 4 NaN feature(s): ['ret_5_minus_group', 'ret_20_minus_group', 'group_xs_rank', 'group_dispersion']
2026-09-19 11:27:47,870 | WARNING | Predicting LT.NS with 5 NaN feature(s): ['sector_dispersion', 'ret_5_minus_group', 'ret_20_minus_group', 'group_xs_rank', 'group_dispersion']
2026-09-19 11:27:47,886 | WARNING | Predicting HINDUNILVR.NS with 4 NaN feature(s): ['ret_5_minus_group', 'ret_20_minus_group', 'group_xs_rank', 'group_dispersion']
2026-09-19 11:27:47,919 | WARNING | Predicting SUNPHARMA.NS with 4 NaN feature(s): ['ret_5_minus_group', 'ret_20_minus_group', 'group_xs_rank', 'group_dispersion']
2026-09-19 11:27:47,935 | WARNING | Predicting INFY.NS with 4 NaN feature(s): ['ret_5_minus_group', 'ret_20_minus_group', 'group_xs_rank', 'group_dispersion']
2026-09-19 11:27:47,950 | WARNING | Predicting KOTAKBANK.NS with 4 NaN feature(s): ['ret_5_minus_group', 'ret_20_minus_group', 'group_xs_rank', 'group_dispersion']
2026-09-19 11:27:47,999 | WARNING | Predicting MARUTI.NS with 4 NaN feature(s): ['ret_5_minus_group', 'ret_20_minus_group', 'group_xs_rank', 'group_dispersion']
2026-09-19 11:27:48,015 | WARNING | Predicting AXISBANK.NS with 4 NaN feature(s): ['ret_5_minus_group', 'ret_20_minus_group', 'group_xs_rank', 'group_dispersion']
2026-09-19 11:27:48,046 | WARNING | Predicting HCLTECH.NS with 4 NaN feature(s): ['ret_5_minus_group', 'ret_20_minus_group', 'group_xs_rank', 'group_dispersion']
2026-09-19 11:27:48,061 | WARNING | Predicting ITC.NS with 4 NaN feature(s): ['ret_5_minus_group', 'ret_20_minus_group', 'group_xs_rank', 'group_dispersion']
2026-09-19 11:27:48,095 | WARNING | Predicting NTPC.NS with 4 NaN feature(s): ['ret_5_minus_group', 'ret_20_minus_group', 'group_xs_rank', 'group_dispersion']
2026-09-19 11:27:48,124 | WARNING | Predicting ETERNAL.NS with 4 NaN feature(s): ['ret_5_minus_group', 'ret_20_minus_group', 'group_xs_rank', 'group_dispersion']
2026-09-19 11:27:48,140 | WARNING | Predicting JSWSTEEL.NS with 4 NaN feature(s): ['ret_5_minus_group', 'ret_20_minus_group', 'group_xs_rank', 'group_dispersion']
2026-09-19 11:27:48,188 | WARNING | Predicting BEL.NS with 5 NaN feature(s): ['sector_dispersion', 'ret_5_minus_group', 'ret_20_minus_group', 'group_xs_rank', 'group_dispersion']
2026-09-19 11:27:48,210 | WARNING | Predicting ONGC.NS with 4 NaN feature(s): ['ret_5_minus_group', 'ret_20_minus_group', 'group_xs_rank', 'group_dispersion']
2026-09-19 11:27:48,228 | WARNING | Predicting COALINDIA.NS with 4 NaN feature(s): ['ret_5_minus_group', 'ret_20_minus_group', 'group_xs_rank', 'group_dispersion']
2026-09-19 11:27:48,245 | WARNING | Predicting POWERGRID.NS with 4 NaN feature(s): ['ret_5_minus_group', 'ret_20_minus_group', 'group_xs_rank', 'group_dispersion']
2026-09-19 11:27:48,261 | WARNING | Predicting SHRIRAMFIN.NS with 4 NaN feature(s): ['ret_5_minus_group', 'ret_20_minus_group', 'group_xs_rank', 'group_dispersion']
2026-09-19 11:27:48,276 | WARNING | Predicting ASIANPAINT.NS with 4 NaN feature(s): ['ret_5_minus_group', 'ret_20_minus_group', 'group_xs_rank', 'group_dispersion']
2026-09-19 11:27:48,342 | WARNING | Predicting EICHERMOT.NS with 4 NaN feature(s): ['ret_5_minus_group', 'ret_20_minus_group', 'group_xs_rank', 'group_dispersion']
2026-09-19 11:27:48,357 | WARNING | Predicting INDIGO.NS with 4 NaN feature(s): ['ret_5_minus_group', 'ret_20_minus_group', 'group_xs_rank', 'group_dispersion']
2026-09-19 11:27:48,386 | WARNING | Predicting WIPRO.NS with 4 NaN feature(s): ['ret_5_minus_group', 'ret_20_minus_group', 'group_xs_rank', 'group_dispersion']
2026-09-19 11:27:48,455 | WARNING | Predicting APOLLOHOSP.NS with 4 NaN feature(s): ['ret_5_minus_group', 'ret_20_minus_group', 'group_xs_rank', 'group_dispersion']
2026-09-19 11:27:48,500 | WARNING | Predicting CIPLA.NS with 4 NaN feature(s): ['ret_5_minus_group', 'ret_20_minus_group', 'group_xs_rank', 'group_dispersion']
2026-09-19 11:27:48,515 | WARNING | Predicting MAXHEALTH.NS with 4 NaN feature(s): ['ret_5_minus_group', 'ret_20_minus_group', 'group_xs_rank', 'group_dispersion']
2026-09-19 11:27:48,546 | WARNING | Predicting DRREDDY.NS with 4 NaN feature(s): ['ret_5_minus_group', 'ret_20_minus_group', 'group_xs_rank', 'group_dispersion']
2026-09-19 11:27:48,561 | WARNING | Predicting NESTLEIND.NS with 4 NaN feature(s): ['ret_5_minus_group', 'ret_20_minus_group', 'group_xs_rank', 'group_dispersion']
2026-09-19 11:27:48,566 | INFO | Generated 50 current predictions.
2026-09-19 12:33:14,381 | WARNING | Predicting BHARTIARTL.NS with 5 NaN feature(s): ['sector_dispersion', 'ret_5_minus_group', 'ret_20_minus_group', 'group_xs_rank', 'group_dispersion']
2026-09-19 12:33:14,415 | WARNING | Predicting ICICIBANK.NS with 4 NaN feature(s): ['ret_5_minus_group', 'ret_20_minus_group', 'group_xs_rank', 'group_dispersion']
2026-09-19 12:33:14,475 | WARNING | Predicting LT.NS with 5 NaN feature(s): ['sector_dispersion', 'ret_5_minus_group', 'ret_20_minus_group', 'group_xs_rank', 'group_dispersion']
2026-09-19 12:33:14,490 | WARNING | Predicting HINDUNILVR.NS with 4 NaN feature(s): ['ret_5_minus_group', 'ret_20_minus_group', 'group_xs_rank', 'group_dispersion']
2026-09-19 12:33:14,527 | WARNING | Predicting SUNPHARMA.NS with 4 NaN feature(s): ['ret_5_minus_group', 'ret_20_minus_group', 'group_xs_rank', 'group_dispersion']
2026-09-19 12:33:14,543 | WARNING | Predicting INFY.NS with 4 NaN feature(s): ['ret_5_minus_group', 'ret_20_minus_group', 'group_xs_rank', 'group_dispersion']
2026-09-19 12:33:14,557 | WARNING | Predicting KOTAKBANK.NS with 4 NaN feature(s): ['ret_5_minus_group', 'ret_20_minus_group', 'group_xs_rank', 'group_dispersion']
2026-09-19 12:33:14,603 | WARNING | Predicting MARUTI.NS with 4 NaN feature(s): ['ret_5_minus_group', 'ret_20_minus_group', 'group_xs_rank', 'group_dispersion']
2026-09-19 12:33:14,618 | WARNING | Predicting AXISBANK.NS with 4 NaN feature(s): ['ret_5_minus_group', 'ret_20_minus_group', 'group_xs_rank', 'group_dispersion']
2026-09-19 12:33:14,633 | WARNING | Predicting M&M.NS with 1 NaN feature(s): ['days_since_last_ann']
2026-09-19 12:33:14,648 | WARNING | Predicting HCLTECH.NS with 4 NaN feature(s): ['ret_5_minus_group', 'ret_20_minus_group', 'group_xs_rank', 'group_dispersion']
2026-09-19 12:33:14,662 | WARNING | Predicting ITC.NS with 4 NaN feature(s): ['ret_5_minus_group', 'ret_20_minus_group', 'group_xs_rank', 'group_dispersion']
2026-09-19 12:33:14,693 | WARNING | Predicting NTPC.NS with 4 NaN feature(s): ['ret_5_minus_group', 'ret_20_minus_group', 'group_xs_rank', 'group_dispersion']
2026-09-19 12:33:14,722 | WARNING | Predicting ETERNAL.NS with 4 NaN feature(s): ['ret_5_minus_group', 'ret_20_minus_group', 'group_xs_rank', 'group_dispersion']
2026-09-19 12:33:14,736 | WARNING | Predicting JSWSTEEL.NS with 4 NaN feature(s): ['ret_5_minus_group', 'ret_20_minus_group', 'group_xs_rank', 'group_dispersion']
2026-09-19 12:33:14,773 | WARNING | Predicting BEL.NS with 5 NaN feature(s): ['sector_dispersion', 'ret_5_minus_group', 'ret_20_minus_group', 'group_xs_rank', 'group_dispersion']
2026-09-19 12:33:14,792 | WARNING | Predicting ONGC.NS with 4 NaN feature(s): ['ret_5_minus_group', 'ret_20_minus_group', 'group_xs_rank', 'group_dispersion']
2026-09-19 12:33:14,807 | WARNING | Predicting COALINDIA.NS with 4 NaN feature(s): ['ret_5_minus_group', 'ret_20_minus_group', 'group_xs_rank', 'group_dispersion']
2026-09-19 12:33:14,822 | WARNING | Predicting POWERGRID.NS with 4 NaN feature(s): ['ret_5_minus_group', 'ret_20_minus_group', 'group_xs_rank', 'group_dispersion']
2026-09-19 12:33:14,837 | WARNING | Predicting SHRIRAMFIN.NS with 4 NaN feature(s): ['ret_5_minus_group', 'ret_20_minus_group', 'group_xs_rank', 'group_dispersion']
2026-09-19 12:33:14,852 | WARNING | Predicting ASIANPAINT.NS with 4 NaN feature(s): ['ret_5_minus_group', 'ret_20_minus_group', 'group_xs_rank', 'group_dispersion']
2026-09-19 12:33:14,913 | WARNING | Predicting EICHERMOT.NS with 4 NaN feature(s): ['ret_5_minus_group', 'ret_20_minus_group', 'group_xs_rank', 'group_dispersion']
2026-09-19 12:33:14,927 | WARNING | Predicting INDIGO.NS with 4 NaN feature(s): ['ret_5_minus_group', 'ret_20_minus_group', 'group_xs_rank', 'group_dispersion']
2026-09-19 12:33:14,957 | WARNING | Predicting WIPRO.NS with 4 NaN feature(s): ['ret_5_minus_group', 'ret_20_minus_group', 'group_xs_rank', 'group_dispersion']
2026-09-19 12:33:15,015 | WARNING | Predicting APOLLOHOSP.NS with 4 NaN feature(s): ['ret_5_minus_group', 'ret_20_minus_group', 'group_xs_rank', 'group_dispersion']
2026-09-19 12:33:15,058 | WARNING | Predicting CIPLA.NS with 4 NaN feature(s): ['ret_5_minus_group', 'ret_20_minus_group', 'group_xs_rank', 'group_dispersion']
2026-09-19 12:33:15,072 | WARNING | Predicting MAXHEALTH.NS with 4 NaN feature(s): ['ret_5_minus_group', 'ret_20_minus_group', 'group_xs_rank', 'group_dispersion']
2026-09-19 12:33:15,102 | WARNING | Predicting DRREDDY.NS with 4 NaN feature(s): ['ret_5_minus_group', 'ret_20_minus_group', 'group_xs_rank', 'group_dispersion']
2026-09-19 12:33:15,117 | WARNING | Predicting NESTLEIND.NS with 4 NaN feature(s): ['ret_5_minus_group', 'ret_20_minus_group', 'group_xs_rank', 'group_dispersion']
2026-09-19 12:33:15,122 | INFO | Generated 50 current predictions.
